Archive member included to satisfy reference by file (symbol)

C:/nxp/MCUXpressoIDE_24.12.148/ide/plugins/com.nxp.mcuxpresso.tools.win32_24.12.0.202407110909/tools/bin/../lib/gcc/arm-none-eabi/13.2.1/../../../../arm-none-eabi/lib/thumb/v8-m.main+fp/hard\libcr_nohost_nf.a(_cr__main.o)
                              ./startup/startup_rw612.o (__main)
C:/nxp/MCUXpressoIDE_24.12.148/ide/plugins/com.nxp.mcuxpresso.tools.win32_24.12.0.202407110909/tools/bin/../lib/gcc/arm-none-eabi/13.2.1/../../../../arm-none-eabi/lib/thumb/v8-m.main+fp/hard\libcr_c.a(memset.o)
                              ./drivers/fsl_cache.o (memset)
C:/nxp/MCUXpressoIDE_24.12.148/ide/plugins/com.nxp.mcuxpresso.tools.win32_24.12.0.202407110909/tools/bin/../lib/gcc/arm-none-eabi/13.2.1/../../../../arm-none-eabi/lib/thumb/v8-m.main+fp/hard\libcr_c.a(alloc.o)
                              ./drivers/fsl_common.o (malloc)
C:/nxp/MCUXpressoIDE_24.12.148/ide/plugins/com.nxp.mcuxpresso.tools.win32_24.12.0.202407110909/tools/bin/../lib/gcc/arm-none-eabi/13.2.1/../../../../arm-none-eabi/lib/thumb/v8-m.main+fp/hard\libcr_c.a(errno.o)
                              ./utilities/fsl_str.o (errno)
C:/nxp/MCUXpressoIDE_24.12.148/ide/plugins/com.nxp.mcuxpresso.tools.win32_24.12.0.202407110909/tools/bin/../lib/gcc/arm-none-eabi/13.2.1/../../../../arm-none-eabi/lib/thumb/v8-m.main+fp/hard\libcr_c.a(initio.o)
                              C:/nxp/MCUXpressoIDE_24.12.148/ide/plugins/com.nxp.mcuxpresso.tools.win32_24.12.0.202407110909/tools/bin/../lib/gcc/arm-none-eabi/13.2.1/../../../../arm-none-eabi/lib/thumb/v8-m.main+fp/hard\libcr_nohost_nf.a(_cr__main.o) (_initio)
C:/nxp/MCUXpressoIDE_24.12.148/ide/plugins/com.nxp.mcuxpresso.tools.win32_24.12.0.202407110909/tools/bin/../lib/gcc/arm-none-eabi/13.2.1/../../../../arm-none-eabi/lib/thumb/v8-m.main+fp/hard\libcr_c.a(scanf.o)
                              ./utilities/fsl_str.o (strtoul)
C:/nxp/MCUXpressoIDE_24.12.148/ide/plugins/com.nxp.mcuxpresso.tools.win32_24.12.0.202407110909/tools/bin/../lib/gcc/arm-none-eabi/13.2.1/../../../../arm-none-eabi/lib/thumb/v8-m.main+fp/hard\libcr_c.a(setvbuf.o)
                              C:/nxp/MCUXpressoIDE_24.12.148/ide/plugins/com.nxp.mcuxpresso.tools.win32_24.12.0.202407110909/tools/bin/../lib/gcc/arm-none-eabi/13.2.1/../../../../arm-none-eabi/lib/thumb/v8-m.main+fp/hard\libcr_c.a(initio.o) (setvbuf)
C:/nxp/MCUXpressoIDE_24.12.148/ide/plugins/com.nxp.mcuxpresso.tools.win32_24.12.0.202407110909/tools/bin/../lib/gcc/arm-none-eabi/13.2.1/../../../../arm-none-eabi/lib/thumb/v8-m.main+fp/hard\libcr_c.a(strlen.o)
                              ./utilities/fsl_debug_console.o (strlen)
C:/nxp/MCUXpressoIDE_24.12.148/ide/plugins/com.nxp.mcuxpresso.tools.win32_24.12.0.202407110909/tools/bin/../lib/gcc/arm-none-eabi/13.2.1/../../../../arm-none-eabi/lib/thumb/v8-m.main+fp/hard\libcr_c.a(ungetc.o)
                              C:/nxp/MCUXpressoIDE_24.12.148/ide/plugins/com.nxp.mcuxpresso.tools.win32_24.12.0.202407110909/tools/bin/../lib/gcc/arm-none-eabi/13.2.1/../../../../arm-none-eabi/lib/thumb/v8-m.main+fp/hard\libcr_c.a(scanf.o) (ungetc)
C:/nxp/MCUXpressoIDE_24.12.148/ide/plugins/com.nxp.mcuxpresso.tools.win32_24.12.0.202407110909/tools/bin/../lib/gcc/arm-none-eabi/13.2.1/../../../../arm-none-eabi/lib/thumb/v8-m.main+fp/hard\libcr_c.a(__fillbuf.o)
                              C:/nxp/MCUXpressoIDE_24.12.148/ide/plugins/com.nxp.mcuxpresso.tools.win32_24.12.0.202407110909/tools/bin/../lib/gcc/arm-none-eabi/13.2.1/../../../../arm-none-eabi/lib/thumb/v8-m.main+fp/hard\libcr_c.a(scanf.o) (__filbuf)
C:/nxp/MCUXpressoIDE_24.12.148/ide/plugins/com.nxp.mcuxpresso.tools.win32_24.12.0.202407110909/tools/bin/../lib/gcc/arm-none-eabi/13.2.1/../../../../arm-none-eabi/lib/thumb/v8-m.main+fp/hard\libcr_c.a(__init_alloc.o)
                              C:/nxp/MCUXpressoIDE_24.12.148/ide/plugins/com.nxp.mcuxpresso.tools.win32_24.12.0.202407110909/tools/bin/../lib/gcc/arm-none-eabi/13.2.1/../../../../arm-none-eabi/lib/thumb/v8-m.main+fp/hard\libcr_c.a(alloc.o) (__heaps)
C:/nxp/MCUXpressoIDE_24.12.148/ide/plugins/com.nxp.mcuxpresso.tools.win32_24.12.0.202407110909/tools/bin/../lib/gcc/arm-none-eabi/13.2.1/../../../../arm-none-eabi/lib/thumb/v8-m.main+fp/hard\libcr_c.a(_cr_sbrk.o)
                              C:/nxp/MCUXpressoIDE_24.12.148/ide/plugins/com.nxp.mcuxpresso.tools.win32_24.12.0.202407110909/tools/bin/../lib/gcc/arm-none-eabi/13.2.1/../../../../arm-none-eabi/lib/thumb/v8-m.main+fp/hard\libcr_c.a(alloc.o) (_sbrk)
C:/nxp/MCUXpressoIDE_24.12.148/ide/plugins/com.nxp.mcuxpresso.tools.win32_24.12.0.202407110909/tools/bin/../lib/gcc/arm-none-eabi/13.2.1/../../../../arm-none-eabi/lib/thumb/v8-m.main+fp/hard\libcr_c.a(_deferredlazyseek.o)
                              C:/nxp/MCUXpressoIDE_24.12.148/ide/plugins/com.nxp.mcuxpresso.tools.win32_24.12.0.202407110909/tools/bin/../lib/gcc/arm-none-eabi/13.2.1/../../../../arm-none-eabi/lib/thumb/v8-m.main+fp/hard\libcr_c.a(__fillbuf.o) (_deferredlazyseek)
[...]
Memory Configuration

Name             Origin             Length             Attributes
QSPI_FLASH       0x08000000         0x00800000         xr
SRAM             0x20000000         0x00130000         xrw
*default*        0x00000000         0xffffffff

Linker script and memory map

LOAD ./utilities/fsl_assert.o
LOAD ./utilities/fsl_debug_console.o
LOAD ./utilities/fsl_memcpy.o
LOAD ./utilities/fsl_str.o
LOAD ./startup/startup_rw612.o
LOAD ./source/semihost_hardfault.o
LOAD ./source/usart_interrupt.o
LOAD ./flash_config/flash_config.o
LOAD ./drivers/fsl_cache.o
LOAD ./drivers/fsl_clock.o
LOAD ./drivers/fsl_common.o
LOAD ./drivers/fsl_common_arm.o
LOAD ./drivers/fsl_flexcomm.o
LOAD ./drivers/fsl_flexspi.o
LOAD ./drivers/fsl_gpio.o
LOAD ./drivers/fsl_inputmux.o
LOAD ./drivers/fsl_ocotp.o
LOAD ./drivers/fsl_power.o
LOAD ./drivers/fsl_reset.o
LOAD ./drivers/fsl_usart.o
LOAD ./device/system_RW612.o
LOAD ./component/uart/fsl_adapter_usart.o
LOAD ./component/els_pkc/src/comps/mcuxCsslParamIntegrity/src/mcuxCsslParamIntegrity.o
LOAD ./component/els_pkc/src/comps/mcuxCsslMemory/src/mcuxCsslMemory_Clear.o
LOAD ./component/els_pkc/src/comps/mcuxCsslMemory/src/mcuxCsslMemory_Compare.o
LOAD ./component/els_pkc/src/comps/mcuxCsslMemory/src/mcuxCsslMemory_Copy.o
LOAD ./component/els_pkc/src/comps/mcuxCsslMemory/src/mcuxCsslMemory_Internal_SecureCompare_Stub.o
LOAD ./component/els_pkc/src/comps/mcuxCsslMemory/src/mcuxCsslMemory_Set.o
LOAD ./component/els_pkc/src/comps/mcuxClMemory/src/mcuxClMemory.o
LOAD ./component/els_pkc/src/comps/mcuxClEls/src/mcuxClEls_Common.o
LOAD ./component/els_pkc/src/comps/mcuxClEls/src/mcuxClEls_GlitchDetector.o
LOAD ./component/els_pkc/src/comps/mcuxClBuffer/src/mcuxClBuffer.o
LOAD ./board/board.o
LOAD ./board/clock_config.o
LOAD ./board/pin_mux.o
START GROUP
LOAD C:/nxp/MCUXpressoIDE_24.12.148/ide/plugins/com.nxp.mcuxpresso.tools.win32_24.12.0.202407110909/tools/bin/../lib/gcc/arm-none-eabi/13.2.1/../../../../arm-none-eabi/lib/thumb/v8-m.main+fp/hard\libcr_nohost_nf.a
LOAD C:/nxp/MCUXpressoIDE_24.12.148/ide/plugins/com.nxp.mcuxpresso.tools.win32_24.12.0.202407110909/tools/bin/../lib/gcc/arm-none-eabi/13.2.1/../../../../arm-none-eabi/lib/thumb/v8-m.main+fp/hard\libcr_c.a
LOAD C:/nxp/MCUXpressoIDE_24.12.148/ide/plugins/com.nxp.mcuxpresso.tools.win32_24.12.0.202407110909/tools/bin/../lib/gcc/arm-none-eabi/13.2.1/thumb/v8-m.main+fp/hard\libcr_eabihelpers.a
LOAD C:/nxp/MCUXpressoIDE_24.12.148/ide/plugins/com.nxp.mcuxpresso.tools.win32_24.12.0.202407110909/tools/bin/../lib/gcc/arm-none-eabi/13.2.1/thumb/v8-m.main+fp/hard\libgcc.a
END GROUP
                0x08000000                        __base_QSPI_FLASH = 0x8000000
                0x08000000                        __base_Flash = 0x8000000
                0x08800000                        __top_QSPI_FLASH = 0x8800000
                0x08800000                        __top_Flash = 0x8800000
                0x20000000                        __base_SRAM = 0x20000000
                0x20000000                        __base_RAM = 0x20000000
                0x20130000                        __top_SRAM = 0x20130000
                0x20130000                        __top_RAM = 0x20130000

.boot_hdr       0x08000000     0x1000
 FILL mask 0xff
                0x00000400                        . = 0x400
 *fill*         0x08000000      0x400 ff
                0x08000400                        __FLASH_BASE = .
 *(SORT_BY_ALIGNMENT(.flash_conf))
 .flash_conf    0x08000400      0xc00 ./flash_config/flash_config.o
                0x08000400                flexspi_config
                0x00001000                        . = 0x1000

.text           0x08001000     0x5e58
 FILL mask 0xff
                0x08001000                        __vectors_start__ = ABSOLUTE (.)
 *(SORT_BY_ALIGNMENT(.isr_vector))
 .isr_vector    0x08001000      0x244 ./startup/startup_rw612.o
                0x08001000                g_pfnVectors
                0x08001000                __Vectors
                0x08001244                        . = ALIGN (0x4)
                0x08001244                        __section_table_start = .
                0x08001244                        __data_section_table = .
                0x08001244        0x4 LONG 0x8006e58 LOADADDR (.data)
                0x08001248        0x4 LONG 0x20000000 ADDR (.data)
                0x0800124c        0x4 LONG 0xc28 SIZEOF (.data)
                0x08001250                        __data_section_table_end = .
                0x08001250                        __bss_section_table = .
                0x08001250        0x4 LONG 0x20000c28 ADDR (.bss)
                0x08001254        0x4 LONG 0x270 SIZEOF (.bss)
                0x08001258                        __bss_section_table_end = .
                0x08001258                        __section_table_end = .
 *(SORT_BY_ALIGNMENT(.after_vectors*))
 .after_vectors.reset
                0x08001258       0x68 ./startup/startup_rw612.o
                0x08001258                ResetISR
 .after_vectors.init_data
                0x080012c0       0x1e ./startup/startup_rw612.o
                0x080012c0                data_init
 .after_vectors.init_bss
                0x080012de       0x12 ./startup/startup_rw612.o
                0x080012de                bss_init
 .after_vectors
                0x080012f0       0x16 ./startup/startup_rw612.o
                0x080012f0                NMI_Handler
                0x080012f4                MemManage_Handler
                0x080012f6                BusFault_Handler
                0x080012f8                UsageFault_Handler
                0x080012fa                SecureFault_Handler
                0x080012fc                SVC_Handler
                0x080012fe                DebugMon_Handler
                0x08001300                PendSV_Handler
                0x08001302                SysTick_Handler
                0x08001304                Reserved75_DriverIRQHandler
                0x08001304                GAU_ACOMP_WKUP_DriverIRQHandler
                0x08001304                SGPIO_INTA_DriverIRQHandler
                0x08001304                B2MWKUP0_DriverIRQHandler
                0x08001304                DMA0_DriverIRQHandler
                0x08001304                B2MWKUP_DONE2_DriverIRQHandler
                0x08001304                PKC_ERR_DriverIRQHandler
                0x08001304                BLE_MCI_INT7_DriverIRQHandler
                0x08001304                BLE_MCI_INT3_DriverIRQHandler
                0x08001304                BLE_MCI_INT5_DriverIRQHandler
                0x08001304                B2MWKUP_DONE0_DriverIRQHandler
                0x08001304                HWVAD_DriverIRQHandler
                0x08001304                USIM_DriverIRQHandler
                0x08001304                WKDEEPSLEEP_DriverIRQHandler
                0x08001304                B2MWKUP_DONE3_DriverIRQHandler
                0x08001304                Reserved73_DriverIRQHandler
                0x08001304                WL_MCI_INT5_DriverIRQHandler
                0x08001304                ENET_TIMER_DriverIRQHandler
                0x08001304                PIN_INT3_DriverIRQHandler
                0x08001304                PIN_INT2_DriverIRQHandler
                0x08001304                ELS_DriverIRQHandler
                0x08001304                OTP_DriverIRQHandler
                0x08001304                GPIO_INTB_DriverIRQHandler
                0x08001304                TRNG_DriverIRQHandler
                0x08001304                ACC_C_INT_DriverIRQHandler
                0x08001304                PIN_INT0_DriverIRQHandler
                0x08001304                GFMRT_DriverIRQHandler
                0x08001304                Reserved76_DriverIRQHandler
                0x08001304                CTIMER2_DriverIRQHandler
                0x08001304                Reserved69_DriverIRQHandler
                0x08001304                WL_MCI_INT3_DriverIRQHandler
                0x08001304                SECUREVIOLATION_DriverIRQHandler
                0x08001304                BACC_DriverIRQHandler
                0x08001304                Reserved34_DriverIRQHandler
                0x08001304                IntDefaultHandler
                0x08001304                Reserved138_DriverIRQHandler
                0x08001304                Reserved136_DriverIRQHandler
                0x08001304                Reserved67_DriverIRQHandler
                0x08001304                W2MWKUP_DONE7_DriverIRQHandler
                0x08001304                W2MWKUP1_DriverIRQHandler
                0x08001304                W2MWKUP_DONE4_DriverIRQHandler
                0x08001304                WL_MCI_INT1_DriverIRQHandler
                0x08001304                B2MWKUP_DONE7_DriverIRQHandler
                0x08001304                PIN_INT4_DriverIRQHandler
                0x08001304                PIN_INT5_DriverIRQHandler
                0x08001304                PIN0_INT_DriverIRQHandler
                0x08001304                ENET_DriverIRQHandler
                0x08001304                Reserved47_DriverIRQHandler
                0x08001304                GAU_ADC0_DriverIRQHandler
                0x08001304                CTIMER4_DriverIRQHandler
                0x08001304                WL_MCI_INT0_DriverIRQHandler
                0x08001304                PIN_INT7_DriverIRQHandler
                0x08001304                GDMA_DriverIRQHandler
                0x08001304                BLE_MCI_INT1_DriverIRQHandler
                0x08001304                OS_EVENT_TIMER_DriverIRQHandler
                0x08001304                Reserved38_DriverIRQHandler
                0x08001304                POWERQUAD_DriverIRQHandler
                0x08001304                ELS_GDET_DriverIRQHandler
                0x08001304                Reserved35_DriverIRQHandler
                0x08001304                CTIMER0_DriverIRQHandler
                0x08001304                Reserved79_DriverIRQHandler
                0x08001304                MRT_DriverIRQHandler
                0x08001304                BLE_MCI_INT6_DriverIRQHandler
                0x08001304                CTIMER1_DriverIRQHandler
                0x08001304                PIN1_INT_DriverIRQHandler
                0x08001304                PIN_INT6_DriverIRQHandler
                0x08001304                W2MWKUP_DONE6_DriverIRQHandler
                0x08001304                SGPIO_INTB_DriverIRQHandler
                0x08001304                ACC_S_INT_DriverIRQHandler
                0x08001304                PMIP_CHANGE_DriverIRQHandler
                0x08001304                PIN_INT1_DriverIRQHandler
                0x08001304                W2MWKUP0_DriverIRQHandler
                0x08001304                CTIMER3_DriverIRQHandler
                0x08001304                W2MWKUP_DONE0_DriverIRQHandler
                0x08001304                Reserved74_DriverIRQHandler
                0x08001304                PKC_INT_DriverIRQHandler
                0x08001304                GPIO_INTA_DriverIRQHandler
                0x08001304                Reserved61_DriverIRQHandler
                0x08001304                WL_MCI_INT2_DriverIRQHandler
                0x08001304                PUF_DriverIRQHandler
                0x08001304                GAU_ACOMP_DriverIRQHandler
                0x08001304                Reserved40_DriverIRQHandler
                0x08001304                RTC_DriverIRQHandler
                0x08001304                WACC_DriverIRQHandler
                0x08001304                Reserved65_DriverIRQHandler
                0x08001304                LCD_DriverIRQHandler
                0x08001304                B2MWKUP1_DriverIRQHandler
                0x08001304                W2MWKUP_DONE1_DriverIRQHandler
                0x08001304                BLE_MCI_INT4_DriverIRQHandler
                0x08001304                PMIP_DriverIRQHandler
                0x08001304                BLE_MCI_INT2_DriverIRQHandler
                0x08001304                GAU_DAC_DriverIRQHandler
                0x08001304                Reserved60_DriverIRQHandler
                0x08001304                WL_MCI_INT4_DriverIRQHandler
                0x08001304                Reserved49_DriverIRQHandler
                0x08001304                DMIC_DriverIRQHandler
                0x08001304                DMA1_DriverIRQHandler
                0x08001304                Reserved137_DriverIRQHandler
                0x08001304                B2MWKUP_DONE4_DriverIRQHandler
                0x08001304                B2MWKUP_DONE1_DriverIRQHandler
                0x08001304                GAU_ADC1_DriverIRQHandler
                0x08001304                BLE_MCI_INT0_DriverIRQHandler
                0x08001304                ELS_GDET_UM_DriverIRQHandler
                0x08001304                WL_MCI_INT7_DriverIRQHandler
                0x08001304                UTICK_DriverIRQHandler
                0x08001304                W2MWKUP_DONE2_DriverIRQHandler
                0x08001304                B2MWKUP_DONE6_DriverIRQHandler
                0x08001304                WDT0_DriverIRQHandler
                0x08001304                Reserved68_DriverIRQHandler
                0x08001304                Reserved59_DriverIRQHandler
                0x08001304                SDIO_DriverIRQHandler
                0x08001304                WL_MCI_INT6_DriverIRQHandler
                0x08001304                W2MWKUP_DONE3_DriverIRQHandler
                0x08001304                B2MWKUP_DONE5_DriverIRQHandler
                0x08001304                CDOG_INT_DriverIRQHandler
                0x08001304                Reserved46_DriverIRQHandler
                0x08001304                Reserved37_DriverIRQHandler
                0x08001304                SCT0_DriverIRQHandler
                0x08001304                HYPERVISOR_DriverIRQHandler
                0x08001304                ITRC_DriverIRQHandler
                0x08001304                Reserved50_DriverIRQHandler
                0x08001304                W2MWKUP_DONE5_DriverIRQHandler
                0x08001304                USB_DriverIRQHandler
 *(SORT_BY_ALIGNMENT(.text*))
 *fill*         0x08001306        0x2 ff
 .text.__assertion_failed
                0x08001308       0x2c ./utilities/fsl_assert.o
                0x08001308                __assertion_failed
 .text.DbgConsole_Init
                0x08001334       0x88 ./utilities/fsl_debug_console.o
                0x08001334                DbgConsole_Init
 .text.DbgConsole_Vprintf
                0x080013bc       0x3c ./utilities/fsl_debug_console.o
                0x080013bc                DbgConsole_Vprintf
 .text.DbgConsole_Putchar
                0x080013f8       0x30 ./utilities/fsl_debug_console.o
                0x080013f8                DbgConsole_Putchar
 .text.DbgConsole_PrintfFormattedData
                0x08001428      0x3e0 ./utilities/fsl_debug_console.o
 .text          0x08001808       0xa0 ./utilities/fsl_memcpy.o
                0x08001808                memcpy
 .text.__NVIC_EnableIRQ
                0x080018a8       0x3c ./source/usart_interrupt.o
 .text.USART_EnableInterrupts
                0x080018e4       0x48 ./source/usart_interrupt.o
 .text.FLEXCOMM3_IRQHandler
                0x0800192c       0x84 ./source/usart_interrupt.o
                0x0800192c                FLEXCOMM3_IRQHandler
 .text.main     0x080019b0       0xbc ./source/usart_interrupt.o
                0x080019b0                main
 .text.CLOCK_GetSysOscFreq
                0x08001a6c       0x54 ./drivers/fsl_clock.o
 .text.CLOCK_GetMclkInClkFreq
                0x08001ac0       0x18 ./drivers/fsl_clock.o
 .text.CLOCK_GetLpOscFreq
                0x08001ad8       0x30 ./drivers/fsl_clock.o
 .text.CLOCK_DelayUs
                0x08001b08       0x4c ./drivers/fsl_clock.o
 .text.CLOCK_GetT3PllMciIrcClkFreq
                0x08001b54       0x58 ./drivers/fsl_clock.o
                0x08001b54                CLOCK_GetT3PllMciIrcClkFreq
 .text.CLOCK_GetT3PllMci256mClkFreq
                0x08001bac       0x1c ./drivers/fsl_clock.o
                0x08001bac                CLOCK_GetT3PllMci256mClkFreq
 .text.CLOCK_GetTcpuFvcoFreq
                0x08001bc8       0xa4 ./drivers/fsl_clock.o
 .text.CLOCK_GetTcpuMciClkFreq
                0x08001c6c       0x24 ./drivers/fsl_clock.o
                0x08001c6c                CLOCK_GetTcpuMciClkFreq
 .text.CLOCK_EnableClock
                0x08001c90      0x118 ./drivers/fsl_clock.o
                0x08001c90                CLOCK_EnableClock
 .text.CLOCK_DisableClock
                0x08001da8      0x104 ./drivers/fsl_clock.o
                0x08001da8                CLOCK_DisableClock
 .text.CLOCK_AttachClk
                0x08001eac       0xf4 ./drivers/fsl_clock.o
                0x08001eac                CLOCK_AttachClk
 .text.CLOCK_GetAvPllCh1Freq
                0x08001fa0       0x5c ./drivers/fsl_clock.o
                0x08001fa0                CLOCK_GetAvPllCh1Freq
 .text.CLOCK_GetMainPllClkFreq
                0x08001ffc       0x20 ./drivers/fsl_clock.o
 .text.CLOCK_GetAudioPllClkFreq
                0x0800201c       0x20 ./drivers/fsl_clock.o
 .text.CLOCK_GetMainClkFreq
                0x0800203c       0xac ./drivers/fsl_clock.o
                0x0800203c                CLOCK_GetMainClkFreq
 .text.CLOCK_GetFRGClock
                0x080020e8      0x148 ./drivers/fsl_clock.o
                0x080020e8                CLOCK_GetFRGClock
 .text.CLOCK_SetFRGClock
                0x08002230       0xa4 ./drivers/fsl_clock.o
                0x08002230                CLOCK_SetFRGClock
 .text.CLOCK_GetFlexCommClkFreq
                0x080022d4       0xa4 ./drivers/fsl_clock.o
                0x080022d4                CLOCK_GetFlexCommClkFreq
 .text.CLOCK_CfgTcpuRefClk
                0x08002378      0x114 ./drivers/fsl_clock.o
 .text.CLOCK_InitTcpuRefClk
                0x0800248c       0x64 ./drivers/fsl_clock.o
                0x0800248c                CLOCK_InitTcpuRefClk
 .text.CLOCK_DeinitTcpuRefClk
                0x080024f0       0x40 ./drivers/fsl_clock.o
                0x080024f0                CLOCK_DeinitTcpuRefClk
 .text.CLOCK_InitTddrRefClk
                0x08002530       0x70 ./drivers/fsl_clock.o
                0x08002530                CLOCK_InitTddrRefClk
 .text.CLOCK_DeinitTddrRefClk
                0x080025a0       0x40 ./drivers/fsl_clock.o
                0x080025a0                CLOCK_DeinitTddrRefClk
 .text.CLOCK_InitT3RefClk
                0x080025e0       0x68 ./drivers/fsl_clock.o
                0x080025e0                CLOCK_InitT3RefClk
 .text.CLOCK_DeinitT3RefClk
                0x08002648       0x38 ./drivers/fsl_clock.o
                0x08002648                CLOCK_DeinitT3RefClk
 .text.CLOCK_ConfigAvPll
                0x08002680       0xf4 ./drivers/fsl_clock.o
 .text.CLOCK_ConfigAvPllCh1
                0x08002774       0x84 ./drivers/fsl_clock.o
 .text.CLOCK_ConfigAvPllCh2
                0x080027f8       0x64 ./drivers/fsl_clock.o
 .text.CLOCK_PowerUpAnaGrp
                0x0800285c       0x34 ./drivers/fsl_clock.o
 .text.CLOCK_PowerDownAnaGrp
                0x08002890       0x30 ./drivers/fsl_clock.o
 .text.CLOCK_EnableAvPllCh
                0x080028c0      0x154 ./drivers/fsl_clock.o
                0x080028c0                CLOCK_EnableAvPllCh
 .text.CLOCK_DisableAvPllCh
                0x08002a14       0x60 ./drivers/fsl_clock.o
                0x08002a14                CLOCK_DisableAvPllCh
 .text.CLOCK_InitAvPll
                0x08002a74       0x88 ./drivers/fsl_clock.o
                0x08002a74                CLOCK_InitAvPll
 .text.CLOCK_DeinitAvPll
                0x08002afc       0x54 ./drivers/fsl_clock.o
                0x08002afc                CLOCK_DeinitAvPll
 .text.SDK_DelayAtLeastUs
                0x08002b50       0x8c ./drivers/fsl_common_arm.o
                0x08002b50                SDK_DelayAtLeastUs
 .text.FLEXCOMM_GetInstance
                0x08002bdc       0x4c ./drivers/fsl_flexcomm.o
                0x08002bdc                FLEXCOMM_GetInstance
 .text.FLEXCOMM_Init
                0x08002c28       0x50 ./drivers/fsl_flexcomm.o
                0x08002c28                FLEXCOMM_Init
 .text.FLEXCOMM0_DriverIRQHandler
                0x08002c78       0x5c ./drivers/fsl_flexcomm.o
                0x08002c78                FLEXCOMM0_DriverIRQHandler
 .text.FLEXCOMM1_DriverIRQHandler
                0x08002cd4       0x5c ./drivers/fsl_flexcomm.o
                0x08002cd4                FLEXCOMM1_DriverIRQHandler
 .text.FLEXCOMM2_DriverIRQHandler
                0x08002d30       0x5c ./drivers/fsl_flexcomm.o
                0x08002d30                FLEXCOMM2_DriverIRQHandler
 .text.FLEXCOMM14_DriverIRQHandler
                0x08002d8c       0x5c ./drivers/fsl_flexcomm.o
                0x08002d8c                FLEXCOMM14_DriverIRQHandler
 .text.FLEXSPI_DriverIRQHandler
                0x08002de8       0x24 ./drivers/fsl_flexspi.o
                0x08002de8                FLEXSPI_DriverIRQHandler
 .text.otp_get_nonmask_status_result
                0x08002e0c       0x60 ./drivers/fsl_ocotp.o
 .text.otp_wait_busy
                0x08002e6c       0x50 ./drivers/fsl_ocotp.o
 .text.otp_clear_status
                0x08002ebc       0x28 ./drivers/fsl_ocotp.o
 .text.OCOTP_OtpInit
                0x08002ee4       0x34 ./drivers/fsl_ocotp.o
                0x08002ee4                OCOTP_OtpInit
 .text.OCOTP_OtpDeinit
                0x08002f18       0x44 ./drivers/fsl_ocotp.o
                0x08002f18                OCOTP_OtpDeinit
 .text.OCOTP_OtpFuseRead
                0x08002f5c       0x74 ./drivers/fsl_ocotp.o
                0x08002f5c                OCOTP_OtpFuseRead
 .text.soc_otp_read
                0x08002fd0      0x120 ./drivers/fsl_ocotp.o
 .text.OCOTP_ReadSVC
                0x080030f0       0x34 ./drivers/fsl_ocotp.o
                0x080030f0                OCOTP_ReadSVC
 .text.OCOTP_ReadPackage
                0x08003124       0x58 ./drivers/fsl_ocotp.o
                0x08003124                OCOTP_ReadPackage
 .text.__NVIC_SetPriorityGrouping
                0x0800317c       0x48 ./drivers/fsl_power.o
 .text.__NVIC_GetPriorityGrouping
                0x080031c4       0x1c ./drivers/fsl_power.o
 .text.POWER_GetThresholdParams
                0x080031e0      0x124 ./drivers/fsl_power.o
 .text.POWER_SaveNvicState
                0x08003304      0x140 ./drivers/fsl_power.o
 .text.POWER_RestoreNvicState
                0x08003444      0x11c ./drivers/fsl_power.o
 .text.CAPTIMER_DriverIRQHandler
                0x08003560       0x34 ./drivers/fsl_power.o
                0x08003560                CAPTIMER_DriverIRQHandler
 .text.POWER_EnableWakeup
                0x08003594      0x1d4 ./drivers/fsl_power.o
                0x08003594                POWER_EnableWakeup
 .text.POWER_InitVSensorThreshold
                0x08003768      0x1f0 ./drivers/fsl_power.o
 .text.Power_InitLoadGdetCfg
                0x08003958       0x70 ./drivers/fsl_power.o
                0x08003958                Power_InitLoadGdetCfg
 .text.POWER_InitVoltage
                0x080039c8       0x94 ./drivers/fsl_power.o
                0x080039c8                POWER_InitVoltage
 .text.POWER_TrimSvc
                0x08003a5c      0x138 ./drivers/fsl_power.o
                0x08003a5c                POWER_TrimSvc
 .text.RESET_SetPeripheralReset
                0x08003b94       0xf8 ./drivers/fsl_reset.o
                0x08003b94                RESET_SetPeripheralReset
 .text.RESET_ClearPeripheralReset
                0x08003c8c      0x104 ./drivers/fsl_reset.o
                0x08003c8c                RESET_ClearPeripheralReset
 .text.USART_Init
                0x08003d90      0x1cc ./drivers/fsl_usart.o
                0x08003d90                USART_Init
 .text.USART_GetDefaultConfig
                0x08003f5c       0x80 ./drivers/fsl_usart.o
                0x08003f5c                USART_GetDefaultConfig
 .text.USART_SetBaudRate
                0x08003fdc      0x18c ./drivers/fsl_usart.o
                0x08003fdc                USART_SetBaudRate
 .text.USART_WriteBlocking
                0x08004168       0x8c ./drivers/fsl_usart.o
                0x08004168                USART_WriteBlocking
 .text.USART_ReadBlocking
                0x080041f4      0x104 ./drivers/fsl_usart.o
                0x080041f4                USART_ReadBlocking
 .text.SystemInit
                0x080042f8       0xc4 ./device/system_RW612.o
                0x080042f8                SystemInit
 .text.getT3PllMciIrcClkFreq
                0x080043bc       0x50 ./device/system_RW612.o
 .text.getTcpuFvcoFreq
                0x0800440c       0x9c ./device/system_RW612.o
 .text.getT3PllMci256mClkFreq
                0x080044a8       0x1c ./device/system_RW612.o
 .text.getTcpuMciClkFreq
                0x080044c4       0x24 ./device/system_RW612.o
 .text.getSysOscFreq
                0x080044e8       0x48 ./device/system_RW612.o
 .text.getLpOscFreq
                0x08004530       0x30 ./device/system_RW612.o
 .text.getMainPllClkFreq
                0x08004560       0x20 ./device/system_RW612.o
 .text.SystemCoreClockUpdate
                0x08004580       0xc4 ./device/system_RW612.o
                0x08004580                SystemCoreClockUpdate
 .text.HAL_UartInitCommon
                0x08004644      0x110 ./component/uart/fsl_adapter_usart.o
 .text.HAL_UartReceiveBlocking
                0x08004754       0x6c ./component/uart/fsl_adapter_usart.o
                0x08004754                HAL_UartReceiveBlocking
 .text.HAL_UartSendBlocking
                0x080047c0       0x64 ./component/uart/fsl_adapter_usart.o
                0x080047c0                HAL_UartSendBlocking
 .text.mcuxClEls_isBusy
                0x08004824       0x24 ./component/els_pkc/src/comps/mcuxClEls/src/mcuxClEls_Common.o
 .text.mcuxClEls_GetErrorCode
                0x08004848      0x1a8 ./component/els_pkc/src/comps/mcuxClEls/src/mcuxClEls_Common.o
                0x08004848                mcuxClEls_GetErrorCode
 .text.mcuxClEls_WaitForOperation
                0x080049f0       0x80 ./component/els_pkc/src/comps/mcuxClEls/src/mcuxClEls_Common.o
                0x080049f0                mcuxClEls_WaitForOperation
 .text.mcuxClEls_ResetErrorFlags
                0x08004a70       0x74 ./component/els_pkc/src/comps/mcuxClEls/src/mcuxClEls_Common.o
                0x08004a70                mcuxClEls_ResetErrorFlags
 .text.mcuxClEls_setInput0_fixedSize
                0x08004ae4       0x20 ./component/els_pkc/src/comps/mcuxClEls/src/mcuxClEls_GlitchDetector.o
 .text.mcuxClEls_startCommand
                0x08004b04       0x40 ./component/els_pkc/src/comps/mcuxClEls/src/mcuxClEls_GlitchDetector.o
 .text.mcuxClEls_isBusy
                0x08004b44       0x24 ./component/els_pkc/src/comps/mcuxClEls/src/mcuxClEls_GlitchDetector.o
 .text.BOARD_InitDebugConsole
                0x08004b68       0x44 ./board/board.o
                0x08004b68                BOARD_InitDebugConsole
 .text.LoadGdetCfg
                0x08004bac       0xcc ./board/board.o
 .text.ConfigSvcSensor
                0x08004c78      0x168 ./board/board.o
 .text.BOARD_ClockPreConfig
                0x08004de0       0x6c ./board/board.o
                0x08004de0                BOARD_ClockPreConfig
 .text.BOARD_ClockPostConfig
                0x08004e4c       0x3c ./board/board.o
                0x08004e4c                BOARD_ClockPostConfig
 .text.BOARD_BootClockRUN
                0x08004e88      0x108 ./board/clock_config.o
                0x08004e88                BOARD_BootClockRUN
 .text.IO_MUX_SetPinMux
                0x08004f90      0x294 ./board/pin_mux.o
 .text.BOARD_InitPins
                0x08005224       0x40 ./board/pin_mux.o
                0x08005224                BOARD_InitPins
 .text._initio  0x08005264       0x78 C:/nxp/MCUXpressoIDE_24.12.148/ide/plugins/com.nxp.mcuxpresso.tools.win32_24.12.0.202407110909/tools/bin/../lib/gcc/arm-none-eabi/13.2.1/../../../../arm-none-eabi/lib/thumb/v8-m.main+fp/hard\libcr_c.a(initio.o)
                0x08005264                _initio
 .text._Cwritebuf
                0x080052dc       0x6c C:/nxp/MCUXpressoIDE_24.12.148/ide/plugins/com.nxp.mcuxpresso.tools.win32_24.12.0.202407110909/tools/bin/../lib/gcc/arm-none-eabi/13.2.1/../../../../arm-none-eabi/lib/thumb/v8-m.main+fp/hard\libcr_c.a(_writebuf.o)
                0x080052dc                _Cwritebuf
 .text.fflush   0x08005348       0x3c C:/nxp/MCUXpressoIDE_24.12.148/ide/plugins/com.nxp.mcuxpresso.tools.win32_24.12.0.202407110909/tools/bin/../lib/gcc/arm-none-eabi/13.2.1/../../../../arm-none-eabi/lib/thumb/v8-m.main+fp/hard\libcr_c.a(fflush.o)
                0x08005348                fflush
 .text.fseek    0x08005384       0xf8 C:/nxp/MCUXpressoIDE_24.12.148/ide/plugins/com.nxp.mcuxpresso.tools.win32_24.12.0.202407110909/tools/bin/../lib/gcc/arm-none-eabi/13.2.1/../../../../arm-none-eabi/lib/thumb/v8-m.main+fp/hard\libcr_c.a(fseek.o)
                0x08005384                fseek
 .text.ftell    0x0800547c       0x44 C:/nxp/MCUXpressoIDE_24.12.148/ide/plugins/com.nxp.mcuxpresso.tools.win32_24.12.0.202407110909/tools/bin/../lib/gcc/arm-none-eabi/13.2.1/../../../../arm-none-eabi/lib/thumb/v8-m.main+fp/hard\libcr_c.a(ftell.o)
                0x0800547c                ftell
 .text.fsl_assert_hook
                0x080054c0       0x1a ./utilities/fsl_assert.o
                0x080054c0                fsl_assert_hook
 .text.DbgConsole_Printf
                0x080054da       0x2c ./utilities/fsl_debug_console.o
                0x080054da                DbgConsole_Printf
 .text.DbgConsole_PrintfPaddingCharacter
                0x08005506       0x40 ./utilities/fsl_debug_console.o
 .text.DbgConsole_ConvertRadixNumToString
                0x08005546       0xc2 ./utilities/fsl_debug_console.o
 .text.WDT0_IRQHandler
                0x08005608        0x8 ./startup/startup_rw612.o
                0x08005608                WDT0_IRQHandler
 .text.DMA0_IRQHandler
                0x08005610        0x8 ./startup/startup_rw612.o
                0x08005610                DMA0_IRQHandler
 .text.GPIO_INTA_IRQHandler
                0x08005618        0x8 ./startup/startup_rw612.o
                0x08005618                GPIO_INTA_IRQHandler
 .text.GPIO_INTB_IRQHandler
                0x08005620        0x8 ./startup/startup_rw612.o
                0x08005620                GPIO_INTB_IRQHandler
 .text.PIN_INT0_IRQHandler
                0x08005628        0x8 ./startup/startup_rw612.o
                0x08005628                PIN_INT0_IRQHandler
 .text.PIN_INT1_IRQHandler
                0x08005630        0x8 ./startup/startup_rw612.o
                0x08005630                PIN_INT1_IRQHandler
 .text.PIN_INT2_IRQHandler
                0x08005638        0x8 ./startup/startup_rw612.o
                0x08005638                PIN_INT2_IRQHandler
 .text.PIN_INT3_IRQHandler
                0x08005640        0x8 ./startup/startup_rw612.o
                0x08005640                PIN_INT3_IRQHandler
 .text.UTICK_IRQHandler
                0x08005648        0x8 ./startup/startup_rw612.o
                0x08005648                UTICK_IRQHandler
 .text.MRT_IRQHandler
                0x08005650        0x8 ./startup/startup_rw612.o
                0x08005650                MRT_IRQHandler
 .text.CTIMER0_IRQHandler
                0x08005658        0x8 ./startup/startup_rw612.o
                0x08005658                CTIMER0_IRQHandler
 .text.CTIMER1_IRQHandler
                0x08005660        0x8 ./startup/startup_rw612.o
                0x08005660                CTIMER1_IRQHandler
 .text.SCT0_IRQHandler
                0x08005668        0x8 ./startup/startup_rw612.o
                0x08005668                SCT0_IRQHandler
 .text.CTIMER3_IRQHandler
                0x08005670        0x8 ./startup/startup_rw612.o
                0x08005670                CTIMER3_IRQHandler
 .text.FLEXCOMM0_IRQHandler
                0x08005678        0x8 ./startup/startup_rw612.o
                0x08005678                FLEXCOMM0_IRQHandler
 .text.FLEXCOMM1_IRQHandler
                0x08005680        0x8 ./startup/startup_rw612.o
                0x08005680                FLEXCOMM1_IRQHandler
 .text.FLEXCOMM2_IRQHandler
                0x08005688        0x8 ./startup/startup_rw612.o
                0x08005688                FLEXCOMM2_IRQHandler
 .text.Reserved34_IRQHandler
                0x08005690        0x8 ./startup/startup_rw612.o
                0x08005690                Reserved34_IRQHandler
 .text.Reserved35_IRQHandler
                0x08005698        0x8 ./startup/startup_rw612.o
                0x08005698                Reserved35_IRQHandler
 .text.FLEXCOMM14_IRQHandler
                0x080056a0        0x8 ./startup/startup_rw612.o
                0x080056a0                FLEXCOMM14_IRQHandler
 .text.Reserved37_IRQHandler
                0x080056a8        0x8 ./startup/startup_rw612.o
                0x080056a8                Reserved37_IRQHandler
 .text.Reserved38_IRQHandler
                0x080056b0        0x8 ./startup/startup_rw612.o
                0x080056b0                Reserved38_IRQHandler
 .text.GFMRT_IRQHandler
                0x080056b8        0x8 ./startup/startup_rw612.o
                0x080056b8                GFMRT_IRQHandler
 .text.Reserved40_IRQHandler
                0x080056c0        0x8 ./startup/startup_rw612.o
                0x080056c0                Reserved40_IRQHandler
 .text.DMIC_IRQHandler
                0x080056c8        0x8 ./startup/startup_rw612.o
                0x080056c8                DMIC_IRQHandler
 .text.WKDEEPSLEEP_IRQHandler
                0x080056d0        0x8 ./startup/startup_rw612.o
                0x080056d0                WKDEEPSLEEP_IRQHandler
 .text.HYPERVISOR_IRQHandler
                0x080056d8        0x8 ./startup/startup_rw612.o
                0x080056d8                HYPERVISOR_IRQHandler
 .text.SECUREVIOLATION_IRQHandler
                0x080056e0        0x8 ./startup/startup_rw612.o
                0x080056e0                SECUREVIOLATION_IRQHandler
 .text.HWVAD_IRQHandler
                0x080056e8        0x8 ./startup/startup_rw612.o
                0x080056e8                HWVAD_IRQHandler
 .text.Reserved46_IRQHandler
                0x080056f0        0x8 ./startup/startup_rw612.o
                0x080056f0                Reserved46_IRQHandler
 .text.Reserved47_IRQHandler
                0x080056f8        0x8 ./startup/startup_rw612.o
                0x080056f8                Reserved47_IRQHandler
 .text.RTC_IRQHandler
                0x08005700        0x8 ./startup/startup_rw612.o
                0x08005700                RTC_IRQHandler
 .text.Reserved49_IRQHandler
                0x08005708        0x8 ./startup/startup_rw612.o
                0x08005708                Reserved49_IRQHandler
 .text.Reserved50_IRQHandler
                0x08005710        0x8 ./startup/startup_rw612.o
                0x08005710                Reserved50_IRQHandler
 .text.PIN_INT4_IRQHandler
                0x08005718        0x8 ./startup/startup_rw612.o
                0x08005718                PIN_INT4_IRQHandler
 .text.PIN_INT5_IRQHandler
                0x08005720        0x8 ./startup/startup_rw612.o
                0x08005720                PIN_INT5_IRQHandler
 .text.PIN_INT6_IRQHandler
                0x08005728        0x8 ./startup/startup_rw612.o
                0x08005728                PIN_INT6_IRQHandler
 .text.PIN_INT7_IRQHandler
                0x08005730        0x8 ./startup/startup_rw612.o
                0x08005730                PIN_INT7_IRQHandler
 .text.CTIMER2_IRQHandler
                0x08005738        0x8 ./startup/startup_rw612.o
                0x08005738                CTIMER2_IRQHandler
 .text.CTIMER4_IRQHandler
                0x08005740        0x8 ./startup/startup_rw612.o
                0x08005740                CTIMER4_IRQHandler
 .text.OS_EVENT_TIMER_IRQHandler
                0x08005748        0x8 ./startup/startup_rw612.o
                0x08005748                OS_EVENT_TIMER_IRQHandler
 .text.FLEXSPI_IRQHandler
                0x08005750        0x8 ./startup/startup_rw612.o
                0x08005750                FLEXSPI_IRQHandler
 .text.Reserved59_IRQHandler
                0x08005758        0x8 ./startup/startup_rw612.o
                0x08005758                Reserved59_IRQHandler
 .text.Reserved60_IRQHandler
                0x08005760        0x8 ./startup/startup_rw612.o
                0x08005760                Reserved60_IRQHandler
 .text.Reserved61_IRQHandler
                0x08005768        0x8 ./startup/startup_rw612.o
                0x08005768                Reserved61_IRQHandler
 .text.SDIO_IRQHandler
                0x08005770        0x8 ./startup/startup_rw612.o
                0x08005770                SDIO_IRQHandler
 .text.SGPIO_INTA_IRQHandler
                0x08005778        0x8 ./startup/startup_rw612.o
                0x08005778                SGPIO_INTA_IRQHandler
 .text.SGPIO_INTB_IRQHandler
                0x08005780        0x8 ./startup/startup_rw612.o
                0x08005780                SGPIO_INTB_IRQHandler
 .text.Reserved65_IRQHandler
                0x08005788        0x8 ./startup/startup_rw612.o
                0x08005788                Reserved65_IRQHandler
 .text.USB_IRQHandler
                0x08005790        0x8 ./startup/startup_rw612.o
                0x08005790                USB_IRQHandler
 .text.Reserved67_IRQHandler
                0x08005798        0x8 ./startup/startup_rw612.o
                0x08005798                Reserved67_IRQHandler
 .text.Reserved68_IRQHandler
                0x080057a0        0x8 ./startup/startup_rw612.o
                0x080057a0                Reserved68_IRQHandler
 .text.Reserved69_IRQHandler
                0x080057a8        0x8 ./startup/startup_rw612.o
                0x080057a8                Reserved69_IRQHandler
 .text.DMA1_IRQHandler
                0x080057b0        0x8 ./startup/startup_rw612.o
                0x080057b0                DMA1_IRQHandler
 .text.PUF_IRQHandler
                0x080057b8        0x8 ./startup/startup_rw612.o
                0x080057b8                PUF_IRQHandler
 .text.POWERQUAD_IRQHandler
                0x080057c0        0x8 ./startup/startup_rw612.o
                0x080057c0                POWERQUAD_IRQHandler
 .text.Reserved73_IRQHandler
                0x080057c8        0x8 ./startup/startup_rw612.o
                0x080057c8                Reserved73_IRQHandler
 .text.Reserved74_IRQHandler
                0x080057d0        0x8 ./startup/startup_rw612.o
                0x080057d0                Reserved74_IRQHandler
 .text.Reserved75_IRQHandler
                0x080057d8        0x8 ./startup/startup_rw612.o
                0x080057d8                Reserved75_IRQHandler
 .text.Reserved76_IRQHandler
                0x080057e0        0x8 ./startup/startup_rw612.o
                0x080057e0                Reserved76_IRQHandler
 .text.LCD_IRQHandler
                0x080057e8        0x8 ./startup/startup_rw612.o
                0x080057e8                LCD_IRQHandler
 .text.CAPTIMER_IRQHandler
                0x080057f0        0x8 ./startup/startup_rw612.o
                0x080057f0                CAPTIMER_IRQHandler
 .text.Reserved79_IRQHandler
                0x080057f8        0x8 ./startup/startup_rw612.o
                0x080057f8                Reserved79_IRQHandler
 .text.W2MWKUP_DONE0_IRQHandler
                0x08005800        0x8 ./startup/startup_rw612.o
                0x08005800                W2MWKUP_DONE0_IRQHandler
 .text.W2MWKUP_DONE1_IRQHandler
                0x08005808        0x8 ./startup/startup_rw612.o
                0x08005808                W2MWKUP_DONE1_IRQHandler
 .text.W2MWKUP_DONE2_IRQHandler
                0x08005810        0x8 ./startup/startup_rw612.o
                0x08005810                W2MWKUP_DONE2_IRQHandler
 .text.W2MWKUP_DONE3_IRQHandler
                0x08005818        0x8 ./startup/startup_rw612.o
                0x08005818                W2MWKUP_DONE3_IRQHandler
 .text.W2MWKUP_DONE4_IRQHandler
                0x08005820        0x8 ./startup/startup_rw612.o
                0x08005820                W2MWKUP_DONE4_IRQHandler
 .text.W2MWKUP_DONE5_IRQHandler
                0x08005828        0x8 ./startup/startup_rw612.o
                0x08005828                W2MWKUP_DONE5_IRQHandler
 .text.W2MWKUP_DONE6_IRQHandler
                0x08005830        0x8 ./startup/startup_rw612.o
                0x08005830                W2MWKUP_DONE6_IRQHandler
 .text.W2MWKUP_DONE7_IRQHandler
                0x08005838        0x8 ./startup/startup_rw612.o
                0x08005838                W2MWKUP_DONE7_IRQHandler
 .text.W2MWKUP0_IRQHandler
                0x08005840        0x8 ./startup/startup_rw612.o
                0x08005840                W2MWKUP0_IRQHandler
 .text.W2MWKUP1_IRQHandler
                0x08005848        0x8 ./startup/startup_rw612.o
                0x08005848                W2MWKUP1_IRQHandler
 .text.WL_MCI_INT0_IRQHandler
                0x08005850        0x8 ./startup/startup_rw612.o
                0x08005850                WL_MCI_INT0_IRQHandler
 .text.WL_MCI_INT1_IRQHandler
                0x08005858        0x8 ./startup/startup_rw612.o
                0x08005858                WL_MCI_INT1_IRQHandler
 .text.WL_MCI_INT2_IRQHandler
                0x08005860        0x8 ./startup/startup_rw612.o
                0x08005860                WL_MCI_INT2_IRQHandler
 .text.WL_MCI_INT3_IRQHandler
                0x08005868        0x8 ./startup/startup_rw612.o
                0x08005868                WL_MCI_INT3_IRQHandler
 .text.WL_MCI_INT4_IRQHandler
                0x08005870        0x8 ./startup/startup_rw612.o
                0x08005870                WL_MCI_INT4_IRQHandler
 .text.WL_MCI_INT5_IRQHandler
                0x08005878        0x8 ./startup/startup_rw612.o
                0x08005878                WL_MCI_INT5_IRQHandler
 .text.WL_MCI_INT6_IRQHandler
                0x08005880        0x8 ./startup/startup_rw612.o
                0x08005880                WL_MCI_INT6_IRQHandler
 .text.WL_MCI_INT7_IRQHandler
                0x08005888        0x8 ./startup/startup_rw612.o
                0x08005888                WL_MCI_INT7_IRQHandler
 .text.B2MWKUP_DONE0_IRQHandler
                0x08005890        0x8 ./startup/startup_rw612.o
                0x08005890                B2MWKUP_DONE0_IRQHandler
 .text.B2MWKUP_DONE1_IRQHandler
                0x08005898        0x8 ./startup/startup_rw612.o
                0x08005898                B2MWKUP_DONE1_IRQHandler
 .text.B2MWKUP_DONE2_IRQHandler
                0x080058a0        0x8 ./startup/startup_rw612.o
                0x080058a0                B2MWKUP_DONE2_IRQHandler
 .text.B2MWKUP_DONE3_IRQHandler
                0x080058a8        0x8 ./startup/startup_rw612.o
                0x080058a8                B2MWKUP_DONE3_IRQHandler
 .text.B2MWKUP_DONE4_IRQHandler
                0x080058b0        0x8 ./startup/startup_rw612.o
                0x080058b0                B2MWKUP_DONE4_IRQHandler
 .text.B2MWKUP_DONE5_IRQHandler
                0x080058b8        0x8 ./startup/startup_rw612.o
                0x080058b8                B2MWKUP_DONE5_IRQHandler
 .text.B2MWKUP_DONE6_IRQHandler
                0x080058c0        0x8 ./startup/startup_rw612.o
                0x080058c0                B2MWKUP_DONE6_IRQHandler
 .text.B2MWKUP_DONE7_IRQHandler
                0x080058c8        0x8 ./startup/startup_rw612.o
                0x080058c8                B2MWKUP_DONE7_IRQHandler
 .text.B2MWKUP0_IRQHandler
                0x080058d0        0x8 ./startup/startup_rw612.o
                0x080058d0                B2MWKUP0_IRQHandler
 .text.B2MWKUP1_IRQHandler
                0x080058d8        0x8 ./startup/startup_rw612.o
                0x080058d8                B2MWKUP1_IRQHandler
 .text.BLE_MCI_INT0_IRQHandler
                0x080058e0        0x8 ./startup/startup_rw612.o
                0x080058e0                BLE_MCI_INT0_IRQHandler
 .text.BLE_MCI_INT1_IRQHandler
                0x080058e8        0x8 ./startup/startup_rw612.o
                0x080058e8                BLE_MCI_INT1_IRQHandler
 .text.BLE_MCI_INT2_IRQHandler
                0x080058f0        0x8 ./startup/startup_rw612.o
                0x080058f0                BLE_MCI_INT2_IRQHandler
 .text.BLE_MCI_INT3_IRQHandler
                0x080058f8        0x8 ./startup/startup_rw612.o
                0x080058f8                BLE_MCI_INT3_IRQHandler
 .text.BLE_MCI_INT4_IRQHandler
                0x08005900        0x8 ./startup/startup_rw612.o
                0x08005900                BLE_MCI_INT4_IRQHandler
 .text.BLE_MCI_INT5_IRQHandler
                0x08005908        0x8 ./startup/startup_rw612.o
                0x08005908                BLE_MCI_INT5_IRQHandler
 .text.BLE_MCI_INT6_IRQHandler
                0x08005910        0x8 ./startup/startup_rw612.o
                0x08005910                BLE_MCI_INT6_IRQHandler
 .text.BLE_MCI_INT7_IRQHandler
                0x08005918        0x8 ./startup/startup_rw612.o
                0x08005918                BLE_MCI_INT7_IRQHandler
 .text.PIN0_INT_IRQHandler
                0x08005920        0x8 ./startup/startup_rw612.o
                0x08005920                PIN0_INT_IRQHandler
 .text.PIN1_INT_IRQHandler
                0x08005928        0x8 ./startup/startup_rw612.o
                0x08005928                PIN1_INT_IRQHandler
 .text.ELS_IRQHandler
                0x08005930        0x8 ./startup/startup_rw612.o
                0x08005930                ELS_IRQHandler
 .text.ELS_GDET_IRQHandler
                0x08005938        0x8 ./startup/startup_rw612.o
                0x08005938                ELS_GDET_IRQHandler
 .text.ELS_GDET_UM_IRQHandler
                0x08005940        0x8 ./startup/startup_rw612.o
                0x08005940                ELS_GDET_UM_IRQHandler
 .text.PKC_INT_IRQHandler
                0x08005948        0x8 ./startup/startup_rw612.o
                0x08005948                PKC_INT_IRQHandler
 .text.PKC_ERR_IRQHandler
                0x08005950        0x8 ./startup/startup_rw612.o
                0x08005950                PKC_ERR_IRQHandler
 .text.CDOG_INT_IRQHandler
                0x08005958        0x8 ./startup/startup_rw612.o
                0x08005958                CDOG_INT_IRQHandler
 .text.GAU_DAC_IRQHandler
                0x08005960        0x8 ./startup/startup_rw612.o
                0x08005960                GAU_DAC_IRQHandler
 .text.GAU_ACOMP_WKUP_IRQHandler
                0x08005968        0x8 ./startup/startup_rw612.o
                0x08005968                GAU_ACOMP_WKUP_IRQHandler
 .text.GAU_ACOMP_IRQHandler
                0x08005970        0x8 ./startup/startup_rw612.o
                0x08005970                GAU_ACOMP_IRQHandler
 .text.GAU_ADC1_IRQHandler
                0x08005978        0x8 ./startup/startup_rw612.o
                0x08005978                GAU_ADC1_IRQHandler
 .text.GAU_ADC0_IRQHandler
                0x08005980        0x8 ./startup/startup_rw612.o
                0x08005980                GAU_ADC0_IRQHandler
 .text.USIM_IRQHandler
                0x08005988        0x8 ./startup/startup_rw612.o
                0x08005988                USIM_IRQHandler
 .text.OTP_IRQHandler
                0x08005990        0x8 ./startup/startup_rw612.o
                0x08005990                OTP_IRQHandler
 .text.ENET_IRQHandler
                0x08005998        0x8 ./startup/startup_rw612.o
                0x08005998                ENET_IRQHandler
 .text.ENET_TIMER_IRQHandler
                0x080059a0        0x8 ./startup/startup_rw612.o
                0x080059a0                ENET_TIMER_IRQHandler
 .text.PMIP_IRQHandler
                0x080059a8        0x8 ./startup/startup_rw612.o
                0x080059a8                PMIP_IRQHandler
 .text.PMIP_CHANGE_IRQHandler
                0x080059b0        0x8 ./startup/startup_rw612.o
                0x080059b0                PMIP_CHANGE_IRQHandler
 .text.ITRC_IRQHandler
                0x080059b8        0x8 ./startup/startup_rw612.o
                0x080059b8                ITRC_IRQHandler
 .text.Reserved136_IRQHandler
                0x080059c0        0x8 ./startup/startup_rw612.o
                0x080059c0                Reserved136_IRQHandler
 .text.Reserved137_IRQHandler
                0x080059c8        0x8 ./startup/startup_rw612.o
                0x080059c8                Reserved137_IRQHandler
 .text.Reserved138_IRQHandler
                0x080059d0        0x8 ./startup/startup_rw612.o
                0x080059d0                Reserved138_IRQHandler
 .text.TRNG_IRQHandler
                0x080059d8        0x8 ./startup/startup_rw612.o
                0x080059d8                TRNG_IRQHandler
 .text.ACC_C_INT_IRQHandler
                0x080059e0        0x8 ./startup/startup_rw612.o
                0x080059e0                ACC_C_INT_IRQHandler
 .text.ACC_S_INT_IRQHandler
                0x080059e8        0x8 ./startup/startup_rw612.o
                0x080059e8                ACC_S_INT_IRQHandler
 .text.WACC_IRQHandler
                0x080059f0        0x8 ./startup/startup_rw612.o
                0x080059f0                WACC_IRQHandler
 .text.BACC_IRQHandler
                0x080059f8        0x8 ./startup/startup_rw612.o
                0x080059f8                BACC_IRQHandler
 .text.GDMA_IRQHandler
                0x08005a00        0x8 ./startup/startup_rw612.o
                0x08005a00                GDMA_IRQHandler
 .text.HardFault_Handler
                0x08005a08       0x36 ./source/semihost_hardfault.o
                0x08005a08                HardFault_Handler
 .text.EnableIRQ
                0x08005a3e       0x32 ./source/usart_interrupt.o
 .text.USART_GetStatusFlags
                0x08005a70       0x3c ./source/usart_interrupt.o
 .text.USART_WriteByte
                0x08005aac       0x20 ./source/usart_interrupt.o
 .text.USART_ReadByte
                0x08005acc       0x1c ./source/usart_interrupt.o
 .text.CLOCK_GetClk32KFreq
                0x08005ae8       0x12 ./drivers/fsl_clock.o
 .text.CLOCK_Delay
                0x08005afa       0x22 ./drivers/fsl_clock.o
 .text.CLOCK_SetClkDiv
                0x08005b1c       0x78 ./drivers/fsl_clock.o
                0x08005b1c                CLOCK_SetClkDiv
 .text.CLOCK_GetFFroFreq
                0x08005b94        0xe ./drivers/fsl_clock.o
                0x08005b94                CLOCK_GetFFroFreq
 .text.CLOCK_GetSFroFreq
                0x08005ba2       0x10 ./drivers/fsl_clock.o
                0x08005ba2                CLOCK_GetSFroFreq
 .text.DelayLoop
                0x08005bb2       0x20 ./drivers/fsl_common_arm.o
 .text.FLEXCOMM_PeripheralIsPresent
                0x08005bd2       0x64 ./drivers/fsl_flexcomm.o
 .text.FLEXCOMM_SetPeriph
                0x08005c36       0x74 ./drivers/fsl_flexcomm.o
 .text.OCOTP_ReadSocOtp
                0x08005caa       0x6a ./drivers/fsl_ocotp.o
                0x08005caa                OCOTP_ReadSocOtp
 .text.DisableGlobalIRQ
                0x08005d14       0x22 ./drivers/fsl_power.o
 .text.EnableGlobalIRQ
                0x08005d36       0x20 ./drivers/fsl_power.o
 .text.RESET_PeripheralReset
                0x08005d56       0x22 ./drivers/fsl_reset.o
                0x08005d56                RESET_PeripheralReset
 .text.USART_EnableContinuousSCLK
                0x08005d78       0x38 ./drivers/fsl_usart.o
 .text.getFFroFreq
                0x08005db0        0xe ./device/system_RW612.o
 .text.getSFroFreq
                0x08005dbe       0x10 ./device/system_RW612.o
 .text.SystemInitHook
                0x08005dce        0xe ./device/system_RW612.o
                0x08005dce                SystemInitHook
 .text.HAL_UartGetStatus
                0x08005ddc       0x22 ./component/uart/fsl_adapter_usart.o
 .text.HAL_UartInit
                0x08005dfe       0x36 ./component/uart/fsl_adapter_usart.o
                0x08005dfe                HAL_UartInit
 .text.mcuxClEls_getSfrField
                0x08005e34       0x24 ./component/els_pkc/src/comps/mcuxClEls/src/mcuxClEls_Common.o
 .text.mcuxClEls_GlitchDetector_LoadConfig_Async
                0x08005e58       0x98 ./component/els_pkc/src/comps/mcuxClEls/src/mcuxClEls_GlitchDetector.o
                0x08005e58                mcuxClEls_GlitchDetector_LoadConfig_Async
 .text.BOARD_InitBootClocks
                0x08005ef0        0xc ./board/clock_config.o
                0x08005ef0                BOARD_InitBootClocks
 .text.BOARD_InitBootPins
                0x08005efc        0xc ./board/pin_mux.o
                0x08005efc                BOARD_InitBootPins
 .text.__main   0x08005f08        0xe C:/nxp/MCUXpressoIDE_24.12.148/ide/plugins/com.nxp.mcuxpresso.tools.win32_24.12.0.202407110909/tools/bin/../lib/gcc/arm-none-eabi/13.2.1/../../../../arm-none-eabi/lib/thumb/v8-m.main+fp/hard\libcr_nohost_nf.a(_cr__main.o)
                0x08005f08                __main
 .text.memset   0x08005f16        0x4 C:/nxp/MCUXpressoIDE_24.12.148/ide/plugins/com.nxp.mcuxpresso.tools.win32_24.12.0.202407110909/tools/bin/../lib/gcc/arm-none-eabi/13.2.1/../../../../arm-none-eabi/lib/thumb/v8-m.main+fp/hard\libcr_c.a(memset.o)
                0x08005f16                memset
 .text.free     0x08005f1a       0x30 C:/nxp/MCUXpressoIDE_24.12.148/ide/plugins/com.nxp.mcuxpresso.tools.win32_24.12.0.202407110909/tools/bin/../lib/gcc/arm-none-eabi/13.2.1/../../../../arm-none-eabi/lib/thumb/v8-m.main+fp/hard\libcr_c.a(alloc.o)
                0x08005f1a                free
 .text.setvbuf  0x08005f4a       0x3e C:/nxp/MCUXpressoIDE_24.12.148/ide/plugins/com.nxp.mcuxpresso.tools.win32_24.12.0.202407110909/tools/bin/../lib/gcc/arm-none-eabi/13.2.1/../../../../arm-none-eabi/lib/thumb/v8-m.main+fp/hard\libcr_c.a(setvbuf.o)
                0x08005f4a                setvbuf
 .text.strlen   0x08005f88       0x4e C:/nxp/MCUXpressoIDE_24.12.148/ide/plugins/com.nxp.mcuxpresso.tools.win32_24.12.0.202407110909/tools/bin/../lib/gcc/arm-none-eabi/13.2.1/../../../../arm-none-eabi/lib/thumb/v8-m.main+fp/hard\libcr_c.a(strlen.o)
                0x08005f88                strlen
 .text._deferredlazyseek
                0x08005fd6       0x40 C:/nxp/MCUXpressoIDE_24.12.148/ide/plugins/com.nxp.mcuxpresso.tools.win32_24.12.0.202407110909/tools/bin/../lib/gcc/arm-none-eabi/13.2.1/../../../../arm-none-eabi/lib/thumb/v8-m.main+fp/hard\libcr_c.a(_deferredlazyseek.o)
                0x08005fd6                _deferredlazyseek
 .text._fdopen  0x08006016       0x68 C:/nxp/MCUXpressoIDE_24.12.148/ide/plugins/com.nxp.mcuxpresso.tools.win32_24.12.0.202407110909/tools/bin/../lib/gcc/arm-none-eabi/13.2.1/../../../../arm-none-eabi/lib/thumb/v8-m.main+fp/hard\libcr_c.a(_fdopen.o)
                0x08006016                _fdopen
 .text._fflush  0x0800607e       0x52 C:/nxp/MCUXpressoIDE_24.12.148/ide/plugins/com.nxp.mcuxpresso.tools.win32_24.12.0.202407110909/tools/bin/../lib/gcc/arm-none-eabi/13.2.1/../../../../arm-none-eabi/lib/thumb/v8-m.main+fp/hard\libcr_c.a(_fflush.o)
                0x0800607e                _fflush
 .text.fclose   0x080060d0       0x58 C:/nxp/MCUXpressoIDE_24.12.148/ide/plugins/com.nxp.mcuxpresso.tools.win32_24.12.0.202407110909/tools/bin/../lib/gcc/arm-none-eabi/13.2.1/../../../../arm-none-eabi/lib/thumb/v8-m.main+fp/hard\libcr_c.a(fclose.o)
                0x080060d0                fclose
 .text.remove   0x08006128       0x14 C:/nxp/MCUXpressoIDE_24.12.148/ide/plugins/com.nxp.mcuxpresso.tools.win32_24.12.0.202407110909/tools/bin/../lib/gcc/arm-none-eabi/13.2.1/../../../../arm-none-eabi/lib/thumb/v8-m.main+fp/hard\libcr_c.a(remove.o)
                0x08006128                remove
 .text._do_fflush
                0x0800613c       0x40 C:/nxp/MCUXpressoIDE_24.12.148/ide/plugins/com.nxp.mcuxpresso.tools.win32_24.12.0.202407110909/tools/bin/../lib/gcc/arm-none-eabi/13.2.1/../../../../arm-none-eabi/lib/thumb/v8-m.main+fp/hard\libcr_c.a(_do_fflush.o)
                0x0800613c                _do_fflush
 .text.__aeabi_division_uldivmod
                0x0800617c      0x174 C:/nxp/MCUXpressoIDE_24.12.148/ide/plugins/com.nxp.mcuxpresso.tools.win32_24.12.0.202407110909/tools/bin/../lib/gcc/arm-none-eabi/13.2.1/thumb/v8-m.main+fp/hard\libcr_eabihelpers.a(division_64.o)
                0x0800617c                __aeabi_uldivmod
                0x08006180                __bhs_ldivmod1
 .text.__aeabi_division_idiv0
                0x080062f0        0x2 C:/nxp/MCUXpressoIDE_24.12.148/ide/plugins/com.nxp.mcuxpresso.tools.win32_24.12.0.202407110909/tools/bin/../lib/gcc/arm-none-eabi/13.2.1/thumb/v8-m.main+fp/hard\libcr_eabihelpers.a(division_idiv0.o)
                0x080062f0                __aeabi_idiv0
 .text.__aeabi_memset_lowlevel
                0x080062f2       0x32 C:/nxp/MCUXpressoIDE_24.12.148/ide/plugins/com.nxp.mcuxpresso.tools.win32_24.12.0.202407110909/tools/bin/../lib/gcc/arm-none-eabi/13.2.1/thumb/v8-m.main+fp/hard\libcr_eabihelpers.a(memcpy.o)
                0x080062f2                __aeabi_lowlevel_memset
 .text.__sys_close
                0x08006324        0x6 C:/nxp/MCUXpressoIDE_24.12.148/ide/plugins/com.nxp.mcuxpresso.tools.win32_24.12.0.202407110909/tools/bin/../lib/gcc/arm-none-eabi/13.2.1/../../../../arm-none-eabi/lib/thumb/v8-m.main+fp/hard\libcr_nohost_nf.a(__sys_close.o)
                0x08006324                __sys_close
 .text.__sys_flen
                0x0800632a        0x6 C:/nxp/MCUXpressoIDE_24.12.148/ide/plugins/com.nxp.mcuxpresso.tools.win32_24.12.0.202407110909/tools/bin/../lib/gcc/arm-none-eabi/13.2.1/../../../../arm-none-eabi/lib/thumb/v8-m.main+fp/hard\libcr_nohost_nf.a(__sys_flen.o)
                0x0800632a                __sys_flen
 .text.__sys_istty
                0x08006330        0x6 C:/nxp/MCUXpressoIDE_24.12.148/ide/plugins/com.nxp.mcuxpresso.tools.win32_24.12.0.202407110909/tools/bin/../lib/gcc/arm-none-eabi/13.2.1/../../../../arm-none-eabi/lib/thumb/v8-m.main+fp/hard\libcr_nohost_nf.a(__sys_istty.o)
                0x08006330                __sys_istty
 .text.__sys_remove
                0x08006336        0x6 C:/nxp/MCUXpressoIDE_24.12.148/ide/plugins/com.nxp.mcuxpresso.tools.win32_24.12.0.202407110909/tools/bin/../lib/gcc/arm-none-eabi/13.2.1/../../../../arm-none-eabi/lib/thumb/v8-m.main+fp/hard\libcr_nohost_nf.a(__sys_remove.o)
                0x08006336                __sys_remove
 .text.__sys_seek
                0x0800633c        0x6 C:/nxp/MCUXpressoIDE_24.12.148/ide/plugins/com.nxp.mcuxpresso.tools.win32_24.12.0.202407110909/tools/bin/../lib/gcc/arm-none-eabi/13.2.1/../../../../arm-none-eabi/lib/thumb/v8-m.main+fp/hard\libcr_nohost_nf.a(__sys_seek.o)
                0x0800633c                __sys_seek
 .text.__sys_tmpnam
                0x08006342        0x6 C:/nxp/MCUXpressoIDE_24.12.148/ide/plugins/com.nxp.mcuxpresso.tools.win32_24.12.0.202407110909/tools/bin/../lib/gcc/arm-none-eabi/13.2.1/../../../../arm-none-eabi/lib/thumb/v8-m.main+fp/hard\libcr_nohost_nf.a(__sys_tmpnam.o)
                0x08006342                __sys_tmpnam
 .text.__sys_write
                0x08006348        0x4 C:/nxp/MCUXpressoIDE_24.12.148/ide/plugins/com.nxp.mcuxpresso.tools.win32_24.12.0.202407110909/tools/bin/../lib/gcc/arm-none-eabi/13.2.1/../../../../arm-none-eabi/lib/thumb/v8-m.main+fp/hard\libcr_nohost_nf.a(__sys_write.o)
                0x08006348                __sys_write
 *fill*         0x0800634c        0x4 ff
 .text.__sys_write.__stub
                0x08006350       0x20 linker stubs
 *(SORT_BY_ALIGNMENT(.rodata) SORT_BY_ALIGNMENT(.rodata.*) SORT_BY_ALIGNMENT(.constdata) SORT_BY_ALIGNMENT(.constdata.*))
 .rodata.__assertion_failed.str1.4
                0x08006370      0x9ab ./utilities/fsl_assert.o
                                 0x14 (size before relaxing)
 *fill*         0x08006d1b        0x1 ff
 .rodata.s_avpllFreq
                0x08006d1c       0x2c ./drivers/fsl_clock.o
 .rodata.s_avpllFreqOff
                0x08006d48       0x2c ./drivers/fsl_clock.o
 .rodata.s_avpllPostDiv
                0x08006d74       0x2c ./drivers/fsl_clock.o
 .rodata.s_avpllPostDiv0p5
                0x08006da0       0x2c ./drivers/fsl_clock.o
 .rodata.CLOCK_GetT3PllMciIrcClkFreq.str1.4
                0x08006dcc       0x18 ./drivers/fsl_clock.o
 .rodata.CLOCK_GetTcpuFvcoFreq.str1.4
                0x08006dcc       0x18 ./drivers/fsl_clock.o
 .rodata.CLOCK_EnableClock.str1.4
                0x08006dcc       0x18 ./drivers/fsl_clock.o
 .rodata.CLOCK_DisableClock.str1.4
                0x08006dcc       0x18 ./drivers/fsl_clock.o
 .rodata.CLOCK_GetFRGClock.str1.4
                0x08006dcc       0x18 ./drivers/fsl_clock.o
 .rodata.CLOCK_SetFRGClock.str1.4
                0x08006dcc       0x60 ./drivers/fsl_clock.o
 .rodata.CLOCK_GetFlexCommClkFreq.str1.4
                0x08006dcc       0x18 ./drivers/fsl_clock.o
 .rodata.CLOCK_CfgTcpuRefClk.str1.4
                0x08006dcc       0x19 ./drivers/fsl_clock.o
 .rodata.CLOCK_InitAvPll.str1.4
                0x08006dcc       0x18 ./drivers/fsl_clock.o
 .rodata.SDK_DelayAtLeastUs.str1.4
                0x08006dcc       0x2b ./drivers/fsl_common_arm.o
 .rodata.s_flexcommBaseAddrs
                0x08006dcc       0x14 ./drivers/fsl_flexcomm.o
 .rodata.s_flexcommClocks
                0x08006de0       0x14 ./drivers/fsl_flexcomm.o
 .rodata.s_flexcommResets
                0x08006df4        0xa ./drivers/fsl_flexcomm.o
 .rodata.FLEXCOMM_GetInstance.str1.4
                0x08006dfe       0x41 ./drivers/fsl_flexcomm.o
 .rodata.FLEXCOMM0_DriverIRQHandler.str1.4
                0x08006dfe       0x3c ./drivers/fsl_flexcomm.o
 .rodata.FLEXCOMM1_DriverIRQHandler.str1.4
                0x08006dfe       0x3c ./drivers/fsl_flexcomm.o
 .rodata.FLEXCOMM2_DriverIRQHandler.str1.4
                0x08006dfe       0x3c ./drivers/fsl_flexcomm.o
 .rodata.FLEXCOMM14_DriverIRQHandler.str1.4
                0x08006dfe       0x3c ./drivers/fsl_flexcomm.o
 .rodata.OCOTP_ReadSVC.str1.4
                0x08006dfe       0x1e ./drivers/fsl_ocotp.o
 .rodata.OCOTP_ReadPackage.str1.4
                0x08006dfe       0x1f ./drivers/fsl_ocotp.o
 .rodata.str1.4
                0x08006dfe      0x127 ./drivers/fsl_power.o
 *fill*         0x08006dfe        0x2 ff
 .rodata.s_droTable
                0x08006e00       0x13 ./drivers/fsl_power.o
 .rodata.POWER_GetThresholdParams.str1.4
                0x08006e13       0x60 ./drivers/fsl_power.o
 .rodata.POWER_SaveNvicState.str1.4
                0x08006e13       0x76 ./drivers/fsl_power.o
 .rodata.POWER_EnableWakeup.str1.4
                0x08006e13       0x24 ./drivers/fsl_power.o
 .rodata.Power_InitLoadGdetCfg.str1.4
                0x08006e13       0x62 ./drivers/fsl_power.o
 .rodata.POWER_InitVoltage.str1.4
                0x08006e13       0x46 ./drivers/fsl_power.o
 .rodata.POWER_TrimSvc.str1.4
                0x08006e13       0x1e ./drivers/fsl_power.o
 .rodata.RESET_SetPeripheralReset.str1.4
                0x08006e13       0x1e ./drivers/fsl_reset.o
 .rodata.RESET_ClearPeripheralReset.str1.4
                0x08006e13       0x1f ./drivers/fsl_reset.o
 .rodata.USART_Init.str1.4
                0x08006e13       0x4f ./drivers/fsl_usart.o
 .rodata.USART_GetDefaultConfig.str1.4
                0x08006e13       0x21 ./drivers/fsl_usart.o
 .rodata.USART_SetBaudRate.str1.4
                0x08006e13       0x53 ./drivers/fsl_usart.o
 .rodata.USART_WriteBlocking.str1.4
                0x08006e13       0x36 ./drivers/fsl_usart.o
 .rodata.USART_ReadBlocking.str1.4
                0x08006e13       0x36 ./drivers/fsl_usart.o
 *fill*         0x08006e13        0x1 ff
 .rodata.s_UsartAdapterBase
                0x08006e14       0x14 ./component/uart/fsl_adapter_usart.o
 .rodata.HAL_UartInitCommon.str1.4
                0x08006e28       0xeb ./component/uart/fsl_adapter_usart.o
 .rodata.HAL_UartReceiveBlocking.str1.4
                0x08006e28       0x65 ./component/uart/fsl_adapter_usart.o
 .rodata.HAL_UartSendBlocking.str1.4
                0x08006e28       0x65 ./component/uart/fsl_adapter_usart.o
 .rodata        0x08006e28       0x24 ./board/board.o
 .rodata.ConfigSvcSensor.str1.4
                0x08006e4c       0x28 ./board/board.o
 .rodata.avpllConfig_BOARD_BootClockRUN
                0x08006e4c        0x3 ./board/clock_config.o
                0x08006e4c                avpllConfig_BOARD_BootClockRUN
 .rodata.IO_MUX_SetPinMux.str1.4
                0x08006e4f       0x83 ./board/pin_mux.o
 *fill*         0x08006e4f        0x1 ff
 .rodata.__num_Ciob_streams
                0x08006e50        0x4 C:/nxp/MCUXpressoIDE_24.12.148/ide/plugins/com.nxp.mcuxpresso.tools.win32_24.12.0.202407110909/tools/bin/../lib/gcc/arm-none-eabi/13.2.1/../../../../arm-none-eabi/lib/thumb/v8-m.main+fp/hard\libcr_nohost_nf.a(__ciob.o)
                0x08006e50                __num_Ciob_streams
 .rodata._initio.str1.1
                0x08006e54        0x4 C:/nxp/MCUXpressoIDE_24.12.148/ide/plugins/com.nxp.mcuxpresso.tools.win32_24.12.0.202407110909/tools/bin/../lib/gcc/arm-none-eabi/13.2.1/../../../../arm-none-eabi/lib/thumb/v8-m.main+fp/hard\libcr_c.a(initio.o)
                0x08006e58                        . = ALIGN (0x4)

.glue_7         0x08006e58        0x0
 .glue_7        0x08006e58        0x0 linker stubs

.glue_7t        0x08006e58        0x0
 .glue_7t       0x08006e58        0x0 linker stubs

.vfp11_veneer   0x08006e58        0x0
 .vfp11_veneer  0x08006e58        0x0 linker stubs

.v4_bx          0x08006e58        0x0
 .v4_bx         0x08006e58        0x0 linker stubs

.iplt           0x08006e58        0x0
 .iplt          0x08006e58        0x0 ./utilities/fsl_assert.o

.rel.dyn        0x08006e58        0x0
 .rel.iplt      0x08006e58        0x0 ./utilities/fsl_assert.o

.ARM.extab
 *(SORT_BY_ALIGNMENT(.ARM.extab*) SORT_BY_ALIGNMENT(.gnu.linkonce.armextab.*))

.ARM.exidx      0x08006e58        0x0
                0x08006e58                        __exidx_start = .
 *(SORT_BY_ALIGNMENT(.ARM.exidx*) SORT_BY_ALIGNMENT(.gnu.linkonce.armexidx.*))
                0x08006e58                        __exidx_end = .
                0x08006e58                        _etext = .

.uninit_RESERVED
                0x20000000        0x0
                0x20000000                        _start_uninit_RESERVED = .
 *(SORT_BY_ALIGNMENT(.bss.$RESERVED*))
                0x20000000                        . = ALIGN (0x4)
                0x20000000                        _end_uninit_RESERVED = .

.data           0x20000000      0xc28 load address 0x08006e58
 FILL mask 0xff
                0x20000000                        _data = .
                [!provide]                        PROVIDE (__start_data_RAM = .)
                [!provide]                        PROVIDE (__start_data_SRAM = .)
 *(SORT_BY_ALIGNMENT(vtable))
 *(SORT_BY_ALIGNMENT(.ramfunc*))
 *(SORT_BY_ALIGNMENT(CodeQuickAccess))
 CodeQuickAccess
                0x20000000      0x9e0 ./drivers/fsl_power.o
                0x20000000                POWER_SetSleepMode
                0x20000060                POWER_EnterPowerMode
                0x200000cc                POWER_DisableGDetVSensors
                0x20000230                POWER_EnableGDetVSensors
 CodeQuickAccess
                0x200009e0      0x1a0 ./board/board.o
                0x200009e0                BOARD_SetFlexspiClock
                0x20000a68                BOARD_DeinitFlash
                0x20000ac0                BOARD_InitFlash
 CodeQuickAccess.__stub
                0x20000b80       0x38 linker stubs
 *(SORT_BY_ALIGNMENT(DataQuickAccess))
 *(SORT_BY_ALIGNMENT(RamFunction))
 *(SORT_BY_ALIGNMENT(.data*))
 .data.g_tipString
                0x20000bb8       0x6b ./source/usart_interrupt.o
                0x20000bb8                g_tipString
 *fill*         0x20000c23        0x1 ff
 .data.SystemCoreClock
                0x20000c24        0x4 ./device/system_RW612.o
                0x20000c24                SystemCoreClock
                0x20000c28                        . = ALIGN (0x4)
                0x20000c28                        _edata = .
                [!provide]                        PROVIDE (__end_data_RAM = .)
                [!provide]                        PROVIDE (__end_data_SRAM = .)

.igot.plt       0x20000c28        0x0 load address 0x08007a80
 .igot.plt      0x20000c28        0x0 ./utilities/fsl_assert.o

.bss            0x20000c28      0x270
                0x20000c28                        _bss = .
                [!provide]                        PROVIDE (__start_bss_RAM = .)
                [!provide]                        PROVIDE (__start_bss_SRAM = .)
 *(SORT_BY_ALIGNMENT(.bss*))
 .bss.s_debugConsole
                0x20000c28       0x14 ./utilities/fsl_debug_console.o
 .bss.demoRingBuffer
                0x20000c3c       0x10 ./source/usart_interrupt.o
                0x20000c3c                demoRingBuffer
 .bss.g_clkinFreq
                0x20000c4c        0x4 ./drivers/fsl_clock.o
                0x20000c4c                g_clkinFreq
 .bss.g_mclkinFreq
                0x20000c50        0x4 ./drivers/fsl_clock.o
                0x20000c50                g_mclkinFreq
 .bss.s_flexcommIrqHandler
                0x20000c54       0x14 ./drivers/fsl_flexcomm.o
 .bss.s_flexcommHandle
                0x20000c68       0x14 ./drivers/fsl_flexcomm.o
 .bss.s_flexspiHandle
                0x20000c7c        0x4 ./drivers/fsl_flexspi.o
 .bss.s_flexspiIsr
                0x20000c80        0x4 ./drivers/fsl_flexspi.o
 .bss.s_nvicContext
                0x20000c84       0xec ./drivers/fsl_power.o
 .bss.s_systickContext
                0x20000d70        0x8 ./drivers/fsl_power.o
 .bss.s_clockContext
                0x20000d78        0x4 ./drivers/fsl_power.o
 .bss.s_gdetSensorContext
                0x20000d7c       0x28 ./drivers/fsl_power.o
 .bss.s_captPulseCb
                0x20000da4        0x4 ./drivers/fsl_power.o
 .bss.s_captPulseCbParam
                0x20000da8        0x4 ./drivers/fsl_power.o
 .bss.s_preSwitch
                0x20000dac        0x4 ./drivers/fsl_power.o
 .bss.s_preSwitchParam
                0x20000db0        0x4 ./drivers/fsl_power.o
 .bss.s_postSwitch
                0x20000db4        0x4 ./drivers/fsl_power.o
 .bss.s_postSwitchParam
                0x20000db8        0x4 ./drivers/fsl_power.o
 .bss.s_gdetCfgloadFunc
                0x20000dbc        0x4 ./drivers/fsl_power.o
 .bss.s_gdetCfgData
                0x20000dc0       0x1c ./drivers/fsl_power.o
 .bss.errno     0x20000ddc        0x4 C:/nxp/MCUXpressoIDE_24.12.148/ide/plugins/com.nxp.mcuxpresso.tools.win32_24.12.0.202407110909/tools/bin/../lib/gcc/arm-none-eabi/13.2.1/../../../../arm-none-eabi/lib/thumb/v8-m.main+fp/hard\libcr_c.a(errno.o)
                0x20000ddc                errno
 .bss.__Ciob    0x20000de0       0xb4 C:/nxp/MCUXpressoIDE_24.12.148/ide/plugins/com.nxp.mcuxpresso.tools.win32_24.12.0.202407110909/tools/bin/../lib/gcc/arm-none-eabi/13.2.1/../../../../arm-none-eabi/lib/thumb/v8-m.main+fp/hard\libcr_nohost_nf.a(__ciob.o)
                0x20000de0                __Ciob
 .bss.txIndex   0x20000e94        0x2 ./source/usart_interrupt.o
                0x20000e94                txIndex
 .bss.rxIndex   0x20000e96        0x2 ./source/usart_interrupt.o
                0x20000e96                rxIndex
 *(SORT_BY_ALIGNMENT(COMMON))
                0x20000e98                        . = ALIGN (0x4)
                0x20000e98                        _ebss = .
                [!provide]                        PROVIDE (__end_bss_RAM = .)
                [!provide]                        PROVIDE (__end_bss_SRAM = .)
                [!provide]                        PROVIDE (end = .)

.noinit         0x20000e98        0x0
                0x20000e98                        _noinit = .
                [!provide]                        PROVIDE (__start_noinit_RAM = .)
                [!provide]                        PROVIDE (__start_noinit_SRAM = .)
 *(SORT_BY_ALIGNMENT(.noinit*))
                0x20000e98                        . = ALIGN (0x4)
                0x20000e98                        _end_noinit = .
                [!provide]                        PROVIDE (__end_noinit_RAM = .)
                [!provide]                        PROVIDE (__end_noinit_SRAM = .)
                0x00001000                        _HeapSize = 0x1000

.heap           0x20000e98     0x1000
                0x20000e98                        _pvHeapStart = .
                0x20001e98                        . = (. + _HeapSize)
 *fill*         0x20000e98     0x1000 
                0x20001e98                        . = ALIGN (0x4)
                0x20001e98                        _pvHeapLimit = .
                0x00001000                        _StackSize = 0x1000

.heap2stackfill
                0x20001e98     0x1000
                0x20002e98                        . = (. + _StackSize)
 *fill*         0x20001e98     0x1000 

.stack          0x2012f000        0x0
                0x2012f000                        _vStackBase = .
                0x2012f000                        . = ALIGN (0x4)
                0x20130000                        _vStackTop = (. + _StackSize)
                0x08001000                        _image_start = LOADADDR (.text)
                0x08007a80                        _image_end = (LOADADDR (.data) + SIZEOF (.data))
                0x00006a80                        _image_size = (_image_end - _image_start)
OUTPUT(frdmrw612_usart_interrupt.axf elf32-littlearm)
LOAD linker stubs

.debug_info     0x00000000    0x1efbe
 .debug_info    0x00000000      0x12e ./utilities/fsl_assert.o
 .debug_info    0x0000012e      0xce8 ./utilities/fsl_debug_console.o
 .debug_info    0x00000e16       0x24 ./utilities/fsl_memcpy.o
 .debug_info    0x00000e3a     0x11bf ./startup/startup_rw612.o
 .debug_info    0x00001ff9       0x3c ./source/semihost_hardfault.o
 .debug_info    0x00002035     0x1111 ./source/usart_interrupt.o
 .debug_info    0x00003146      0x809 ./flash_config/flash_config.o
 .debug_info    0x0000394f     0x3953 ./drivers/fsl_clock.o
 .debug_info    0x000072a2      0x623 ./drivers/fsl_common_arm.o
 .debug_info    0x000078c5      0xee8 ./drivers/fsl_flexcomm.o
 .debug_info    0x000087ad     0x262b ./drivers/fsl_flexspi.o
 .debug_info    0x0000add8      0xe78 ./drivers/fsl_ocotp.o
 .debug_info    0x0000bc50     0x5033 ./drivers/fsl_power.o
 .debug_info    0x00010c83      0x4ac ./drivers/fsl_reset.o
 .debug_info    0x0001112f     0x1b84 ./drivers/fsl_usart.o
 .debug_info    0x00012cb3     0x17d7 ./device/system_RW612.o
 .debug_info    0x0001448a      0xd98 ./component/uart/fsl_adapter_usart.o
 .debug_info    0x00015222      0xf42 ./component/els_pkc/src/comps/mcuxClEls/src/mcuxClEls_Common.o
 .debug_info    0x00016164      0x6d7 ./component/els_pkc/src/comps/mcuxClEls/src/mcuxClEls_GlitchDetector.o
 .debug_info    0x0001683b     0x3b12 ./board/board.o
 .debug_info    0x0001a34d     0x192d ./board/clock_config.o
 .debug_info    0x0001bc7a      0x9f8 ./board/pin_mux.o
 .debug_info    0x0001c672       0x85 C:/nxp/MCUXpressoIDE_24.12.148/ide/plugins/com.nxp.mcuxpresso.tools.win32_24.12.0.202407110909/tools/bin/../lib/gcc/arm-none-eabi/13.2.1/../../../../arm-none-eabi/lib/thumb/v8-m.main+fp/hard\libcr_nohost_nf.a(_cr__main.o)
 .debug_info    0x0001c6f7       0xfc C:/nxp/MCUXpressoIDE_24.12.148/ide/plugins/com.nxp.mcuxpresso.tools.win32_24.12.0.202407110909/tools/bin/../lib/gcc/arm-none-eabi/13.2.1/../../../../arm-none-eabi/lib/thumb/v8-m.main+fp/hard\libcr_c.a(memset.o)
 .debug_info    0x0001c7f3      0x520 C:/nxp/MCUXpressoIDE_24.12.148/ide/plugins/com.nxp.mcuxpresso.tools.win32_24.12.0.202407110909/tools/bin/../lib/gcc/arm-none-eabi/13.2.1/../../../../arm-none-eabi/lib/thumb/v8-m.main+fp/hard\libcr_c.a(alloc.o)
 .debug_info    0x0001cd13       0x44 C:/nxp/MCUXpressoIDE_24.12.148/ide/plugins/com.nxp.mcuxpresso.tools.win32_24.12.0.202407110909/tools/bin/../lib/gcc/arm-none-eabi/13.2.1/../../../../arm-none-eabi/lib/thumb/v8-m.main+fp/hard\libcr_c.a(errno.o)
 .debug_info    0x0001cd57      0x339 C:/nxp/MCUXpressoIDE_24.12.148/ide/plugins/com.nxp.mcuxpresso.tools.win32_24.12.0.202407110909/tools/bin/../lib/gcc/arm-none-eabi/13.2.1/../../../../arm-none-eabi/lib/thumb/v8-m.main+fp/hard\libcr_c.a(initio.o)
 .debug_info    0x0001d090      0x1fd C:/nxp/MCUXpressoIDE_24.12.148/ide/plugins/com.nxp.mcuxpresso.tools.win32_24.12.0.202407110909/tools/bin/../lib/gcc/arm-none-eabi/13.2.1/../../../../arm-none-eabi/lib/thumb/v8-m.main+fp/hard\libcr_c.a(setvbuf.o)
 .debug_info    0x0001d28d       0xe1 C:/nxp/MCUXpressoIDE_24.12.148/ide/plugins/com.nxp.mcuxpresso.tools.win32_24.12.0.202407110909/tools/bin/../lib/gcc/arm-none-eabi/13.2.1/../../../../arm-none-eabi/lib/thumb/v8-m.main+fp/hard\libcr_c.a(strlen.o)
 .debug_info    0x0001d36e      0x369 C:/nxp/MCUXpressoIDE_24.12.148/ide/plugins/com.nxp.mcuxpresso.tools.win32_24.12.0.202407110909/tools/bin/../lib/gcc/arm-none-eabi/13.2.1/../../../../arm-none-eabi/lib/thumb/v8-m.main+fp/hard\libcr_c.a(_deferredlazyseek.o)
 .debug_info    0x0001d6d7      0x24b C:/nxp/MCUXpressoIDE_24.12.148/ide/plugins/com.nxp.mcuxpresso.tools.win32_24.12.0.202407110909/tools/bin/../lib/gcc/arm-none-eabi/13.2.1/../../../../arm-none-eabi/lib/thumb/v8-m.main+fp/hard\libcr_c.a(_fdopen.o)
 .debug_info    0x0001d922      0x1e3 C:/nxp/MCUXpressoIDE_24.12.148/ide/plugins/com.nxp.mcuxpresso.tools.win32_24.12.0.202407110909/tools/bin/../lib/gcc/arm-none-eabi/13.2.1/../../../../arm-none-eabi/lib/thumb/v8-m.main+fp/hard\libcr_c.a(_fflush.o)
 .debug_info    0x0001db05      0x289 C:/nxp/MCUXpressoIDE_24.12.148/ide/plugins/com.nxp.mcuxpresso.tools.win32_24.12.0.202407110909/tools/bin/../lib/gcc/arm-none-eabi/13.2.1/../../../../arm-none-eabi/lib/thumb/v8-m.main+fp/hard\libcr_c.a(_writebuf.o)
 .debug_info    0x0001dd8e      0x318 C:/nxp/MCUXpressoIDE_24.12.148/ide/plugins/com.nxp.mcuxpresso.tools.win32_24.12.0.202407110909/tools/bin/../lib/gcc/arm-none-eabi/13.2.1/../../../../arm-none-eabi/lib/thumb/v8-m.main+fp/hard\libcr_c.a(fclose.o)
 .debug_info    0x0001e0a6      0x209 C:/nxp/MCUXpressoIDE_24.12.148/ide/plugins/com.nxp.mcuxpresso.tools.win32_24.12.0.202407110909/tools/bin/../lib/gcc/arm-none-eabi/13.2.1/../../../../arm-none-eabi/lib/thumb/v8-m.main+fp/hard\libcr_c.a(fflush.o)
 .debug_info    0x0001e2af      0x276 C:/nxp/MCUXpressoIDE_24.12.148/ide/plugins/com.nxp.mcuxpresso.tools.win32_24.12.0.202407110909/tools/bin/../lib/gcc/arm-none-eabi/13.2.1/../../../../arm-none-eabi/lib/thumb/v8-m.main+fp/hard\libcr_c.a(fseek.o)
 .debug_info    0x0001e525      0x197 C:/nxp/MCUXpressoIDE_24.12.148/ide/plugins/com.nxp.mcuxpresso.tools.win32_24.12.0.202407110909/tools/bin/../lib/gcc/arm-none-eabi/13.2.1/../../../../arm-none-eabi/lib/thumb/v8-m.main+fp/hard\libcr_c.a(ftell.o)
 .debug_info    0x0001e6bc      0x1d7 C:/nxp/MCUXpressoIDE_24.12.148/ide/plugins/com.nxp.mcuxpresso.tools.win32_24.12.0.202407110909/tools/bin/../lib/gcc/arm-none-eabi/13.2.1/../../../../arm-none-eabi/lib/thumb/v8-m.main+fp/hard\libcr_c.a(remove.o)
 .debug_info    0x0001e893      0x23a C:/nxp/MCUXpressoIDE_24.12.148/ide/plugins/com.nxp.mcuxpresso.tools.win32_24.12.0.202407110909/tools/bin/../lib/gcc/arm-none-eabi/13.2.1/../../../../arm-none-eabi/lib/thumb/v8-m.main+fp/hard\libcr_c.a(_do_fflush.o)
 .debug_info    0x0001eacd      0x18b C:/nxp/MCUXpressoIDE_24.12.148/ide/plugins/com.nxp.mcuxpresso.tools.win32_24.12.0.202407110909/tools/bin/../lib/gcc/arm-none-eabi/13.2.1/../../../../arm-none-eabi/lib/thumb/v8-m.main+fp/hard\libcr_nohost_nf.a(__ciob.o)
 .debug_info    0x0001ec58       0x6a C:/nxp/MCUXpressoIDE_24.12.148/ide/plugins/com.nxp.mcuxpresso.tools.win32_24.12.0.202407110909/tools/bin/../lib/gcc/arm-none-eabi/13.2.1/../../../../arm-none-eabi/lib/thumb/v8-m.main+fp/hard\libcr_nohost_nf.a(__sys_close.o)
 .debug_info    0x0001ecc2       0x6a C:/nxp/MCUXpressoIDE_24.12.148/ide/plugins/com.nxp.mcuxpresso.tools.win32_24.12.0.202407110909/tools/bin/../lib/gcc/arm-none-eabi/13.2.1/../../../../arm-none-eabi/lib/thumb/v8-m.main+fp/hard\libcr_nohost_nf.a(__sys_flen.o)
 .debug_info    0x0001ed2c       0x6a C:/nxp/MCUXpressoIDE_24.12.148/ide/plugins/com.nxp.mcuxpresso.tools.win32_24.12.0.202407110909/tools/bin/../lib/gcc/arm-none-eabi/13.2.1/../../../../arm-none-eabi/lib/thumb/v8-m.main+fp/hard\libcr_nohost_nf.a(__sys_istty.o)
 .debug_info    0x0001ed96       0x8a C:/nxp/MCUXpressoIDE_24.12.148/ide/plugins/com.nxp.mcuxpresso.tools.win32_24.12.0.202407110909/tools/bin/../lib/gcc/arm-none-eabi/13.2.1/../../../../arm-none-eabi/lib/thumb/v8-m.main+fp/hard\libcr_nohost_nf.a(__sys_remove.o)
 .debug_info    0x0001ee20       0x78 C:/nxp/MCUXpressoIDE_24.12.148/ide/plugins/com.nxp.mcuxpresso.tools.win32_24.12.0.202407110909/tools/bin/../lib/gcc/arm-none-eabi/13.2.1/../../../../arm-none-eabi/lib/thumb/v8-m.main+fp/hard\libcr_nohost_nf.a(__sys_seek.o)
 .debug_info    0x0001ee98       0x93 C:/nxp/MCUXpressoIDE_24.12.148/ide/plugins/com.nxp.mcuxpresso.tools.win32_24.12.0.202407110909/tools/bin/../lib/gcc/arm-none-eabi/13.2.1/../../../../arm-none-eabi/lib/thumb/v8-m.main+fp/hard\libcr_nohost_nf.a(__sys_tmpnam.o)
 .debug_info    0x0001ef2b       0x93 C:/nxp/MCUXpressoIDE_24.12.148/ide/plugins/com.nxp.mcuxpresso.tools.win32_24.12.0.202407110909/tools/bin/../lib/gcc/arm-none-eabi/13.2.1/../../../../arm-none-eabi/lib/thumb/v8-m.main+fp/hard\libcr_nohost_nf.a(__sys_write.o)

.debug_abbrev   0x00000000     0x45de
 .debug_abbrev  0x00000000       0xbd ./utilities/fsl_assert.o
 .debug_abbrev  0x000000bd      0x256 ./utilities/fsl_debug_console.o
 .debug_abbrev  0x00000313       0x14 ./utilities/fsl_memcpy.o
 .debug_abbrev  0x00000327      0x15f ./startup/startup_rw612.o
 .debug_abbrev  0x00000486       0x31 ./source/semihost_hardfault.o
 .debug_abbrev  0x000004b7      0x2ce ./source/usart_interrupt.o
 .debug_abbrev  0x00000785       0xf3 ./flash_config/flash_config.o
 .debug_abbrev  0x00000878      0x483 ./drivers/fsl_clock.o
 .debug_abbrev  0x00000cfb      0x17b ./drivers/fsl_common_arm.o
 .debug_abbrev  0x00000e76      0x272 ./drivers/fsl_flexcomm.o
 .debug_abbrev  0x000010e8      0x387 ./drivers/fsl_flexspi.o
 .debug_abbrev  0x0000146f      0x2a7 ./drivers/fsl_ocotp.o
 .debug_abbrev  0x00001716      0x4b1 ./drivers/fsl_power.o
 .debug_abbrev  0x00001bc7      0x132 ./drivers/fsl_reset.o
 .debug_abbrev  0x00001cf9      0x420 ./drivers/fsl_usart.o
 .debug_abbrev  0x00002119      0x21c ./device/system_RW612.o
 .debug_abbrev  0x00002335      0x243 ./component/uart/fsl_adapter_usart.o
 .debug_abbrev  0x00002578      0x268 ./component/els_pkc/src/comps/mcuxClEls/src/mcuxClEls_Common.o
 .debug_abbrev  0x000027e0      0x14d ./component/els_pkc/src/comps/mcuxClEls/src/mcuxClEls_GlitchDetector.o
 .debug_abbrev  0x0000292d      0x40c ./board/board.o
 .debug_abbrev  0x00002d39      0x1f2 ./board/clock_config.o
 .debug_abbrev  0x00002f2b      0x143 ./board/pin_mux.o
 .debug_abbrev  0x0000306e       0x70 C:/nxp/MCUXpressoIDE_24.12.148/ide/plugins/com.nxp.mcuxpresso.tools.win32_24.12.0.202407110909/tools/bin/../lib/gcc/arm-none-eabi/13.2.1/../../../../arm-none-eabi/lib/thumb/v8-m.main+fp/hard\libcr_nohost_nf.a(_cr__main.o)
 .debug_abbrev  0x000030de       0xa8 C:/nxp/MCUXpressoIDE_24.12.148/ide/plugins/com.nxp.mcuxpresso.tools.win32_24.12.0.202407110909/tools/bin/../lib/gcc/arm-none-eabi/13.2.1/../../../../arm-none-eabi/lib/thumb/v8-m.main+fp/hard\libcr_c.a(memset.o)
 .debug_abbrev  0x00003186      0x284 C:/nxp/MCUXpressoIDE_24.12.148/ide/plugins/com.nxp.mcuxpresso.tools.win32_24.12.0.202407110909/tools/bin/../lib/gcc/arm-none-eabi/13.2.1/../../../../arm-none-eabi/lib/thumb/v8-m.main+fp/hard\libcr_c.a(alloc.o)
 .debug_abbrev  0x0000340a       0x44 C:/nxp/MCUXpressoIDE_24.12.148/ide/plugins/com.nxp.mcuxpresso.tools.win32_24.12.0.202407110909/tools/bin/../lib/gcc/arm-none-eabi/13.2.1/../../../../arm-none-eabi/lib/thumb/v8-m.main+fp/hard\libcr_c.a(errno.o)
 .debug_abbrev  0x0000344e      0x169 C:/nxp/MCUXpressoIDE_24.12.148/ide/plugins/com.nxp.mcuxpresso.tools.win32_24.12.0.202407110909/tools/bin/../lib/gcc/arm-none-eabi/13.2.1/../../../../arm-none-eabi/lib/thumb/v8-m.main+fp/hard\libcr_c.a(initio.o)
 .debug_abbrev  0x000035b7       0xe1 C:/nxp/MCUXpressoIDE_24.12.148/ide/plugins/com.nxp.mcuxpresso.tools.win32_24.12.0.202407110909/tools/bin/../lib/gcc/arm-none-eabi/13.2.1/../../../../arm-none-eabi/lib/thumb/v8-m.main+fp/hard\libcr_c.a(setvbuf.o)
 .debug_abbrev  0x00003698       0xa7 C:/nxp/MCUXpressoIDE_24.12.148/ide/plugins/com.nxp.mcuxpresso.tools.win32_24.12.0.202407110909/tools/bin/../lib/gcc/arm-none-eabi/13.2.1/../../../../arm-none-eabi/lib/thumb/v8-m.main+fp/hard\libcr_c.a(strlen.o)
 .debug_abbrev  0x0000373f      0x152 C:/nxp/MCUXpressoIDE_24.12.148/ide/plugins/com.nxp.mcuxpresso.tools.win32_24.12.0.202407110909/tools/bin/../lib/gcc/arm-none-eabi/13.2.1/../../../../arm-none-eabi/lib/thumb/v8-m.main+fp/hard\libcr_c.a(_deferredlazyseek.o)
 .debug_abbrev  0x00003891      0x119 C:/nxp/MCUXpressoIDE_24.12.148/ide/plugins/com.nxp.mcuxpresso.tools.win32_24.12.0.202407110909/tools/bin/../lib/gcc/arm-none-eabi/13.2.1/../../../../arm-none-eabi/lib/thumb/v8-m.main+fp/hard\libcr_c.a(_fdopen.o)
 .debug_abbrev  0x000039aa       0xf1 C:/nxp/MCUXpressoIDE_24.12.148/ide/plugins/com.nxp.mcuxpresso.tools.win32_24.12.0.202407110909/tools/bin/../lib/gcc/arm-none-eabi/13.2.1/../../../../arm-none-eabi/lib/thumb/v8-m.main+fp/hard\libcr_c.a(_fflush.o)
 .debug_abbrev  0x00003a9b      0x126 C:/nxp/MCUXpressoIDE_24.12.148/ide/plugins/com.nxp.mcuxpresso.tools.win32_24.12.0.202407110909/tools/bin/../lib/gcc/arm-none-eabi/13.2.1/../../../../arm-none-eabi/lib/thumb/v8-m.main+fp/hard\libcr_c.a(_writebuf.o)
 .debug_abbrev  0x00003bc1      0x155 C:/nxp/MCUXpressoIDE_24.12.148/ide/plugins/com.nxp.mcuxpresso.tools.win32_24.12.0.202407110909/tools/bin/../lib/gcc/arm-none-eabi/13.2.1/../../../../arm-none-eabi/lib/thumb/v8-m.main+fp/hard\libcr_c.a(fclose.o)
 .debug_abbrev  0x00003d16      0x125 C:/nxp/MCUXpressoIDE_24.12.148/ide/plugins/com.nxp.mcuxpresso.tools.win32_24.12.0.202407110909/tools/bin/../lib/gcc/arm-none-eabi/13.2.1/../../../../arm-none-eabi/lib/thumb/v8-m.main+fp/hard\libcr_c.a(fflush.o)
 .debug_abbrev  0x00003e3b      0x11b C:/nxp/MCUXpressoIDE_24.12.148/ide/plugins/com.nxp.mcuxpresso.tools.win32_24.12.0.202407110909/tools/bin/../lib/gcc/arm-none-eabi/13.2.1/../../../../arm-none-eabi/lib/thumb/v8-m.main+fp/hard\libcr_c.a(fseek.o)
 .debug_abbrev  0x00003f56       0xc2 C:/nxp/MCUXpressoIDE_24.12.148/ide/plugins/com.nxp.mcuxpresso.tools.win32_24.12.0.202407110909/tools/bin/../lib/gcc/arm-none-eabi/13.2.1/../../../../arm-none-eabi/lib/thumb/v8-m.main+fp/hard\libcr_c.a(ftell.o)
 .debug_abbrev  0x00004018       0xfb C:/nxp/MCUXpressoIDE_24.12.148/ide/plugins/com.nxp.mcuxpresso.tools.win32_24.12.0.202407110909/tools/bin/../lib/gcc/arm-none-eabi/13.2.1/../../../../arm-none-eabi/lib/thumb/v8-m.main+fp/hard\libcr_c.a(remove.o)
 .debug_abbrev  0x00004113      0x12c C:/nxp/MCUXpressoIDE_24.12.148/ide/plugins/com.nxp.mcuxpresso.tools.win32_24.12.0.202407110909/tools/bin/../lib/gcc/arm-none-eabi/13.2.1/../../../../arm-none-eabi/lib/thumb/v8-m.main+fp/hard\libcr_c.a(_do_fflush.o)
 .debug_abbrev  0x0000423f       0xb5 C:/nxp/MCUXpressoIDE_24.12.148/ide/plugins/com.nxp.mcuxpresso.tools.win32_24.12.0.202407110909/tools/bin/../lib/gcc/arm-none-eabi/13.2.1/../../../../arm-none-eabi/lib/thumb/v8-m.main+fp/hard\libcr_nohost_nf.a(__ciob.o)
 .debug_abbrev  0x000042f4       0x5c C:/nxp/MCUXpressoIDE_24.12.148/ide/plugins/com.nxp.mcuxpresso.tools.win32_24.12.0.202407110909/tools/bin/../lib/gcc/arm-none-eabi/13.2.1/../../../../arm-none-eabi/lib/thumb/v8-m.main+fp/hard\libcr_nohost_nf.a(__sys_close.o)
 .debug_abbrev  0x00004350       0x5c C:/nxp/MCUXpressoIDE_24.12.148/ide/plugins/com.nxp.mcuxpresso.tools.win32_24.12.0.202407110909/tools/bin/../lib/gcc/arm-none-eabi/13.2.1/../../../../arm-none-eabi/lib/thumb/v8-m.main+fp/hard\libcr_nohost_nf.a(__sys_flen.o)
 .debug_abbrev  0x000043ac       0x5c C:/nxp/MCUXpressoIDE_24.12.148/ide/plugins/com.nxp.mcuxpresso.tools.win32_24.12.0.202407110909/tools/bin/../lib/gcc/arm-none-eabi/13.2.1/../../../../arm-none-eabi/lib/thumb/v8-m.main+fp/hard\libcr_nohost_nf.a(__sys_istty.o)
 .debug_abbrev  0x00004408       0x7d C:/nxp/MCUXpressoIDE_24.12.148/ide/plugins/com.nxp.mcuxpresso.tools.win32_24.12.0.202407110909/tools/bin/../lib/gcc/arm-none-eabi/13.2.1/../../../../arm-none-eabi/lib/thumb/v8-m.main+fp/hard\libcr_nohost_nf.a(__sys_remove.o)
 .debug_abbrev  0x00004485       0x6d C:/nxp/MCUXpressoIDE_24.12.148/ide/plugins/com.nxp.mcuxpresso.tools.win32_24.12.0.202407110909/tools/bin/../lib/gcc/arm-none-eabi/13.2.1/../../../../arm-none-eabi/lib/thumb/v8-m.main+fp/hard\libcr_nohost_nf.a(__sys_seek.o)
 .debug_abbrev  0x000044f2       0x76 C:/nxp/MCUXpressoIDE_24.12.148/ide/plugins/com.nxp.mcuxpresso.tools.win32_24.12.0.202407110909/tools/bin/../lib/gcc/arm-none-eabi/13.2.1/../../../../arm-none-eabi/lib/thumb/v8-m.main+fp/hard\libcr_nohost_nf.a(__sys_tmpnam.o)
 .debug_abbrev  0x00004568       0x76 C:/nxp/MCUXpressoIDE_24.12.148/ide/plugins/com.nxp.mcuxpresso.tools.win32_24.12.0.202407110909/tools/bin/../lib/gcc/arm-none-eabi/13.2.1/../../../../arm-none-eabi/lib/thumb/v8-m.main+fp/hard\libcr_nohost_nf.a(__sys_write.o)

.debug_aranges  0x00000000     0x12d0
 .debug_aranges
                0x00000000       0x28 ./utilities/fsl_assert.o
 .debug_aranges
                0x00000028       0x78 ./utilities/fsl_debug_console.o
 .debug_aranges
                0x000000a0       0x20 ./utilities/fsl_memcpy.o
 .debug_aranges
                0x000000c0      0x490 ./startup/startup_rw612.o
 .debug_aranges
                0x00000550       0x20 ./source/semihost_hardfault.o
 .debug_aranges
                0x00000570       0x58 ./source/usart_interrupt.o
 .debug_aranges
                0x000005c8       0x18 ./flash_config/flash_config.o
 .debug_aranges
                0x000005e0      0x228 ./drivers/fsl_clock.o
 .debug_aranges
                0x00000808       0x38 ./drivers/fsl_common_arm.o
 .debug_aranges
                0x00000840       0x68 ./drivers/fsl_flexcomm.o
 .debug_aranges
                0x000008a8       0xf0 ./drivers/fsl_flexspi.o
 .debug_aranges
                0x00000998       0x70 ./drivers/fsl_ocotp.o
 .debug_aranges
                0x00000a08      0x178 ./drivers/fsl_power.o
 .debug_aranges
                0x00000b80       0x30 ./drivers/fsl_reset.o
 .debug_aranges
                0x00000bb0      0x108 ./drivers/fsl_usart.o
 .debug_aranges
                0x00000cb8       0x78 ./device/system_RW612.o
 .debug_aranges
                0x00000d30       0x58 ./component/uart/fsl_adapter_usart.o
 .debug_aranges
                0x00000d88       0xb8 ./component/els_pkc/src/comps/mcuxClEls/src/mcuxClEls_Common.o
 .debug_aranges
                0x00000e40       0x60 ./component/els_pkc/src/comps/mcuxClEls/src/mcuxClEls_GlitchDetector.o
 .debug_aranges
                0x00000ea0       0x88 ./board/board.o
 .debug_aranges
                0x00000f28       0x30 ./board/clock_config.o
 .debug_aranges
                0x00000f58       0x30 ./board/pin_mux.o
 .debug_aranges
                0x00000f88       0x20 C:/nxp/MCUXpressoIDE_24.12.148/ide/plugins/com.nxp.mcuxpresso.tools.win32_24.12.0.202407110909/tools/bin/../lib/gcc/arm-none-eabi/13.2.1/../../../../arm-none-eabi/lib/thumb/v8-m.main+fp/hard\libcr_nohost_nf.a(_cr__main.o)
 .debug_aranges
                0x00000fa8       0x20 C:/nxp/MCUXpressoIDE_24.12.148/ide/plugins/com.nxp.mcuxpresso.tools.win32_24.12.0.202407110909/tools/bin/../lib/gcc/arm-none-eabi/13.2.1/../../../../arm-none-eabi/lib/thumb/v8-m.main+fp/hard\libcr_c.a(memset.o)
 .debug_aranges
                0x00000fc8       0x40 C:/nxp/MCUXpressoIDE_24.12.148/ide/plugins/com.nxp.mcuxpresso.tools.win32_24.12.0.202407110909/tools/bin/../lib/gcc/arm-none-eabi/13.2.1/../../../../arm-none-eabi/lib/thumb/v8-m.main+fp/hard\libcr_c.a(alloc.o)
 .debug_aranges
                0x00001008       0x18 C:/nxp/MCUXpressoIDE_24.12.148/ide/plugins/com.nxp.mcuxpresso.tools.win32_24.12.0.202407110909/tools/bin/../lib/gcc/arm-none-eabi/13.2.1/../../../../arm-none-eabi/lib/thumb/v8-m.main+fp/hard\libcr_c.a(errno.o)
 .debug_aranges
                0x00001020       0x28 C:/nxp/MCUXpressoIDE_24.12.148/ide/plugins/com.nxp.mcuxpresso.tools.win32_24.12.0.202407110909/tools/bin/../lib/gcc/arm-none-eabi/13.2.1/../../../../arm-none-eabi/lib/thumb/v8-m.main+fp/hard\libcr_c.a(initio.o)
 .debug_aranges
                0x00001048       0x20 C:/nxp/MCUXpressoIDE_24.12.148/ide/plugins/com.nxp.mcuxpresso.tools.win32_24.12.0.202407110909/tools/bin/../lib/gcc/arm-none-eabi/13.2.1/../../../../arm-none-eabi/lib/thumb/v8-m.main+fp/hard\libcr_c.a(setvbuf.o)
 .debug_aranges
                0x00001068       0x20 C:/nxp/MCUXpressoIDE_24.12.148/ide/plugins/com.nxp.mcuxpresso.tools.win32_24.12.0.202407110909/tools/bin/../lib/gcc/arm-none-eabi/13.2.1/../../../../arm-none-eabi/lib/thumb/v8-m.main+fp/hard\libcr_c.a(strlen.o)
 .debug_aranges
                0x00001088       0x28 C:/nxp/MCUXpressoIDE_24.12.148/ide/plugins/com.nxp.mcuxpresso.tools.win32_24.12.0.202407110909/tools/bin/../lib/gcc/arm-none-eabi/13.2.1/../../../../arm-none-eabi/lib/thumb/v8-m.main+fp/hard\libcr_c.a(_deferredlazyseek.o)
 .debug_aranges
                0x000010b0       0x20 C:/nxp/MCUXpressoIDE_24.12.148/ide/plugins/com.nxp.mcuxpresso.tools.win32_24.12.0.202407110909/tools/bin/../lib/gcc/arm-none-eabi/13.2.1/../../../../arm-none-eabi/lib/thumb/v8-m.main+fp/hard\libcr_c.a(_fdopen.o)
 .debug_aranges
                0x000010d0       0x20 C:/nxp/MCUXpressoIDE_24.12.148/ide/plugins/com.nxp.mcuxpresso.tools.win32_24.12.0.202407110909/tools/bin/../lib/gcc/arm-none-eabi/13.2.1/../../../../arm-none-eabi/lib/thumb/v8-m.main+fp/hard\libcr_c.a(_fflush.o)
 .debug_aranges
                0x000010f0       0x20 C:/nxp/MCUXpressoIDE_24.12.148/ide/plugins/com.nxp.mcuxpresso.tools.win32_24.12.0.202407110909/tools/bin/../lib/gcc/arm-none-eabi/13.2.1/../../../../arm-none-eabi/lib/thumb/v8-m.main+fp/hard\libcr_c.a(_writebuf.o)
 .debug_aranges
                0x00001110       0x20 C:/nxp/MCUXpressoIDE_24.12.148/ide/plugins/com.nxp.mcuxpresso.tools.win32_24.12.0.202407110909/tools/bin/../lib/gcc/arm-none-eabi/13.2.1/../../../../arm-none-eabi/lib/thumb/v8-m.main+fp/hard\libcr_c.a(fclose.o)
 .debug_aranges