Archive member included to satisfy reference by file (symbol)

C:/nxp/MCUXpressoIDE_24.12.148/ide/plugins/com.nxp.mcuxpresso.tools.win32_24.12.0.202407110909/tools/bin/../lib/gcc/arm-none-eabi/13.2.1/../../../../arm-none-eabi/lib/thumb/v8-m.main+fp/hard\libcr_nohost_nf.a(_cr__main.o)
                              ./startup/startup_rw612.o (__main)
C:/nxp/MCUXpressoIDE_24.12.148/ide/plugins/com.nxp.mcuxpresso.tools.win32_24.12.0.202407110909/tools/bin/../lib/gcc/arm-none-eabi/13.2.1/../../../../arm-none-eabi/lib/thumb/v8-m.main+fp/hard\libcr_c.a(memset.o)
                              ./drivers/fsl_cache.o (memset)
C:/nxp/MCUXpressoIDE_24.12.148/ide/plugins/com.nxp.mcuxpresso.tools.win32_24.12.0.202407110909/tools/bin/../lib/gcc/arm-none-eabi/13.2.1/../../../../arm-none-eabi/lib/thumb/v8-m.main+fp/hard\libcr_c.a(alloc.o)
                              ./drivers/fsl_common.o (malloc)
C:/nxp/MCUXpressoIDE_24.12.148/ide/plugins/com.nxp.mcuxpresso.tools.win32_24.12.0.202407110909/tools/bin/../lib/gcc/arm-none-eabi/13.2.1/../../../../arm-none-eabi/lib/thumb/v8-m.main+fp/hard\libcr_c.a(errno.o)
                              ./utilities/str/fsl_str.o (errno)
C:/nxp/MCUXpressoIDE_24.12.148/ide/plugins/com.nxp.mcuxpresso.tools.win32_24.12.0.202407110909/tools/bin/../lib/gcc/arm-none-eabi/13.2.1/../../../../arm-none-eabi/lib/thumb/v8-m.main+fp/hard\libcr_c.a(initio.o)
                              C:/nxp/MCUXpressoIDE_24.12.148/ide/plugins/com.nxp.mcuxpresso.tools.win32_24.12.0.202407110909/tools/bin/../lib/gcc/arm-none-eabi/13.2.1/../../../../arm-none-eabi/lib/thumb/v8-m.main+fp/hard\libcr_nohost_nf.a(_cr__main.o) (_initio)
C:/nxp/MCUXpressoIDE_24.12.148/ide/plugins/com.nxp.mcuxpresso.tools.win32_24.12.0.202407110909/tools/bin/../lib/gcc/arm-none-eabi/13.2.1/../../../../arm-none-eabi/lib/thumb/v8-m.main+fp/hard\libcr_c.a(scanf.o)
                              ./utilities/str/fsl_str.o (strtoul)
C:/nxp/MCUXpressoIDE_24.12.148/ide/plugins/com.nxp.mcuxpresso.tools.win32_24.12.0.202407110909/tools/bin/../lib/gcc/arm-none-eabi/13.2.1/../../../../arm-none-eabi/lib/thumb/v8-m.main+fp/hard\libcr_c.a(setvbuf.o)
                              C:/nxp/MCUXpressoIDE_24.12.148/ide/plugins/com.nxp.mcuxpresso.tools.win32_24.12.0.202407110909/tools/bin/../lib/gcc/arm-none-eabi/13.2.1/../../../../arm-none-eabi/lib/thumb/v8-m.main+fp/hard\libcr_c.a(initio.o) (setvbuf)
C:/nxp/MCUXpressoIDE_24.12.148/ide/plugins/com.nxp.mcuxpresso.tools.win32_24.12.0.202407110909/tools/bin/../lib/gcc/arm-none-eabi/13.2.1/../../../../arm-none-eabi/lib/thumb/v8-m.main+fp/hard\libcr_c.a(strlen.o)
                              ./utilities/str/fsl_str.o (strlen)
C:/nxp/MCUXpressoIDE_24.12.148/ide/plugins/com.nxp.mcuxpresso.tools.win32_24.12.0.202407110909/tools/bin/../lib/gcc/arm-none-eabi/13.2.1/../../../../arm-none-eabi/lib/thumb/v8-m.main+fp/hard\libcr_c.a(ungetc.o)
                              C:/nxp/MCUXpressoIDE_24.12.148/ide/plugins/com.nxp.mcuxpresso.tools.win32_24.12.0.202407110909/tools/bin/../lib/gcc/arm-none-eabi/13.2.1/../../../../arm-none-eabi/lib/thumb/v8-m.main+fp/hard\libcr_c.a(scanf.o) (ungetc)
C:/nxp/MCUXpressoIDE_24.12.148/ide/plugins/com.nxp.mcuxpresso.tools.win32_24.12.0.202407110909/tools/bin/../lib/gcc/arm-none-eabi/13.2.1/../../../../arm-none-eabi/lib/thumb/v8-m.main+fp/hard\libcr_c.a(__fillbuf.o)
                              C:/nxp/MCUXpressoIDE_24.12.148/ide/plugins/com.nxp.mcuxpresso.tools.win32_24.12.0.202407110909/tools/bin/../lib/gcc/arm-none-eabi/13.2.1/../../../../arm-none-eabi/lib/thumb/v8-m.main+fp/hard\libcr_c.a(scanf.o) (__filbuf)
C:/nxp/MCUXpressoIDE_24.12.148/ide/plugins/com.nxp.mcuxpresso.tools.win32_24.12.0.202407110909/tools/bin/../lib/gcc/arm-none-eabi/13.2.1/../../../../arm-none-eabi/lib/thumb/v8-m.main+fp/hard\libcr_c.a(__init_alloc.o)
                              C:/nxp/MCUXpressoIDE_24.12.148/ide/plugins/com.nxp.mcuxpresso.tools.win32_24.12.0.202407110909/tools/bin/../lib/gcc/arm-none-eabi/13.2.1/../../../../arm-none-eabi/lib/thumb/v8-m.main+fp/hard\libcr_c.a(alloc.o) (__heaps)
C:/nxp/MCUXpressoIDE_24.12.148/ide/plugins/com.nxp.mcuxpresso.tools.win32_24.12.0.202407110909/tools/bin/../lib/gcc/arm-none-eabi/13.2.1/../../../../arm-none-eabi/lib/thumb/v8-m.main+fp/hard\libcr_c.a(_cr_sbrk.o)
                              C:/nxp/MCUXpressoIDE_24.12.148/ide/plugins/com.nxp.mcuxpresso.tools.win32_24.12.0.202407110909/tools/bin/../lib/gcc/arm-none-eabi/13.2.1/../../../../arm-none-eabi/lib/thumb/v8-m.main+fp/hard\libcr_c.a(alloc.o) (_sbrk)
C:/nxp/MCUXpressoIDE_24.12.148/ide/plugins/com.nxp.mcuxpresso.tools.win32_24.12.0.202407110909/tools/bin/../lib/gcc/arm-none-eabi/13.2.1/../../../../arm-none-eabi/lib/thumb/v8-m.main+fp/hard\libcr_c.a(_deferredlazyseek.o)
                              C:/nxp/MCUXpressoIDE_24.12.148/ide/plugins/com.nxp.mcuxpresso.tools.win32_24.12.0.202407110909/tools/bin/../lib/gcc/arm-none-eabi/13.2.1/../../../../arm-none-eabi/lib/thumb/v8-m.main+fp/hard\libcr_c.a(__fillbuf.o) (_deferredlazyseek)
[...]
Memory Configuration

Name             Origin             Length             Attributes
QSPI_FLASH       0x08000000         0x00800000         xr
SRAM             0x20000000         0x00130000         xrw
*default*        0x00000000         0xffffffff

Linker script and memory map

LOAD ./utilities/str/fsl_str.o
LOAD ./utilities/debug_console_lite/fsl_debug_console.o
LOAD ./utilities/fsl_assert.o
LOAD ./utilities/fsl_memcpy.o
LOAD ./startup/startup_rw612.o
LOAD ./source/LIN.o
LOAD ./source/semihost_hardfault.o
LOAD ./source/usart_interrupt.o
LOAD ./flash_config/flash_config.o
LOAD ./drivers/fsl_cache.o
LOAD ./drivers/fsl_clock.o
LOAD ./drivers/fsl_common.o
LOAD ./drivers/fsl_common_arm.o
LOAD ./drivers/fsl_flexcomm.o
LOAD ./drivers/fsl_flexspi.o
LOAD ./drivers/fsl_gpio.o
LOAD ./drivers/fsl_i2s_bridge.o
LOAD ./drivers/fsl_inputmux.o
LOAD ./drivers/fsl_iped.o
LOAD ./drivers/fsl_ocotp.o
LOAD ./drivers/fsl_power.o
LOAD ./drivers/fsl_reset.o
LOAD ./drivers/fsl_usart.o
LOAD ./device/system_RW612.o
LOAD ./component/uart/fsl_adapter_usart.o
LOAD ./component/els_pkc/src/comps/mcuxCsslParamIntegrity/src/mcuxCsslParamIntegrity32.o
LOAD ./component/els_pkc/src/comps/mcuxCsslMemory/src/mcuxCsslMemory_Clear.o
LOAD ./component/els_pkc/src/comps/mcuxCsslMemory/src/mcuxCsslMemory_Compare.o
LOAD ./component/els_pkc/src/comps/mcuxCsslMemory/src/mcuxCsslMemory_Copy.o
LOAD ./component/els_pkc/src/comps/mcuxCsslMemory/src/mcuxCsslMemory_Set.o
LOAD ./component/els_pkc/src/comps/mcuxClMemory/src/mcuxClMemory.o
LOAD ./component/els_pkc/src/comps/mcuxClEls/src/mcuxClEls_Common.o
LOAD ./component/els_pkc/src/comps/mcuxClEls/src/mcuxClEls_GlitchDetector.o
LOAD ./component/els_pkc/src/comps/mcuxClBuffer/src/mcuxClBuffer.o
LOAD ./board/board.o
LOAD ./board/clock_config.o
LOAD ./board/hardware_init.o
LOAD ./board/pin_mux.o
START GROUP
LOAD C:/nxp/MCUXpressoIDE_24.12.148/ide/plugins/com.nxp.mcuxpresso.tools.win32_24.12.0.202407110909/tools/bin/../lib/gcc/arm-none-eabi/13.2.1/../../../../arm-none-eabi/lib/thumb/v8-m.main+fp/hard\libcr_nohost_nf.a
LOAD C:/nxp/MCUXpressoIDE_24.12.148/ide/plugins/com.nxp.mcuxpresso.tools.win32_24.12.0.202407110909/tools/bin/../lib/gcc/arm-none-eabi/13.2.1/../../../../arm-none-eabi/lib/thumb/v8-m.main+fp/hard\libcr_c.a
LOAD C:/nxp/MCUXpressoIDE_24.12.148/ide/plugins/com.nxp.mcuxpresso.tools.win32_24.12.0.202407110909/tools/bin/../lib/gcc/arm-none-eabi/13.2.1/thumb/v8-m.main+fp/hard\libcr_eabihelpers.a
LOAD C:/nxp/MCUXpressoIDE_24.12.148/ide/plugins/com.nxp.mcuxpresso.tools.win32_24.12.0.202407110909/tools/bin/../lib/gcc/arm-none-eabi/13.2.1/thumb/v8-m.main+fp/hard\libgcc.a
END GROUP
                0x08000000                        __base_QSPI_FLASH = 0x8000000
                0x08000000                        __base_Flash = 0x8000000
                0x08800000                        __top_QSPI_FLASH = 0x8800000
                0x08800000                        __top_Flash = 0x8800000
                0x20000000                        __base_SRAM = 0x20000000
                0x20000000                        __base_RAM = 0x20000000
                0x20130000                        __top_SRAM = 0x20130000
                0x20130000                        __top_RAM = 0x20130000

.boot_hdr       0x08000000     0x1000
 FILL mask 0xff
                0x00000400                        . = 0x400
 *fill*         0x08000000      0x400 ff
                0x08000400                        __FLASH_BASE = .
 *(SORT_BY_ALIGNMENT(.flash_conf))
 .flash_conf    0x08000400      0xc00 ./flash_config/flash_config.o
                0x08000400                flexspi_config
                0x00001000                        . = 0x1000

.text           0x08001000     0x66c8
 FILL mask 0xff
                0x08001000                        __vectors_start__ = ABSOLUTE (.)
 *(SORT_BY_ALIGNMENT(.isr_vector))
 .isr_vector    0x08001000      0x244 ./startup/startup_rw612.o
                0x08001000                g_pfnVectors
                0x08001000                __Vectors
                0x08001244                        . = ALIGN (0x4)
                0x08001244                        __section_table_start = .
                0x08001244                        __data_section_table = .
                0x08001244        0x4 LONG 0x80076c8 LOADADDR (.data)
                0x08001248        0x4 LONG 0x20000000 ADDR (.data)
                0x0800124c        0x4 LONG 0xbc0 SIZEOF (.data)
                0x08001250                        __data_section_table_end = .
                0x08001250                        __bss_section_table = .
                0x08001250        0x4 LONG 0x20000bc0 ADDR (.bss)
                0x08001254        0x4 LONG 0x28c SIZEOF (.bss)
                0x08001258                        __bss_section_table_end = .
                0x08001258                        __section_table_end = .
 *(SORT_BY_ALIGNMENT(.after_vectors*))
 .after_vectors.reset
                0x08001258       0x68 ./startup/startup_rw612.o
                0x08001258                ResetISR
 .after_vectors.init_data
                0x080012c0       0x1e ./startup/startup_rw612.o
                0x080012c0                data_init
 .after_vectors.init_bss
                0x080012de       0x12 ./startup/startup_rw612.o
                0x080012de                bss_init
 .after_vectors
                0x080012f0       0x16 ./startup/startup_rw612.o
                0x080012f0                NMI_Handler
                0x080012f4                MemManage_Handler
                0x080012f6                BusFault_Handler
                0x080012f8                UsageFault_Handler
                0x080012fa                SecureFault_Handler
                0x080012fc                SVC_Handler
                0x080012fe                DebugMon_Handler
                0x08001300                PendSV_Handler
                0x08001304                B2MWKUP0_DriverIRQHandler
                0x08001304                DMA0_DriverIRQHandler
                0x08001304                GAU_ACOMP_WKUP_DriverIRQHandler
                0x08001304                SGPIO_INTA_DriverIRQHandler
                0x08001304                B2MWKUP_DONE2_DriverIRQHandler
                0x08001304                Reserved75_DriverIRQHandler
                0x08001304                PKC_ERR_DriverIRQHandler
                0x08001304                BLE_MCI_INT7_DriverIRQHandler
                0x08001304                BLE_MCI_INT3_DriverIRQHandler
                0x08001304                BLE_MCI_INT5_DriverIRQHandler
                0x08001304                B2MWKUP_DONE0_DriverIRQHandler
                0x08001304                HWVAD_DriverIRQHandler
                0x08001304                USIM_DriverIRQHandler
                0x08001304                WKDEEPSLEEP_DriverIRQHandler
                0x08001304                B2MWKUP_DONE3_DriverIRQHandler
                0x08001304                Reserved73_DriverIRQHandler
                0x08001304                WL_MCI_INT5_DriverIRQHandler
                0x08001304                ENET_TIMER_DriverIRQHandler
                0x08001304                PIN_INT3_DriverIRQHandler
                0x08001304                PIN_INT2_DriverIRQHandler
                0x08001304                ELS_DriverIRQHandler
                0x08001304                OTP_DriverIRQHandler
                0x08001304                GPIO_INTB_DriverIRQHandler
                0x08001304                TRNG_DriverIRQHandler
                0x08001304                ACC_C_INT_DriverIRQHandler
                0x08001304                PIN_INT0_DriverIRQHandler
                0x08001304                GFMRT_DriverIRQHandler
                0x08001304                Reserved76_DriverIRQHandler
                0x08001304                CTIMER2_DriverIRQHandler
                0x08001304                Reserved69_DriverIRQHandler
                0x08001304                WL_MCI_INT3_DriverIRQHandler
                0x08001304                SECUREVIOLATION_DriverIRQHandler
                0x08001304                BACC_DriverIRQHandler
                0x08001304                Reserved34_DriverIRQHandler
                0x08001304                IntDefaultHandler
                0x08001304                Reserved138_DriverIRQHandler
                0x08001304                Reserved136_DriverIRQHandler
                0x08001304                Reserved67_DriverIRQHandler
                0x08001304                W2MWKUP_DONE7_DriverIRQHandler
                0x08001304                W2MWKUP1_DriverIRQHandler
                0x08001304                W2MWKUP_DONE4_DriverIRQHandler
                0x08001304                WL_MCI_INT1_DriverIRQHandler
                0x08001304                B2MWKUP_DONE7_DriverIRQHandler
                0x08001304                PIN_INT4_DriverIRQHandler
                0x08001304                PIN_INT5_DriverIRQHandler
                0x08001304                PIN0_INT_DriverIRQHandler
                0x08001304                ENET_DriverIRQHandler
                0x08001304                Reserved47_DriverIRQHandler
                0x08001304                GAU_ADC0_DriverIRQHandler
                0x08001304                CTIMER4_DriverIRQHandler
                0x08001304                WL_MCI_INT0_DriverIRQHandler
                0x08001304                PIN_INT7_DriverIRQHandler
                0x08001304                GDMA_DriverIRQHandler
                0x08001304                BLE_MCI_INT1_DriverIRQHandler
                0x08001304                OS_EVENT_TIMER_DriverIRQHandler
                0x08001304                Reserved38_DriverIRQHandler
                0x08001304                POWERQUAD_DriverIRQHandler
                0x08001304                ELS_GDET_DriverIRQHandler
                0x08001304                Reserved35_DriverIRQHandler
                0x08001304                CTIMER0_DriverIRQHandler
                0x08001304                Reserved79_DriverIRQHandler
                0x08001304                MRT_DriverIRQHandler
                0x08001304                BLE_MCI_INT6_DriverIRQHandler
                0x08001304                CTIMER1_DriverIRQHandler
                0x08001304                PIN1_INT_DriverIRQHandler
                0x08001304                PIN_INT6_DriverIRQHandler
                0x08001304                W2MWKUP_DONE6_DriverIRQHandler
                0x08001304                SGPIO_INTB_DriverIRQHandler
                0x08001304                ACC_S_INT_DriverIRQHandler
                0x08001304                PMIP_CHANGE_DriverIRQHandler
                0x08001304                PIN_INT1_DriverIRQHandler
                0x08001304                W2MWKUP0_DriverIRQHandler
                0x08001304                CTIMER3_DriverIRQHandler
                0x08001304                W2MWKUP_DONE0_DriverIRQHandler
                0x08001304                Reserved74_DriverIRQHandler
                0x08001304                PKC_INT_DriverIRQHandler
                0x08001304                Reserved61_DriverIRQHandler
                0x08001304                WL_MCI_INT2_DriverIRQHandler
                0x08001304                PUF_DriverIRQHandler
                0x08001304                GAU_ACOMP_DriverIRQHandler
                0x08001304                Reserved40_DriverIRQHandler
                0x08001304                RTC_DriverIRQHandler
                0x08001304                WACC_DriverIRQHandler
                0x08001304                Reserved65_DriverIRQHandler
                0x08001304                LCD_DriverIRQHandler
                0x08001304                B2MWKUP1_DriverIRQHandler
                0x08001304                W2MWKUP_DONE1_DriverIRQHandler
                0x08001304                BLE_MCI_INT4_DriverIRQHandler
                0x08001304                PMIP_DriverIRQHandler
                0x08001304                BLE_MCI_INT2_DriverIRQHandler
                0x08001304                GAU_DAC_DriverIRQHandler
                0x08001304                Reserved60_DriverIRQHandler
                0x08001304                WL_MCI_INT4_DriverIRQHandler
                0x08001304                Reserved49_DriverIRQHandler
                0x08001304                DMIC_DriverIRQHandler
                0x08001304                DMA1_DriverIRQHandler
                0x08001304                Reserved137_DriverIRQHandler
                0x08001304                B2MWKUP_DONE4_DriverIRQHandler
                0x08001304                B2MWKUP_DONE1_DriverIRQHandler
                0x08001304                GAU_ADC1_DriverIRQHandler
                0x08001304                BLE_MCI_INT0_DriverIRQHandler
                0x08001304                ELS_GDET_UM_DriverIRQHandler
                0x08001304                WL_MCI_INT7_DriverIRQHandler
                0x08001304                UTICK_DriverIRQHandler
                0x08001304                W2MWKUP_DONE2_DriverIRQHandler
                0x08001304                B2MWKUP_DONE6_DriverIRQHandler
                0x08001304                WDT0_DriverIRQHandler
                0x08001304                Reserved68_DriverIRQHandler
                0x08001304                Reserved59_DriverIRQHandler
                0x08001304                SDIO_DriverIRQHandler
                0x08001304                WL_MCI_INT6_DriverIRQHandler
                0x08001304                W2MWKUP_DONE3_DriverIRQHandler
                0x08001304                B2MWKUP_DONE5_DriverIRQHandler
                0x08001304                CDOG_INT_DriverIRQHandler
                0x08001304                Reserved46_DriverIRQHandler
                0x08001304                Reserved37_DriverIRQHandler
                0x08001304                SCT0_DriverIRQHandler
                0x08001304                HYPERVISOR_DriverIRQHandler
                0x08001304                ITRC_DriverIRQHandler
                0x08001304                Reserved50_DriverIRQHandler
                0x08001304                W2MWKUP_DONE5_DriverIRQHandler
                0x08001304                USB_DriverIRQHandler
 *(SORT_BY_ALIGNMENT(.text*))
 *fill*         0x08001306        0x2 ff
 .text.DbgConsole_Init
                0x08001308       0x88 ./utilities/debug_console_lite/fsl_debug_console.o
                0x08001308                DbgConsole_Init
 .text.DbgConsole_Vprintf
                0x08001390       0x3c ./utilities/debug_console_lite/fsl_debug_console.o
                0x08001390                DbgConsole_Vprintf
 .text.DbgConsole_Putchar
                0x080013cc       0x30 ./utilities/debug_console_lite/fsl_debug_console.o
                0x080013cc                DbgConsole_Putchar
 .text.DbgConsole_PrintfFormattedData
                0x080013fc      0x3e0 ./utilities/debug_console_lite/fsl_debug_console.o
 .text.__assertion_failed
                0x080017dc       0x2c ./utilities/fsl_assert.o
                0x080017dc                __assertion_failed
 .text          0x08001808       0xa0 ./utilities/fsl_memcpy.o
                0x08001808                memcpy
 .text.__NVIC_EnableIRQ
                0x080018a8       0x3c ./source/LIN.o
 .text.USART_ClearStatusFlags
                0x080018e4       0x44 ./source/LIN.o
 .text.USART_EnableInterrupts
                0x08001928       0x48 ./source/LIN.o
 .text.FLEXCOMM0_IRQHandler
                0x08001970       0xd4 ./source/LIN.o
                0x08001970                FLEXCOMM0_IRQHandler
 .text.LIN_vInit
                0x08001a44       0x34 ./source/LIN.o
                0x08001a44                LIN_vInit
 .text.LIN_vSendMsgFrame
                0x08001a78       0x78 ./source/LIN.o
                0x08001a78                LIN_vSendMsgFrame
 .text.LIN_vInstallMsgRxCB
                0x08001af0       0x20 ./source/LIN.o
                0x08001af0                LIN_vInstallMsgRxCB
 .text.LIN_vInstallMsgFrameCB
                0x08001b10       0x20 ./source/LIN.o
                0x08001b10                LIN_vInstallMsgFrameCB
 .text.__NVIC_SetPriority
                0x08001b30       0x54 ./source/usart_interrupt.o
 .text.SysTick_Config
                0x08001b84       0x44 ./source/usart_interrupt.o
 .text.GPIO_INTA_DriverIRQHandler
                0x08001bc8       0x74 ./source/usart_interrupt.o
                0x08001bc8                GPIO_INTA_DriverIRQHandler
 .text.SysTick_Handler
                0x08001c3c       0x34 ./source/usart_interrupt.o
                0x08001c3c                SysTick_Handler
 .text.SysTick_Init
                0x08001c70       0x34 ./source/usart_interrupt.o
 .text.MsgRx_Callback
                0x08001ca4       0x90 ./source/usart_interrupt.o
                0x08001ca4                MsgRx_Callback
 .text.main     0x08001d34       0x54 ./source/usart_interrupt.o
                0x08001d34                main
 .text.CLOCK_GetSysOscFreq
                0x08001d88       0x54 ./drivers/fsl_clock.o
 .text.CLOCK_GetMclkInClkFreq
                0x08001ddc       0x18 ./drivers/fsl_clock.o
 .text.CLOCK_GetLpOscFreq
                0x08001df4       0x30 ./drivers/fsl_clock.o
 .text.CLOCK_DelayUs
                0x08001e24       0x4c ./drivers/fsl_clock.o
 .text.CLOCK_GetT3PllMciIrcClkFreq
                0x08001e70       0x58 ./drivers/fsl_clock.o
                0x08001e70                CLOCK_GetT3PllMciIrcClkFreq
 .text.CLOCK_GetT3PllMci256mClkFreq
                0x08001ec8       0x1c ./drivers/fsl_clock.o
                0x08001ec8                CLOCK_GetT3PllMci256mClkFreq
 .text.CLOCK_GetTcpuFvcoFreq
                0x08001ee4       0xa4 ./drivers/fsl_clock.o
 .text.CLOCK_GetTcpuMciClkFreq
                0x08001f88       0x24 ./drivers/fsl_clock.o
                0x08001f88                CLOCK_GetTcpuMciClkFreq
 .text.CLOCK_EnableClock
                0x08001fac      0x118 ./drivers/fsl_clock.o
                0x08001fac                CLOCK_EnableClock
 .text.CLOCK_DisableClock
                0x080020c4      0x104 ./drivers/fsl_clock.o
                0x080020c4                CLOCK_DisableClock
 .text.CLOCK_AttachClk
                0x080021c8       0xf4 ./drivers/fsl_clock.o
                0x080021c8                CLOCK_AttachClk
 .text.CLOCK_GetAvPllCh1Freq
                0x080022bc       0x5c ./drivers/fsl_clock.o
                0x080022bc                CLOCK_GetAvPllCh1Freq
 .text.CLOCK_GetMainPllClkFreq
                0x08002318       0x20 ./drivers/fsl_clock.o
 .text.CLOCK_GetAudioPllClkFreq
                0x08002338       0x20 ./drivers/fsl_clock.o
 .text.CLOCK_GetMainClkFreq
                0x08002358       0xac ./drivers/fsl_clock.o
                0x08002358                CLOCK_GetMainClkFreq
 .text.CLOCK_GetCoreSysClkFreq
                0x08002404       0x20 ./drivers/fsl_clock.o
                0x08002404                CLOCK_GetCoreSysClkFreq
 .text.CLOCK_GetFRGClock
                0x08002424      0x148 ./drivers/fsl_clock.o
                0x08002424                CLOCK_GetFRGClock
 .text.CLOCK_SetFRGClock
                0x0800256c       0xa4 ./drivers/fsl_clock.o
                0x0800256c                CLOCK_SetFRGClock
 .text.CLOCK_GetFlexCommClkFreq
                0x08002610       0xa4 ./drivers/fsl_clock.o
                0x08002610                CLOCK_GetFlexCommClkFreq
 .text.CLOCK_CfgTcpuRefClk
                0x080026b4      0x114 ./drivers/fsl_clock.o
 .text.CLOCK_InitTcpuRefClk
                0x080027c8       0x64 ./drivers/fsl_clock.o
                0x080027c8                CLOCK_InitTcpuRefClk
 .text.CLOCK_DeinitTcpuRefClk
                0x0800282c       0x40 ./drivers/fsl_clock.o
                0x0800282c                CLOCK_DeinitTcpuRefClk
 .text.CLOCK_InitTddrRefClk
                0x0800286c       0x70 ./drivers/fsl_clock.o
                0x0800286c                CLOCK_InitTddrRefClk
 .text.CLOCK_DeinitTddrRefClk
                0x080028dc       0x40 ./drivers/fsl_clock.o
                0x080028dc                CLOCK_DeinitTddrRefClk
 .text.CLOCK_InitT3RefClk
                0x0800291c       0x68 ./drivers/fsl_clock.o
                0x0800291c                CLOCK_InitT3RefClk
 .text.CLOCK_DeinitT3RefClk
                0x08002984       0x38 ./drivers/fsl_clock.o
                0x08002984                CLOCK_DeinitT3RefClk
 .text.CLOCK_ConfigAvPll
                0x080029bc       0xf4 ./drivers/fsl_clock.o
 .text.CLOCK_ConfigAvPllCh1
                0x08002ab0       0x84 ./drivers/fsl_clock.o
 .text.CLOCK_ConfigAvPllCh2
                0x08002b34       0x64 ./drivers/fsl_clock.o
 .text.CLOCK_PowerUpAnaGrp
                0x08002b98       0x34 ./drivers/fsl_clock.o
 .text.CLOCK_PowerDownAnaGrp
                0x08002bcc       0x30 ./drivers/fsl_clock.o
 .text.CLOCK_EnableAvPllCh
                0x08002bfc      0x154 ./drivers/fsl_clock.o
                0x08002bfc                CLOCK_EnableAvPllCh
 .text.CLOCK_DisableAvPllCh
                0x08002d50       0x60 ./drivers/fsl_clock.o
                0x08002d50                CLOCK_DisableAvPllCh
 .text.CLOCK_InitAvPll
                0x08002db0       0x88 ./drivers/fsl_clock.o
                0x08002db0                CLOCK_InitAvPll
 .text.CLOCK_DeinitAvPll
                0x08002e38       0x54 ./drivers/fsl_clock.o
                0x08002e38                CLOCK_DeinitAvPll
 .text.SDK_DelayAtLeastUs
                0x08002e8c       0x8c ./drivers/fsl_common_arm.o
                0x08002e8c                SDK_DelayAtLeastUs
 .text.FLEXCOMM_GetInstance
                0x08002f18       0x4c ./drivers/fsl_flexcomm.o
                0x08002f18                FLEXCOMM_GetInstance
 .text.FLEXCOMM_Init
                0x08002f64       0x50 ./drivers/fsl_flexcomm.o
                0x08002f64                FLEXCOMM_Init
 .text.FLEXCOMM1_DriverIRQHandler
                0x08002fb4       0x5c ./drivers/fsl_flexcomm.o
                0x08002fb4                FLEXCOMM1_DriverIRQHandler
 .text.FLEXCOMM2_DriverIRQHandler
                0x08003010       0x5c ./drivers/fsl_flexcomm.o
                0x08003010                FLEXCOMM2_DriverIRQHandler
 .text.FLEXCOMM3_DriverIRQHandler
                0x0800306c       0x5c ./drivers/fsl_flexcomm.o
                0x0800306c                FLEXCOMM3_DriverIRQHandler
 .text.FLEXCOMM14_DriverIRQHandler
                0x080030c8       0x5c ./drivers/fsl_flexcomm.o
                0x080030c8                FLEXCOMM14_DriverIRQHandler
 .text.FLEXSPI_DriverIRQHandler
                0x08003124       0x24 ./drivers/fsl_flexspi.o
                0x08003124                FLEXSPI_DriverIRQHandler
 .text.GPIO_EnablePortClock
                0x08003148       0x34 ./drivers/fsl_gpio.o
 .text.GPIO_PortInit
                0x0800317c       0x2c ./drivers/fsl_gpio.o
                0x0800317c                GPIO_PortInit
 .text.otp_get_nonmask_status_result
                0x080031a8       0x60 ./drivers/fsl_ocotp.o
 .text.otp_wait_busy
                0x08003208       0x50 ./drivers/fsl_ocotp.o
 .text.otp_clear_status
                0x08003258       0x28 ./drivers/fsl_ocotp.o
 .text.OCOTP_OtpInit
                0x08003280       0x34 ./drivers/fsl_ocotp.o
                0x08003280                OCOTP_OtpInit
 .text.OCOTP_OtpDeinit
                0x080032b4       0x44 ./drivers/fsl_ocotp.o
                0x080032b4                OCOTP_OtpDeinit
 .text.OCOTP_OtpFuseRead
                0x080032f8       0x74 ./drivers/fsl_ocotp.o
                0x080032f8                OCOTP_OtpFuseRead
 .text.soc_otp_read
                0x0800336c      0x120 ./drivers/fsl_ocotp.o
 .text.OCOTP_ReadSVC
                0x0800348c       0x34 ./drivers/fsl_ocotp.o
                0x0800348c                OCOTP_ReadSVC
 .text.OCOTP_ReadPackage
                0x080034c0       0x58 ./drivers/fsl_ocotp.o
                0x080034c0                OCOTP_ReadPackage
 .text.__NVIC_SetPriorityGrouping
                0x08003518       0x48 ./drivers/fsl_power.o
 .text.__NVIC_GetPriorityGrouping
                0x08003560       0x1c ./drivers/fsl_power.o
 .text.POWER_GetThresholdParams
                0x0800357c      0x124 ./drivers/fsl_power.o
 .text.POWER_SaveNvicState
                0x080036a0      0x140 ./drivers/fsl_power.o
 .text.POWER_RestoreNvicState
                0x080037e0      0x11c ./drivers/fsl_power.o
 .text.CAPTIMER_DriverIRQHandler
                0x080038fc       0x34 ./drivers/fsl_power.o
                0x080038fc                CAPTIMER_DriverIRQHandler
 .text.POWER_EnableWakeup
                0x08003930      0x1d4 ./drivers/fsl_power.o
                0x08003930                POWER_EnableWakeup
 .text.POWER_InitVSensorThreshold
                0x08003b04      0x1f0 ./drivers/fsl_power.o
 .text.Power_InitLoadGdetCfg
                0x08003cf4       0x70 ./drivers/fsl_power.o
                0x08003cf4                Power_InitLoadGdetCfg
 .text.POWER_InitVoltage
                0x08003d64       0x94 ./drivers/fsl_power.o
                0x08003d64                POWER_InitVoltage
 .text.POWER_TrimSvc
                0x08003df8      0x138 ./drivers/fsl_power.o
                0x08003df8                POWER_TrimSvc
 .text.RESET_SetPeripheralReset
                0x08003f30       0xf8 ./drivers/fsl_reset.o
                0x08003f30                RESET_SetPeripheralReset
 .text.RESET_ClearPeripheralReset
                0x08004028      0x104 ./drivers/fsl_reset.o
                0x08004028                RESET_ClearPeripheralReset
 .text.USART_Init
                0x0800412c      0x1e8 ./drivers/fsl_usart.o
                0x0800412c                USART_Init
 .text.USART_GetDefaultConfig
                0x08004314       0xa0 ./drivers/fsl_usart.o
                0x08004314                USART_GetDefaultConfig
 .text.USART_SetBaudRate
                0x080043b4      0x18c ./drivers/fsl_usart.o
                0x080043b4                USART_SetBaudRate
 .text.USART_WriteBlocking
                0x08004540       0x8c ./drivers/fsl_usart.o
                0x08004540                USART_WriteBlocking
 .text.USART_ReadBlocking
                0x080045cc      0x104 ./drivers/fsl_usart.o
                0x080045cc                USART_ReadBlocking
 .text.SystemInit
                0x080046d0       0xc4 ./device/system_RW612.o
                0x080046d0                SystemInit
 .text.getT3PllMciIrcClkFreq
                0x08004794       0x50 ./device/system_RW612.o
 .text.getTcpuFvcoFreq
                0x080047e4       0x9c ./device/system_RW612.o
 .text.getT3PllMci256mClkFreq
                0x08004880       0x1c ./device/system_RW612.o
 .text.getTcpuMciClkFreq
                0x0800489c       0x24 ./device/system_RW612.o
 .text.getSysOscFreq
                0x080048c0       0x48 ./device/system_RW612.o
 .text.getLpOscFreq
                0x08004908       0x30 ./device/system_RW612.o
 .text.getMainPllClkFreq
                0x08004938       0x20 ./device/system_RW612.o
 .text.SystemCoreClockUpdate
                0x08004958       0xc4 ./device/system_RW612.o
                0x08004958                SystemCoreClockUpdate
 .text.HAL_UartInitCommon
                0x08004a1c      0x110 ./component/uart/fsl_adapter_usart.o
 .text.HAL_UartReceiveBlocking
                0x08004b2c       0x6c ./component/uart/fsl_adapter_usart.o
                0x08004b2c                HAL_UartReceiveBlocking
 .text.HAL_UartSendBlocking
                0x08004b98       0x64 ./component/uart/fsl_adapter_usart.o
                0x08004b98                HAL_UartSendBlocking
 .text.mcuxClEls_isBusy
                0x08004bfc       0x24 ./component/els_pkc/src/comps/mcuxClEls/src/mcuxClEls_Common.o
 .text.mcuxClEls_GetErrorCode
                0x08004c20      0x1c0 ./component/els_pkc/src/comps/mcuxClEls/src/mcuxClEls_Common.o
                0x08004c20                mcuxClEls_GetErrorCode
 .text.mcuxClEls_WaitForOperation
                0x08004de0       0x9c ./component/els_pkc/src/comps/mcuxClEls/src/mcuxClEls_Common.o
                0x08004de0                mcuxClEls_WaitForOperation
 .text.mcuxClEls_ResetErrorFlags
                0x08004e7c       0x74 ./component/els_pkc/src/comps/mcuxClEls/src/mcuxClEls_Common.o
                0x08004e7c                mcuxClEls_ResetErrorFlags
 .text.mcuxClEls_setInput0_fixedSize
                0x08004ef0       0x20 ./component/els_pkc/src/comps/mcuxClEls/src/mcuxClEls_GlitchDetector.o
 .text.mcuxClEls_startCommand
                0x08004f10       0x40 ./component/els_pkc/src/comps/mcuxClEls/src/mcuxClEls_GlitchDetector.o
 .text.mcuxClEls_isBusy
                0x08004f50       0x24 ./component/els_pkc/src/comps/mcuxClEls/src/mcuxClEls_GlitchDetector.o
 .text.BOARD_InitDebugConsole
                0x08004f74       0x44 ./board/board.o
                0x08004f74                BOARD_InitDebugConsole
 .text.LoadGdetCfg
                0x08004fb8       0xcc ./board/board.o
 .text.ConfigSvcSensor
                0x08005084      0x168 ./board/board.o
 .text.BOARD_ClockPreConfig
                0x080051ec       0x6c ./board/board.o
                0x080051ec                BOARD_ClockPreConfig
 .text.BOARD_ClockPostConfig
                0x08005258       0x3c ./board/board.o
                0x08005258                BOARD_ClockPostConfig
 .text.BOARD_BootClockRUN
                0x08005294      0x110 ./board/clock_config.o
                0x08005294                BOARD_BootClockRUN
 .text.__NVIC_EnableIRQ
                0x080053a4       0x3c ./board/pin_mux.o
 .text.IO_MUX_SetPinMux
                0x080053e0      0x294 ./board/pin_mux.o
 .text.BOARD_InitPins
                0x08005674       0xe0 ./board/pin_mux.o
                0x08005674                BOARD_InitPins
 .text._initio  0x08005754       0x78 C:/nxp/MCUXpressoIDE_24.12.148/ide/plugins/com.nxp.mcuxpresso.tools.win32_24.12.0.202407110909/tools/bin/../lib/gcc/arm-none-eabi/13.2.1/../../../../arm-none-eabi/lib/thumb/v8-m.main+fp/hard\libcr_c.a(initio.o)
                0x08005754                _initio
 .text._Cwritebuf
                0x080057cc       0x6c C:/nxp/MCUXpressoIDE_24.12.148/ide/plugins/com.nxp.mcuxpresso.tools.win32_24.12.0.202407110909/tools/bin/../lib/gcc/arm-none-eabi/13.2.1/../../../../arm-none-eabi/lib/thumb/v8-m.main+fp/hard\libcr_c.a(_writebuf.o)
                0x080057cc                _Cwritebuf
 .text.fflush   0x08005838       0x3c C:/nxp/MCUXpressoIDE_24.12.148/ide/plugins/com.nxp.mcuxpresso.tools.win32_24.12.0.202407110909/tools/bin/../lib/gcc/arm-none-eabi/13.2.1/../../../../arm-none-eabi/lib/thumb/v8-m.main+fp/hard\libcr_c.a(fflush.o)
                0x08005838                fflush
 .text.fseek    0x08005874       0xf8 C:/nxp/MCUXpressoIDE_24.12.148/ide/plugins/com.nxp.mcuxpresso.tools.win32_24.12.0.202407110909/tools/bin/../lib/gcc/arm-none-eabi/13.2.1/../../../../arm-none-eabi/lib/thumb/v8-m.main+fp/hard\libcr_c.a(fseek.o)
                0x08005874                fseek
 .text.ftell    0x0800596c       0x44 C:/nxp/MCUXpressoIDE_24.12.148/ide/plugins/com.nxp.mcuxpresso.tools.win32_24.12.0.202407110909/tools/bin/../lib/gcc/arm-none-eabi/13.2.1/../../../../arm-none-eabi/lib/thumb/v8-m.main+fp/hard\libcr_c.a(ftell.o)
                0x0800596c                ftell
 .text.DbgConsole_Printf
                0x080059b0       0x2c ./utilities/debug_console_lite/fsl_debug_console.o
                0x080059b0                DbgConsole_Printf
 .text.DbgConsole_PrintfPaddingCharacter
                0x080059dc       0x40 ./utilities/debug_console_lite/fsl_debug_console.o
 .text.DbgConsole_ConvertRadixNumToString
                0x08005a1c       0xc2 ./utilities/debug_console_lite/fsl_debug_console.o
 .text.fsl_assert_hook
                0x08005ade       0x1a ./utilities/fsl_assert.o
                0x08005ade                fsl_assert_hook
 .text.WDT0_IRQHandler
                0x08005af8        0x8 ./startup/startup_rw612.o
                0x08005af8                WDT0_IRQHandler
 .text.DMA0_IRQHandler
                0x08005b00        0x8 ./startup/startup_rw612.o
                0x08005b00                DMA0_IRQHandler
 .text.GPIO_INTA_IRQHandler
                0x08005b08        0x8 ./startup/startup_rw612.o
                0x08005b08                GPIO_INTA_IRQHandler
 .text.GPIO_INTB_IRQHandler
                0x08005b10        0x8 ./startup/startup_rw612.o
                0x08005b10                GPIO_INTB_IRQHandler
 .text.PIN_INT0_IRQHandler
                0x08005b18        0x8 ./startup/startup_rw612.o
                0x08005b18                PIN_INT0_IRQHandler
 .text.PIN_INT1_IRQHandler
                0x08005b20        0x8 ./startup/startup_rw612.o
                0x08005b20                PIN_INT1_IRQHandler
 .text.PIN_INT2_IRQHandler
                0x08005b28        0x8 ./startup/startup_rw612.o
                0x08005b28                PIN_INT2_IRQHandler
 .text.PIN_INT3_IRQHandler
                0x08005b30        0x8 ./startup/startup_rw612.o
                0x08005b30                PIN_INT3_IRQHandler
 .text.UTICK_IRQHandler
                0x08005b38        0x8 ./startup/startup_rw612.o
                0x08005b38                UTICK_IRQHandler
 .text.MRT_IRQHandler
                0x08005b40        0x8 ./startup/startup_rw612.o
                0x08005b40                MRT_IRQHandler
 .text.CTIMER0_IRQHandler
                0x08005b48        0x8 ./startup/startup_rw612.o
                0x08005b48                CTIMER0_IRQHandler
 .text.CTIMER1_IRQHandler
                0x08005b50        0x8 ./startup/startup_rw612.o
                0x08005b50                CTIMER1_IRQHandler
 .text.SCT0_IRQHandler
                0x08005b58        0x8 ./startup/startup_rw612.o
                0x08005b58                SCT0_IRQHandler
 .text.CTIMER3_IRQHandler
                0x08005b60        0x8 ./startup/startup_rw612.o
                0x08005b60                CTIMER3_IRQHandler
 .text.FLEXCOMM1_IRQHandler
                0x08005b68        0x8 ./startup/startup_rw612.o
                0x08005b68                FLEXCOMM1_IRQHandler
 .text.FLEXCOMM2_IRQHandler
                0x08005b70        0x8 ./startup/startup_rw612.o
                0x08005b70                FLEXCOMM2_IRQHandler
 .text.FLEXCOMM3_IRQHandler
                0x08005b78        0x8 ./startup/startup_rw612.o
                0x08005b78                FLEXCOMM3_IRQHandler
 .text.Reserved34_IRQHandler
                0x08005b80        0x8 ./startup/startup_rw612.o
                0x08005b80                Reserved34_IRQHandler
 .text.Reserved35_IRQHandler
                0x08005b88        0x8 ./startup/startup_rw612.o
                0x08005b88                Reserved35_IRQHandler
 .text.FLEXCOMM14_IRQHandler
                0x08005b90        0x8 ./startup/startup_rw612.o
                0x08005b90                FLEXCOMM14_IRQHandler
 .text.Reserved37_IRQHandler
                0x08005b98        0x8 ./startup/startup_rw612.o
                0x08005b98                Reserved37_IRQHandler
 .text.Reserved38_IRQHandler
                0x08005ba0        0x8 ./startup/startup_rw612.o
                0x08005ba0                Reserved38_IRQHandler
 .text.GFMRT_IRQHandler
                0x08005ba8        0x8 ./startup/startup_rw612.o
                0x08005ba8                GFMRT_IRQHandler
 .text.Reserved40_IRQHandler
                0x08005bb0        0x8 ./startup/startup_rw612.o
                0x08005bb0                Reserved40_IRQHandler
 .text.DMIC_IRQHandler
                0x08005bb8        0x8 ./startup/startup_rw612.o
                0x08005bb8                DMIC_IRQHandler
 .text.WKDEEPSLEEP_IRQHandler
                0x08005bc0        0x8 ./startup/startup_rw612.o
                0x08005bc0                WKDEEPSLEEP_IRQHandler
 .text.HYPERVISOR_IRQHandler
                0x08005bc8        0x8 ./startup/startup_rw612.o
                0x08005bc8                HYPERVISOR_IRQHandler
 .text.SECUREVIOLATION_IRQHandler
                0x08005bd0        0x8 ./startup/startup_rw612.o
                0x08005bd0                SECUREVIOLATION_IRQHandler
 .text.HWVAD_IRQHandler
                0x08005bd8        0x8 ./startup/startup_rw612.o
                0x08005bd8                HWVAD_IRQHandler
 .text.Reserved46_IRQHandler
                0x08005be0        0x8 ./startup/startup_rw612.o
                0x08005be0                Reserved46_IRQHandler
 .text.Reserved47_IRQHandler
                0x08005be8        0x8 ./startup/startup_rw612.o
                0x08005be8                Reserved47_IRQHandler
 .text.RTC_IRQHandler
                0x08005bf0        0x8 ./startup/startup_rw612.o
                0x08005bf0                RTC_IRQHandler
 .text.Reserved49_IRQHandler
                0x08005bf8        0x8 ./startup/startup_rw612.o
                0x08005bf8                Reserved49_IRQHandler
 .text.Reserved50_IRQHandler
                0x08005c00        0x8 ./startup/startup_rw612.o
                0x08005c00                Reserved50_IRQHandler
 .text.PIN_INT4_IRQHandler
                0x08005c08        0x8 ./startup/startup_rw612.o
                0x08005c08                PIN_INT4_IRQHandler
 .text.PIN_INT5_IRQHandler
                0x08005c10        0x8 ./startup/startup_rw612.o
                0x08005c10                PIN_INT5_IRQHandler
 .text.PIN_INT6_IRQHandler
                0x08005c18        0x8 ./startup/startup_rw612.o
                0x08005c18                PIN_INT6_IRQHandler
 .text.PIN_INT7_IRQHandler
                0x08005c20        0x8 ./startup/startup_rw612.o
                0x08005c20                PIN_INT7_IRQHandler
 .text.CTIMER2_IRQHandler
                0x08005c28        0x8 ./startup/startup_rw612.o
                0x08005c28                CTIMER2_IRQHandler
 .text.CTIMER4_IRQHandler
                0x08005c30        0x8 ./startup/startup_rw612.o
                0x08005c30                CTIMER4_IRQHandler
 .text.OS_EVENT_TIMER_IRQHandler
                0x08005c38        0x8 ./startup/startup_rw612.o
                0x08005c38                OS_EVENT_TIMER_IRQHandler
 .text.FLEXSPI_IRQHandler
                0x08005c40        0x8 ./startup/startup_rw612.o
                0x08005c40                FLEXSPI_IRQHandler
 .text.Reserved59_IRQHandler
                0x08005c48        0x8 ./startup/startup_rw612.o
                0x08005c48                Reserved59_IRQHandler
 .text.Reserved60_IRQHandler
                0x08005c50        0x8 ./startup/startup_rw612.o
                0x08005c50                Reserved60_IRQHandler
 .text.Reserved61_IRQHandler
                0x08005c58        0x8 ./startup/startup_rw612.o
                0x08005c58                Reserved61_IRQHandler
 .text.SDIO_IRQHandler
                0x08005c60        0x8 ./startup/startup_rw612.o
                0x08005c60                SDIO_IRQHandler
 .text.SGPIO_INTA_IRQHandler
                0x08005c68        0x8 ./startup/startup_rw612.o
                0x08005c68                SGPIO_INTA_IRQHandler
 .text.SGPIO_INTB_IRQHandler
                0x08005c70        0x8 ./startup/startup_rw612.o
                0x08005c70                SGPIO_INTB_IRQHandler
 .text.Reserved65_IRQHandler
                0x08005c78        0x8 ./startup/startup_rw612.o
                0x08005c78                Reserved65_IRQHandler
 .text.USB_IRQHandler
                0x08005c80        0x8 ./startup/startup_rw612.o
                0x08005c80                USB_IRQHandler
 .text.Reserved67_IRQHandler
                0x08005c88        0x8 ./startup/startup_rw612.o
                0x08005c88                Reserved67_IRQHandler
 .text.Reserved68_IRQHandler
                0x08005c90        0x8 ./startup/startup_rw612.o
                0x08005c90                Reserved68_IRQHandler
 .text.Reserved69_IRQHandler
                0x08005c98        0x8 ./startup/startup_rw612.o
                0x08005c98                Reserved69_IRQHandler
 .text.DMA1_IRQHandler
                0x08005ca0        0x8 ./startup/startup_rw612.o
                0x08005ca0                DMA1_IRQHandler
 .text.PUF_IRQHandler
                0x08005ca8        0x8 ./startup/startup_rw612.o
                0x08005ca8                PUF_IRQHandler
 .text.POWERQUAD_IRQHandler
                0x08005cb0        0x8 ./startup/startup_rw612.o
                0x08005cb0                POWERQUAD_IRQHandler
 .text.Reserved73_IRQHandler
                0x08005cb8        0x8 ./startup/startup_rw612.o
                0x08005cb8                Reserved73_IRQHandler
 .text.Reserved74_IRQHandler
                0x08005cc0        0x8 ./startup/startup_rw612.o
                0x08005cc0                Reserved74_IRQHandler
 .text.Reserved75_IRQHandler
                0x08005cc8        0x8 ./startup/startup_rw612.o
                0x08005cc8                Reserved75_IRQHandler
 .text.Reserved76_IRQHandler
                0x08005cd0        0x8 ./startup/startup_rw612.o
                0x08005cd0                Reserved76_IRQHandler
 .text.LCD_IRQHandler
                0x08005cd8        0x8 ./startup/startup_rw612.o
                0x08005cd8                LCD_IRQHandler
 .text.CAPTIMER_IRQHandler
                0x08005ce0        0x8 ./startup/startup_rw612.o
                0x08005ce0                CAPTIMER_IRQHandler
 .text.Reserved79_IRQHandler
                0x08005ce8        0x8 ./startup/startup_rw612.o
                0x08005ce8                Reserved79_IRQHandler
 .text.W2MWKUP_DONE0_IRQHandler
                0x08005cf0        0x8 ./startup/startup_rw612.o
                0x08005cf0                W2MWKUP_DONE0_IRQHandler
 .text.W2MWKUP_DONE1_IRQHandler
                0x08005cf8        0x8 ./startup/startup_rw612.o
                0x08005cf8                W2MWKUP_DONE1_IRQHandler
 .text.W2MWKUP_DONE2_IRQHandler
                0x08005d00        0x8 ./startup/startup_rw612.o
                0x08005d00                W2MWKUP_DONE2_IRQHandler
 .text.W2MWKUP_DONE3_IRQHandler
                0x08005d08        0x8 ./startup/startup_rw612.o
                0x08005d08                W2MWKUP_DONE3_IRQHandler
 .text.W2MWKUP_DONE4_IRQHandler
                0x08005d10        0x8 ./startup/startup_rw612.o
                0x08005d10                W2MWKUP_DONE4_IRQHandler
 .text.W2MWKUP_DONE5_IRQHandler
                0x08005d18        0x8 ./startup/startup_rw612.o
                0x08005d18                W2MWKUP_DONE5_IRQHandler
 .text.W2MWKUP_DONE6_IRQHandler
                0x08005d20        0x8 ./startup/startup_rw612.o
                0x08005d20                W2MWKUP_DONE6_IRQHandler
 .text.W2MWKUP_DONE7_IRQHandler
                0x08005d28        0x8 ./startup/startup_rw612.o
                0x08005d28                W2MWKUP_DONE7_IRQHandler
 .text.W2MWKUP0_IRQHandler
                0x08005d30        0x8 ./startup/startup_rw612.o
                0x08005d30                W2MWKUP0_IRQHandler
 .text.W2MWKUP1_IRQHandler
                0x08005d38        0x8 ./startup/startup_rw612.o
                0x08005d38                W2MWKUP1_IRQHandler
 .text.WL_MCI_INT0_IRQHandler
                0x08005d40        0x8 ./startup/startup_rw612.o
                0x08005d40                WL_MCI_INT0_IRQHandler
 .text.WL_MCI_INT1_IRQHandler
                0x08005d48        0x8 ./startup/startup_rw612.o
                0x08005d48                WL_MCI_INT1_IRQHandler
 .text.WL_MCI_INT2_IRQHandler
                0x08005d50        0x8 ./startup/startup_rw612.o
                0x08005d50                WL_MCI_INT2_IRQHandler
 .text.WL_MCI_INT3_IRQHandler
                0x08005d58        0x8 ./startup/startup_rw612.o
                0x08005d58                WL_MCI_INT3_IRQHandler
 .text.WL_MCI_INT4_IRQHandler
                0x08005d60        0x8 ./startup/startup_rw612.o
                0x08005d60                WL_MCI_INT4_IRQHandler
 .text.WL_MCI_INT5_IRQHandler
                0x08005d68        0x8 ./startup/startup_rw612.o
                0x08005d68                WL_MCI_INT5_IRQHandler
 .text.WL_MCI_INT6_IRQHandler
                0x08005d70        0x8 ./startup/startup_rw612.o
                0x08005d70                WL_MCI_INT6_IRQHandler
 .text.WL_MCI_INT7_IRQHandler
                0x08005d78        0x8 ./startup/startup_rw612.o
                0x08005d78                WL_MCI_INT7_IRQHandler
 .text.B2MWKUP_DONE0_IRQHandler
                0x08005d80        0x8 ./startup/startup_rw612.o
                0x08005d80                B2MWKUP_DONE0_IRQHandler
 .text.B2MWKUP_DONE1_IRQHandler
                0x08005d88        0x8 ./startup/startup_rw612.o
                0x08005d88                B2MWKUP_DONE1_IRQHandler
 .text.B2MWKUP_DONE2_IRQHandler
                0x08005d90        0x8 ./startup/startup_rw612.o
                0x08005d90                B2MWKUP_DONE2_IRQHandler
 .text.B2MWKUP_DONE3_IRQHandler
                0x08005d98        0x8 ./startup/startup_rw612.o
                0x08005d98                B2MWKUP_DONE3_IRQHandler
 .text.B2MWKUP_DONE4_IRQHandler
                0x08005da0        0x8 ./startup/startup_rw612.o
                0x08005da0                B2MWKUP_DONE4_IRQHandler
 .text.B2MWKUP_DONE5_IRQHandler
                0x08005da8        0x8 ./startup/startup_rw612.o
                0x08005da8                B2MWKUP_DONE5_IRQHandler
 .text.B2MWKUP_DONE6_IRQHandler
                0x08005db0        0x8 ./startup/startup_rw612.o
                0x08005db0                B2MWKUP_DONE6_IRQHandler
 .text.B2MWKUP_DONE7_IRQHandler
                0x08005db8        0x8 ./startup/startup_rw612.o
                0x08005db8                B2MWKUP_DONE7_IRQHandler
 .text.B2MWKUP0_IRQHandler
                0x08005dc0        0x8 ./startup/startup_rw612.o
                0x08005dc0                B2MWKUP0_IRQHandler
 .text.B2MWKUP1_IRQHandler
                0x08005dc8        0x8 ./startup/startup_rw612.o
                0x08005dc8                B2MWKUP1_IRQHandler
 .text.BLE_MCI_INT0_IRQHandler
                0x08005dd0        0x8 ./startup/startup_rw612.o
                0x08005dd0                BLE_MCI_INT0_IRQHandler
 .text.BLE_MCI_INT1_IRQHandler
                0x08005dd8        0x8 ./startup/startup_rw612.o
                0x08005dd8                BLE_MCI_INT1_IRQHandler
 .text.BLE_MCI_INT2_IRQHandler
                0x08005de0        0x8 ./startup/startup_rw612.o
                0x08005de0                BLE_MCI_INT2_IRQHandler
 .text.BLE_MCI_INT3_IRQHandler
                0x08005de8        0x8 ./startup/startup_rw612.o
                0x08005de8                BLE_MCI_INT3_IRQHandler
 .text.BLE_MCI_INT4_IRQHandler
                0x08005df0        0x8 ./startup/startup_rw612.o
                0x08005df0                BLE_MCI_INT4_IRQHandler
 .text.BLE_MCI_INT5_IRQHandler
                0x08005df8        0x8 ./startup/startup_rw612.o
                0x08005df8                BLE_MCI_INT5_IRQHandler
 .text.BLE_MCI_INT6_IRQHandler
                0x08005e00        0x8 ./startup/startup_rw612.o
                0x08005e00                BLE_MCI_INT6_IRQHandler
 .text.BLE_MCI_INT7_IRQHandler
                0x08005e08        0x8 ./startup/startup_rw612.o
                0x08005e08                BLE_MCI_INT7_IRQHandler
 .text.PIN0_INT_IRQHandler
                0x08005e10        0x8 ./startup/startup_rw612.o
                0x08005e10                PIN0_INT_IRQHandler
 .text.PIN1_INT_IRQHandler
                0x08005e18        0x8 ./startup/startup_rw612.o
                0x08005e18                PIN1_INT_IRQHandler
 .text.ELS_IRQHandler
                0x08005e20        0x8 ./startup/startup_rw612.o
                0x08005e20                ELS_IRQHandler
 .text.ELS_GDET_IRQHandler
                0x08005e28        0x8 ./startup/startup_rw612.o
                0x08005e28                ELS_GDET_IRQHandler
 .text.ELS_GDET_UM_IRQHandler
                0x08005e30        0x8 ./startup/startup_rw612.o
                0x08005e30                ELS_GDET_UM_IRQHandler
 .text.PKC_INT_IRQHandler
                0x08005e38        0x8 ./startup/startup_rw612.o
                0x08005e38                PKC_INT_IRQHandler
 .text.PKC_ERR_IRQHandler
                0x08005e40        0x8 ./startup/startup_rw612.o
                0x08005e40                PKC_ERR_IRQHandler
 .text.CDOG_INT_IRQHandler
                0x08005e48        0x8 ./startup/startup_rw612.o
                0x08005e48                CDOG_INT_IRQHandler
 .text.GAU_DAC_IRQHandler
                0x08005e50        0x8 ./startup/startup_rw612.o
                0x08005e50                GAU_DAC_IRQHandler
 .text.GAU_ACOMP_WKUP_IRQHandler
                0x08005e58        0x8 ./startup/startup_rw612.o
                0x08005e58                GAU_ACOMP_WKUP_IRQHandler
 .text.GAU_ACOMP_IRQHandler
                0x08005e60        0x8 ./startup/startup_rw612.o
                0x08005e60                GAU_ACOMP_IRQHandler
 .text.GAU_ADC1_IRQHandler
                0x08005e68        0x8 ./startup/startup_rw612.o
                0x08005e68                GAU_ADC1_IRQHandler
 .text.GAU_ADC0_IRQHandler
                0x08005e70        0x8 ./startup/startup_rw612.o
                0x08005e70                GAU_ADC0_IRQHandler
 .text.USIM_IRQHandler
                0x08005e78        0x8 ./startup/startup_rw612.o
                0x08005e78                USIM_IRQHandler
 .text.OTP_IRQHandler
                0x08005e80        0x8 ./startup/startup_rw612.o
                0x08005e80                OTP_IRQHandler
 .text.ENET_IRQHandler
                0x08005e88        0x8 ./startup/startup_rw612.o
                0x08005e88                ENET_IRQHandler
 .text.ENET_TIMER_IRQHandler
                0x08005e90        0x8 ./startup/startup_rw612.o
                0x08005e90                ENET_TIMER_IRQHandler
 .text.PMIP_IRQHandler
                0x08005e98        0x8 ./startup/startup_rw612.o
                0x08005e98                PMIP_IRQHandler
 .text.PMIP_CHANGE_IRQHandler
                0x08005ea0        0x8 ./startup/startup_rw612.o
                0x08005ea0                PMIP_CHANGE_IRQHandler
 .text.ITRC_IRQHandler
                0x08005ea8        0x8 ./startup/startup_rw612.o
                0x08005ea8                ITRC_IRQHandler
 .text.Reserved136_IRQHandler
                0x08005eb0        0x8 ./startup/startup_rw612.o
                0x08005eb0                Reserved136_IRQHandler
 .text.Reserved137_IRQHandler
                0x08005eb8        0x8 ./startup/startup_rw612.o
                0x08005eb8                Reserved137_IRQHandler
 .text.Reserved138_IRQHandler
                0x08005ec0        0x8 ./startup/startup_rw612.o
                0x08005ec0                Reserved138_IRQHandler
 .text.TRNG_IRQHandler
                0x08005ec8        0x8 ./startup/startup_rw612.o
                0x08005ec8                TRNG_IRQHandler
 .text.ACC_C_INT_IRQHandler
                0x08005ed0        0x8 ./startup/startup_rw612.o
                0x08005ed0                ACC_C_INT_IRQHandler
 .text.ACC_S_INT_IRQHandler
                0x08005ed8        0x8 ./startup/startup_rw612.o
                0x08005ed8                ACC_S_INT_IRQHandler
 .text.WACC_IRQHandler
                0x08005ee0        0x8 ./startup/startup_rw612.o
                0x08005ee0                WACC_IRQHandler
 .text.BACC_IRQHandler
                0x08005ee8        0x8 ./startup/startup_rw612.o
                0x08005ee8                BACC_IRQHandler
 .text.GDMA_IRQHandler
                0x08005ef0        0x8 ./startup/startup_rw612.o
                0x08005ef0                GDMA_IRQHandler
 .text.EnableIRQ
                0x08005ef8       0x32 ./source/LIN.o
 .text.USART_GetStatusFlags
                0x08005f2a       0x3c ./source/LIN.o
 .text.USART_ReadByte
                0x08005f66       0x1c ./source/LIN.o
 .text.LIN_s_u8CalculateParity
                0x08005f82       0x8a ./source/LIN.o
 .text.HardFault_Handler
                0x0800600c       0x36 ./source/semihost_hardfault.o
                0x0800600c                HardFault_Handler
 .text.MsgFrameSent_callback
                0x08006042       0x18 ./source/usart_interrupt.o
                0x08006042                MsgFrameSent_callback
 .text.CLOCK_GetClk32KFreq
                0x0800605a       0x12 ./drivers/fsl_clock.o
 .text.CLOCK_Delay
                0x0800606c       0x22 ./drivers/fsl_clock.o
 .text.CLOCK_SetClkDiv
                0x0800608e       0x78 ./drivers/fsl_clock.o
                0x0800608e                CLOCK_SetClkDiv
 .text.CLOCK_GetFFroFreq
                0x08006106        0xe ./drivers/fsl_clock.o
                0x08006106                CLOCK_GetFFroFreq
 .text.CLOCK_GetSFroFreq
                0x08006114       0x10 ./drivers/fsl_clock.o
                0x08006114                CLOCK_GetSFroFreq
 .text.DelayLoop
                0x08006124       0x20 ./drivers/fsl_common_arm.o
 .text.FLEXCOMM_PeripheralIsPresent
                0x08006144       0x64 ./drivers/fsl_flexcomm.o
 .text.FLEXCOMM_SetPeriph
                0x080061a8       0x74 ./drivers/fsl_flexcomm.o
 .text.GPIO_PinInit
                0x0800621c       0xa4 ./drivers/fsl_gpio.o
                0x0800621c                GPIO_PinInit
 .text.GPIO_SetPinInterruptConfig
                0x080062c0       0x82 ./drivers/fsl_gpio.o
                0x080062c0                GPIO_SetPinInterruptConfig
 .text.GPIO_PinEnableInterrupt
                0x08006342       0x70 ./drivers/fsl_gpio.o
                0x08006342                GPIO_PinEnableInterrupt
 .text.GPIO_PinClearInterruptFlag
                0x080063b2       0x50 ./drivers/fsl_gpio.o
                0x080063b2                GPIO_PinClearInterruptFlag
 .text.OCOTP_ReadSocOtp
                0x08006402       0x6a ./drivers/fsl_ocotp.o
                0x08006402                OCOTP_ReadSocOtp
 .text.DisableGlobalIRQ
                0x0800646c       0x22 ./drivers/fsl_power.o
 .text.EnableGlobalIRQ
                0x0800648e       0x20 ./drivers/fsl_power.o
 .text.RESET_PeripheralReset
                0x080064ae       0x22 ./drivers/fsl_reset.o
                0x080064ae                RESET_PeripheralReset
 .text.USART_EnableContinuousSCLK
                0x080064d0       0x38 ./drivers/fsl_usart.o
 .text.USART_SetRxTimeoutConfig
                0x08006508       0x68 ./drivers/fsl_usart.o
                0x08006508                USART_SetRxTimeoutConfig
 .text.getFFroFreq
                0x08006570        0xe ./device/system_RW612.o
 .text.getSFroFreq
                0x0800657e       0x10 ./device/system_RW612.o
 .text.SystemInitHook
                0x0800658e        0xe ./device/system_RW612.o
                0x0800658e                SystemInitHook
 .text.HAL_UartGetStatus
                0x0800659c       0x22 ./component/uart/fsl_adapter_usart.o
 .text.HAL_UartInit
                0x080065be       0x36 ./component/uart/fsl_adapter_usart.o
                0x080065be                HAL_UartInit
 .text.mcuxClEls_getSfrField
                0x080065f4       0x24 ./component/els_pkc/src/comps/mcuxClEls/src/mcuxClEls_Common.o
 .text.mcuxClEls_GlitchDetector_LoadConfig_Async
                0x08006618       0x98 ./component/els_pkc/src/comps/mcuxClEls/src/mcuxClEls_GlitchDetector.o
                0x08006618                mcuxClEls_GlitchDetector_LoadConfig_Async
 .text.BOARD_InitBootClocks
                0x080066b0        0xc ./board/clock_config.o
                0x080066b0                BOARD_InitBootClocks
 .text.BOARD_InitHardware
                0x080066bc       0x14 ./board/hardware_init.o
                0x080066bc                BOARD_InitHardware
 .text.EnableIRQ
                0x080066d0       0x32 ./board/pin_mux.o
 .text.BOARD_InitBootPins
                0x08006702        0xc ./board/pin_mux.o
                0x08006702                BOARD_InitBootPins
 .text.__main   0x0800670e        0xe C:/nxp/MCUXpressoIDE_24.12.148/ide/plugins/com.nxp.mcuxpresso.tools.win32_24.12.0.202407110909/tools/bin/../lib/gcc/arm-none-eabi/13.2.1/../../../../arm-none-eabi/lib/thumb/v8-m.main+fp/hard\libcr_nohost_nf.a(_cr__main.o)
                0x0800670e                __main
 .text.memset   0x0800671c        0x4 C:/nxp/MCUXpressoIDE_24.12.148/ide/plugins/com.nxp.mcuxpresso.tools.win32_24.12.0.202407110909/tools/bin/../lib/gcc/arm-none-eabi/13.2.1/../../../../arm-none-eabi/lib/thumb/v8-m.main+fp/hard\libcr_c.a(memset.o)
                0x0800671c                memset
 .text.free     0x08006720       0x30 C:/nxp/MCUXpressoIDE_24.12.148/ide/plugins/com.nxp.mcuxpresso.tools.win32_24.12.0.202407110909/tools/bin/../lib/gcc/arm-none-eabi/13.2.1/../../../../arm-none-eabi/lib/thumb/v8-m.main+fp/hard\libcr_c.a(alloc.o)
                0x08006720                free
 .text.setvbuf  0x08006750       0x3e C:/nxp/MCUXpressoIDE_24.12.148/ide/plugins/com.nxp.mcuxpresso.tools.win32_24.12.0.202407110909/tools/bin/../lib/gcc/arm-none-eabi/13.2.1/../../../../arm-none-eabi/lib/thumb/v8-m.main+fp/hard\libcr_c.a(setvbuf.o)
                0x08006750                setvbuf
 .text.strlen   0x0800678e       0x4e C:/nxp/MCUXpressoIDE_24.12.148/ide/plugins/com.nxp.mcuxpresso.tools.win32_24.12.0.202407110909/tools/bin/../lib/gcc/arm-none-eabi/13.2.1/../../../../arm-none-eabi/lib/thumb/v8-m.main+fp/hard\libcr_c.a(strlen.o)
                0x0800678e                strlen
 .text._deferredlazyseek
                0x080067dc       0x40 C:/nxp/MCUXpressoIDE_24.12.148/ide/plugins/com.nxp.mcuxpresso.tools.win32_24.12.0.202407110909/tools/bin/../lib/gcc/arm-none-eabi/13.2.1/../../../../arm-none-eabi/lib/thumb/v8-m.main+fp/hard\libcr_c.a(_deferredlazyseek.o)
                0x080067dc                _deferredlazyseek
 .text._fdopen  0x0800681c       0x68 C:/nxp/MCUXpressoIDE_24.12.148/ide/plugins/com.nxp.mcuxpresso.tools.win32_24.12.0.202407110909/tools/bin/../lib/gcc/arm-none-eabi/13.2.1/../../../../arm-none-eabi/lib/thumb/v8-m.main+fp/hard\libcr_c.a(_fdopen.o)
                0x0800681c                _fdopen
 .text._fflush  0x08006884       0x52 C:/nxp/MCUXpressoIDE_24.12.148/ide/plugins/com.nxp.mcuxpresso.tools.win32_24.12.0.202407110909/tools/bin/../lib/gcc/arm-none-eabi/13.2.1/../../../../arm-none-eabi/lib/thumb/v8-m.main+fp/hard\libcr_c.a(_fflush.o)
                0x08006884                _fflush
 .text.fclose   0x080068d6       0x58 C:/nxp/MCUXpressoIDE_24.12.148/ide/plugins/com.nxp.mcuxpresso.tools.win32_24.12.0.202407110909/tools/bin/../lib/gcc/arm-none-eabi/13.2.1/../../../../arm-none-eabi/lib/thumb/v8-m.main+fp/hard\libcr_c.a(fclose.o)
                0x080068d6                fclose
 .text.remove   0x0800692e       0x14 C:/nxp/MCUXpressoIDE_24.12.148/ide/plugins/com.nxp.mcuxpresso.tools.win32_24.12.0.202407110909/tools/bin/../lib/gcc/arm-none-eabi/13.2.1/../../../../arm-none-eabi/lib/thumb/v8-m.main+fp/hard\libcr_c.a(remove.o)
                0x0800692e                remove
 .text._do_fflush
                0x08006942       0x40 C:/nxp/MCUXpressoIDE_24.12.148/ide/plugins/com.nxp.mcuxpresso.tools.win32_24.12.0.202407110909/tools/bin/../lib/gcc/arm-none-eabi/13.2.1/../../../../arm-none-eabi/lib/thumb/v8-m.main+fp/hard\libcr_c.a(_do_fflush.o)
                0x08006942                _do_fflush
 .text.__aeabi_division_uldivmod
                0x08006982      0x174 C:/nxp/MCUXpressoIDE_24.12.148/ide/plugins/com.nxp.mcuxpresso.tools.win32_24.12.0.202407110909/tools/bin/../lib/gcc/arm-none-eabi/13.2.1/thumb/v8-m.main+fp/hard\libcr_eabihelpers.a(division_64.o)
                0x08006982                __aeabi_uldivmod
                0x08006986                __bhs_ldivmod1
 .text.__aeabi_division_idiv0
                0x08006af6        0x2 C:/nxp/MCUXpressoIDE_24.12.148/ide/plugins/com.nxp.mcuxpresso.tools.win32_24.12.0.202407110909/tools/bin/../lib/gcc/arm-none-eabi/13.2.1/thumb/v8-m.main+fp/hard\libcr_eabihelpers.a(division_idiv0.o)
                0x08006af6                __aeabi_idiv0
 .text.__aeabi_memset_lowlevel
                0x08006af8       0x32 C:/nxp/MCUXpressoIDE_24.12.148/ide/plugins/com.nxp.mcuxpresso.tools.win32_24.12.0.202407110909/tools/bin/../lib/gcc/arm-none-eabi/13.2.1/thumb/v8-m.main+fp/hard\libcr_eabihelpers.a(memcpy.o)
                0x08006af8                __aeabi_lowlevel_memset
 .text.__sys_close
                0x08006b2a        0x6 C:/nxp/MCUXpressoIDE_24.12.148/ide/plugins/com.nxp.mcuxpresso.tools.win32_24.12.0.202407110909/tools/bin/../lib/gcc/arm-none-eabi/13.2.1/../../../../arm-none-eabi/lib/thumb/v8-m.main+fp/hard\libcr_nohost_nf.a(__sys_close.o)
                0x08006b2a                __sys_close
 .text.__sys_flen
                0x08006b30        0x6 C:/nxp/MCUXpressoIDE_24.12.148/ide/plugins/com.nxp.mcuxpresso.tools.win32_24.12.0.202407110909/tools/bin/../lib/gcc/arm-none-eabi/13.2.1/../../../../arm-none-eabi/lib/thumb/v8-m.main+fp/hard\libcr_nohost_nf.a(__sys_flen.o)
                0x08006b30                __sys_flen
 .text.__sys_istty
                0x08006b36        0x6 C:/nxp/MCUXpressoIDE_24.12.148/ide/plugins/com.nxp.mcuxpresso.tools.win32_24.12.0.202407110909/tools/bin/../lib/gcc/arm-none-eabi/13.2.1/../../../../arm-none-eabi/lib/thumb/v8-m.main+fp/hard\libcr_nohost_nf.a(__sys_istty.o)
                0x08006b36                __sys_istty
 .text.__sys_remove
                0x08006b3c        0x6 C:/nxp/MCUXpressoIDE_24.12.148/ide/plugins/com.nxp.mcuxpresso.tools.win32_24.12.0.202407110909/tools/bin/../lib/gcc/arm-none-eabi/13.2.1/../../../../arm-none-eabi/lib/thumb/v8-m.main+fp/hard\libcr_nohost_nf.a(__sys_remove.o)
                0x08006b3c                __sys_remove
 .text.__sys_seek
                0x08006b42        0x6 C:/nxp/MCUXpressoIDE_24.12.148/ide/plugins/com.nxp.mcuxpresso.tools.win32_24.12.0.202407110909/tools/bin/../lib/gcc/arm-none-eabi/13.2.1/../../../../arm-none-eabi/lib/thumb/v8-m.main+fp/hard\libcr_nohost_nf.a(__sys_seek.o)
                0x08006b42                __sys_seek
 .text.__sys_tmpnam
                0x08006b48        0x6 C:/nxp/MCUXpressoIDE_24.12.148/ide/plugins/com.nxp.mcuxpresso.tools.win32_24.12.0.202407110909/tools/bin/../lib/gcc/arm-none-eabi/13.2.1/../../../../arm-none-eabi/lib/thumb/v8-m.main+fp/hard\libcr_nohost_nf.a(__sys_tmpnam.o)
                0x08006b48                __sys_tmpnam
 .text.__sys_write
                0x08006b4e        0x4 C:/nxp/MCUXpressoIDE_24.12.148/ide/plugins/com.nxp.mcuxpresso.tools.win32_24.12.0.202407110909/tools/bin/../lib/gcc/arm-none-eabi/13.2.1/../../../../arm-none-eabi/lib/thumb/v8-m.main+fp/hard\libcr_nohost_nf.a(__sys_write.o)
                0x08006b4e                __sys_write
 *fill*         0x08006b52        0x6 ff
 .text.__sys_write.__stub
                0x08006b58       0x20 linker stubs
 *(SORT_BY_ALIGNMENT(.rodata) SORT_BY_ALIGNMENT(.rodata.*) SORT_BY_ALIGNMENT(.constdata) SORT_BY_ALIGNMENT(.constdata.*))
 *fill*         0x08006b78        0x0 ff
 .rodata.__assertion_failed.str1.4
                0x08006b78      0x9df ./utilities/fsl_assert.o
                                 0x14 (size before relaxing)
 *fill*         0x08007557        0x1 ff
 .rodata.FLEXCOMM0_config
                0x08007558       0x24 ./source/LIN.o
                0x08007558                FLEXCOMM0_config
 .rodata.s_avpllFreq
                0x0800757c       0x2c ./drivers/fsl_clock.o
 .rodata.s_avpllFreqOff
                0x080075a8       0x2c ./drivers/fsl_clock.o
 .rodata.s_avpllPostDiv
                0x080075d4       0x2c ./drivers/fsl_clock.o
 .rodata.s_avpllPostDiv0p5
                0x08007600       0x2c ./drivers/fsl_clock.o
 .rodata.CLOCK_GetT3PllMciIrcClkFreq.str1.4
                0x0800762c       0x18 ./drivers/fsl_clock.o
 .rodata.CLOCK_GetTcpuFvcoFreq.str1.4
                0x0800762c       0x18 ./drivers/fsl_clock.o
 .rodata.CLOCK_EnableClock.str1.4
                0x0800762c       0x18 ./drivers/fsl_clock.o
 .rodata.CLOCK_DisableClock.str1.4
                0x0800762c       0x18 ./drivers/fsl_clock.o
 .rodata.CLOCK_GetFRGClock.str1.4
                0x0800762c       0x18 ./drivers/fsl_clock.o
 .rodata.CLOCK_SetFRGClock.str1.4
                0x0800762c       0x60 ./drivers/fsl_clock.o
 .rodata.CLOCK_GetFlexCommClkFreq.str1.4
                0x0800762c       0x18 ./drivers/fsl_clock.o
 .rodata.CLOCK_CfgTcpuRefClk.str1.4
                0x0800762c       0x19 ./drivers/fsl_clock.o
 .rodata.CLOCK_InitAvPll.str1.4
                0x0800762c       0x18 ./drivers/fsl_clock.o
 .rodata.SDK_DelayAtLeastUs.str1.4
                0x0800762c       0x2b ./drivers/fsl_common_arm.o
 .rodata.s_flexcommBaseAddrs
                0x0800762c       0x14 ./drivers/fsl_flexcomm.o
 .rodata.s_flexcommClocks
                0x08007640       0x14 ./drivers/fsl_flexcomm.o
 .rodata.s_flexcommResets
                0x08007654        0xa ./drivers/fsl_flexcomm.o
 .rodata.FLEXCOMM_GetInstance.str1.4
                0x0800765e       0x41 ./drivers/fsl_flexcomm.o
 .rodata.FLEXCOMM1_DriverIRQHandler.str1.4
                0x0800765e       0x3c ./drivers/fsl_flexcomm.o
 .rodata.FLEXCOMM2_DriverIRQHandler.str1.4
                0x0800765e       0x3c ./drivers/fsl_flexcomm.o
 .rodata.FLEXCOMM3_DriverIRQHandler.str1.4
                0x0800765e       0x3c ./drivers/fsl_flexcomm.o
 .rodata.FLEXCOMM14_DriverIRQHandler.str1.4
                0x0800765e       0x3c ./drivers/fsl_flexcomm.o
 *fill*         0x0800765e        0x2 ff
 .rodata.s_gpioClockName
                0x08007660        0x8 ./drivers/fsl_gpio.o
 .rodata.s_gpioResets
                0x08007668        0x4 ./drivers/fsl_gpio.o
 .rodata.GPIO_EnablePortClock.str1.4
                0x0800766c       0x33 ./drivers/fsl_gpio.o
 .rodata.OCOTP_ReadSVC.str1.4
                0x0800766c       0x1e ./drivers/fsl_ocotp.o
 .rodata.OCOTP_ReadPackage.str1.4
                0x0800766c       0x1f ./drivers/fsl_ocotp.o
 .rodata.str1.4
                0x0800766c      0x127 ./drivers/fsl_power.o
 .rodata.s_droTable
                0x0800766c       0x13 ./drivers/fsl_power.o
 .rodata.POWER_GetThresholdParams.str1.4
                0x0800767f       0x60 ./drivers/fsl_power.o
 .rodata.POWER_SaveNvicState.str1.4
                0x0800767f       0x76 ./drivers/fsl_power.o
 .rodata.POWER_EnableWakeup.str1.4
                0x0800767f       0x24 ./drivers/fsl_power.o
 .rodata.Power_InitLoadGdetCfg.str1.4
                0x0800767f       0x62 ./drivers/fsl_power.o
 .rodata.POWER_InitVoltage.str1.4
                0x0800767f       0x46 ./drivers/fsl_power.o
 .rodata.POWER_TrimSvc.str1.4
                0x0800767f       0x1e ./drivers/fsl_power.o
 .rodata.RESET_SetPeripheralReset.str1.4
                0x0800767f       0x1e ./drivers/fsl_reset.o
 .rodata.RESET_ClearPeripheralReset.str1.4
                0x0800767f       0x1f ./drivers/fsl_reset.o
 .rodata.USART_Init.str1.4
                0x0800767f       0x4f ./drivers/fsl_usart.o
 .rodata.USART_GetDefaultConfig.str1.4
                0x0800767f       0x21 ./drivers/fsl_usart.o
 .rodata.USART_SetBaudRate.str1.4
                0x0800767f       0x53 ./drivers/fsl_usart.o
 .rodata.USART_WriteBlocking.str1.4
                0x0800767f       0x36 ./drivers/fsl_usart.o
 .rodata.USART_ReadBlocking.str1.4
                0x0800767f       0x36 ./drivers/fsl_usart.o
 *fill*         0x0800767f        0x1 ff
 .rodata.s_UsartAdapterBase
                0x08007680       0x14 ./component/uart/fsl_adapter_usart.o
 .rodata.HAL_UartInitCommon.str1.4
                0x08007694       0xeb ./component/uart/fsl_adapter_usart.o
 .rodata.HAL_UartReceiveBlocking.str1.4
                0x08007694       0x65 ./component/uart/fsl_adapter_usart.o
 .rodata.HAL_UartSendBlocking.str1.4
                0x08007694       0x65 ./component/uart/fsl_adapter_usart.o
 .rodata        0x08007694       0x24 ./board/board.o
 .rodata.ConfigSvcSensor.str1.4
                0x080076b8       0x28 ./board/board.o
 .rodata.avpllConfig_BOARD_BootClockRUN
                0x080076b8        0x3 ./board/clock_config.o
                0x080076b8                avpllConfig_BOARD_BootClockRUN
 .rodata.IO_MUX_SetPinMux.str1.4
                0x080076bb       0x83 ./board/pin_mux.o
 *fill*         0x080076bb        0x1 ff
 .rodata        0x080076bc        0x2 ./board/pin_mux.o
 *fill*         0x080076be        0x2 ff
 .rodata.__num_Ciob_streams
                0x080076c0        0x4 C:/nxp/MCUXpressoIDE_24.12.148/ide/plugins/com.nxp.mcuxpresso.tools.win32_24.12.0.202407110909/tools/bin/../lib/gcc/arm-none-eabi/13.2.1/../../../../arm-none-eabi/lib/thumb/v8-m.main+fp/hard\libcr_nohost_nf.a(__ciob.o)
                0x080076c0                __num_Ciob_streams
 .rodata._initio.str1.1
                0x080076c4        0x4 C:/nxp/MCUXpressoIDE_24.12.148/ide/plugins/com.nxp.mcuxpresso.tools.win32_24.12.0.202407110909/tools/bin/../lib/gcc/arm-none-eabi/13.2.1/../../../../arm-none-eabi/lib/thumb/v8-m.main+fp/hard\libcr_c.a(initio.o)
                0x080076c8                        . = ALIGN (0x4)

.glue_7         0x080076c8        0x0
 .glue_7        0x080076c8        0x0 linker stubs

.glue_7t        0x080076c8        0x0
 .glue_7t       0x080076c8        0x0 linker stubs

.vfp11_veneer   0x080076c8        0x0
 .vfp11_veneer  0x080076c8        0x0 linker stubs

.v4_bx          0x080076c8        0x0
 .v4_bx         0x080076c8        0x0 linker stubs

.iplt           0x080076c8        0x0
 .iplt          0x080076c8        0x0 ./utilities/debug_console_lite/fsl_debug_console.o

.rel.dyn        0x080076c8        0x0
 .rel.iplt      0x080076c8        0x0 ./utilities/debug_console_lite/fsl_debug_console.o

.ARM.extab
 *(SORT_BY_ALIGNMENT(.ARM.extab*) SORT_BY_ALIGNMENT(.gnu.linkonce.armextab.*))

.ARM.exidx      0x080076c8        0x0
                0x080076c8                        __exidx_start = .
 *(SORT_BY_ALIGNMENT(.ARM.exidx*) SORT_BY_ALIGNMENT(.gnu.linkonce.armexidx.*))
                0x080076c8                        __exidx_end = .
                0x080076c8                        _etext = .

.uninit_RESERVED
                0x20000000        0x0
                0x20000000                        _start_uninit_RESERVED = .
 *(SORT_BY_ALIGNMENT(.bss.$RESERVED*))
                0x20000000                        . = ALIGN (0x4)
                0x20000000                        _end_uninit_RESERVED = .

.data           0x20000000      0xbc0 load address 0x080076c8
 FILL mask 0xff
                0x20000000                        _data = .
                [!provide]                        PROVIDE (__start_data_RAM = .)
                [!provide]                        PROVIDE (__start_data_SRAM = .)
 *(SORT_BY_ALIGNMENT(vtable))
 *(SORT_BY_ALIGNMENT(.ramfunc*))
 *(SORT_BY_ALIGNMENT(CodeQuickAccess))
 CodeQuickAccess
                0x20000000      0x9e0 ./drivers/fsl_power.o
                0x20000000                POWER_SetSleepMode
                0x20000060                POWER_EnterPowerMode
                0x200000cc                POWER_DisableGDetVSensors
                0x20000230                POWER_EnableGDetVSensors
 CodeQuickAccess
                0x200009e0      0x1a0 ./board/board.o
                0x200009e0                BOARD_SetFlexspiClock
                0x20000a68                BOARD_DeinitFlash
                0x20000ac0                BOARD_InitFlash
 CodeQuickAccess.__stub
                0x20000b80       0x38 linker stubs
 *(SORT_BY_ALIGNMENT(DataQuickAccess))
 *(SORT_BY_ALIGNMENT(RamFunction))
 *(SORT_BY_ALIGNMENT(.data*))
 .data.Msgs     0x20000bb8        0x3 ./source/usart_interrupt.o
                0x20000bb8                Msgs
 *fill*         0x20000bbb        0x1 ff
 .data.SystemCoreClock
                0x20000bbc        0x4 ./device/system_RW612.o
                0x20000bbc                SystemCoreClock
                0x20000bc0                        . = ALIGN (0x4)
                0x20000bc0                        _edata = .
                [!provide]                        PROVIDE (__end_data_RAM = .)
                [!provide]                        PROVIDE (__end_data_SRAM = .)

.igot.plt       0x20000bc0        0x0 load address 0x08008288
 .igot.plt      0x20000bc0        0x0 ./utilities/debug_console_lite/fsl_debug_console.o

.bss            0x20000bc0      0x28c
                0x20000bc0                        _bss = .
                [!provide]                        PROVIDE (__start_bss_RAM = .)
                [!provide]                        PROVIDE (__start_bss_SRAM = .)
 *(SORT_BY_ALIGNMENT(.bss*))
 .bss.s_debugConsole
                0x20000bc0       0x14 ./utilities/debug_console_lite/fsl_debug_console.o
 .bss.message_callback
                0x20000bd4        0x4 ./source/LIN.o
 .bss.messageFrame_callback
                0x20000bd8        0x4 ./source/LIN.o
 .bss.counter   0x20000bdc        0x4 ./source/usart_interrupt.o
 .bss.counter2  0x20000be0        0x4 ./source/usart_interrupt.o
 .bss.BufferRxFrame
                0x20000be4        0xa ./source/usart_interrupt.o
 *fill*         0x20000bee        0x2 
 .bss.BufferRxData
                0x20000bf0       0x10 ./source/usart_interrupt.o
 .bss.g_clkinFreq
                0x20000c00        0x4 ./drivers/fsl_clock.o
                0x20000c00                g_clkinFreq
 .bss.g_mclkinFreq
                0x20000c04        0x4 ./drivers/fsl_clock.o
                0x20000c04                g_mclkinFreq
 .bss.s_flexcommIrqHandler
                0x20000c08       0x14 ./drivers/fsl_flexcomm.o
 .bss.s_flexcommHandle
                0x20000c1c       0x14 ./drivers/fsl_flexcomm.o
 .bss.s_flexspiHandle
                0x20000c30        0x4 ./drivers/fsl_flexspi.o
 .bss.s_flexspiIsr
                0x20000c34        0x4 ./drivers/fsl_flexspi.o
 .bss.s_nvicContext
                0x20000c38       0xec ./drivers/fsl_power.o
 .bss.s_systickContext
                0x20000d24        0x8 ./drivers/fsl_power.o
 .bss.s_clockContext
                0x20000d2c        0x4 ./drivers/fsl_power.o
 .bss.s_gdetSensorContext
                0x20000d30       0x28 ./drivers/fsl_power.o
 .bss.s_captPulseCb
                0x20000d58        0x4 ./drivers/fsl_power.o
 .bss.s_captPulseCbParam
                0x20000d5c        0x4 ./drivers/fsl_power.o
 .bss.s_preSwitch
                0x20000d60        0x4 ./drivers/fsl_power.o
 .bss.s_preSwitchParam
                0x20000d64        0x4 ./drivers/fsl_power.o
 .bss.s_postSwitch
                0x20000d68        0x4 ./drivers/fsl_power.o
 .bss.s_postSwitchParam
                0x20000d6c        0x4 ./drivers/fsl_power.o
 .bss.s_gdetCfgloadFunc
                0x20000d70        0x4 ./drivers/fsl_power.o
 .bss.s_gdetCfgData
                0x20000d74       0x1c ./drivers/fsl_power.o
 .bss.errno     0x20000d90        0x4 C:/nxp/MCUXpressoIDE_24.12.148/ide/plugins/com.nxp.mcuxpresso.tools.win32_24.12.0.202407110909/tools/bin/../lib/gcc/arm-none-eabi/13.2.1/../../../../arm-none-eabi/lib/thumb/v8-m.main+fp/hard\libcr_c.a(errno.o)
                0x20000d90                errno
 .bss.__Ciob    0x20000d94       0xb4 C:/nxp/MCUXpressoIDE_24.12.148/ide/plugins/com.nxp.mcuxpresso.tools.win32_24.12.0.202407110909/tools/bin/../lib/gcc/arm-none-eabi/13.2.1/../../../../arm-none-eabi/lib/thumb/v8-m.main+fp/hard\libcr_nohost_nf.a(__ciob.o)
                0x20000d94                __Ciob
 .bss.FlagBreak.1
                0x20000e48        0x1 ./source/LIN.o
 .bss.byte.0    0x20000e49        0x1 ./source/LIN.o
 .bss.SendMsg   0x20000e4a        0x1 ./source/usart_interrupt.o
 .bss.Index     0x20000e4b        0x1 ./source/usart_interrupt.o
 *(SORT_BY_ALIGNMENT(COMMON))
                0x20000e4c                        . = ALIGN (0x4)
                0x20000e4c                        _ebss = .
                [!provide]                        PROVIDE (__end_bss_RAM = .)
                [!provide]                        PROVIDE (__end_bss_SRAM = .)
                [!provide]                        PROVIDE (end = .)

.noinit         0x20000e4c        0x0
                0x20000e4c                        _noinit = .
                [!provide]                        PROVIDE (__start_noinit_RAM = .)
                [!provide]                        PROVIDE (__start_noinit_SRAM = .)
 *(SORT_BY_ALIGNMENT(.noinit*))
                0x20000e4c                        . = ALIGN (0x4)
                0x20000e4c                        _end_noinit = .
                [!provide]                        PROVIDE (__end_noinit_RAM = .)
                [!provide]                        PROVIDE (__end_noinit_SRAM = .)
                0x00001000                        _HeapSize = 0x1000

.heap           0x20000e4c     0x1000
                0x20000e4c                        _pvHeapStart = .
                0x20001e4c                        . = (. + _HeapSize)
 *fill*         0x20000e4c     0x1000 
                0x20001e4c                        . = ALIGN (0x4)
                0x20001e4c                        _pvHeapLimit = .
                0x00001000                        _StackSize = 0x1000

.heap2stackfill
                0x20001e4c     0x1000
                0x20002e4c                        . = (. + _StackSize)
 *fill*         0x20001e4c     0x1000 

.stack          0x2012f000        0x0
                0x2012f000                        _vStackBase = .
                0x2012f000                        . = ALIGN (0x4)
                0x20130000                        _vStackTop = (. + _StackSize)
                0x08001000                        _image_start = LOADADDR (.text)
                0x08008288                        _image_end = (LOADADDR (.data) + SIZEOF (.data))
                0x00007288                        _image_size = (_image_end - _image_start)
OUTPUT(frdmrw612_usart_interrupt.axf elf32-littlearm)
LOAD linker stubs

.debug_info     0x00000000    0x20af5
 .debug_info    0x00000000      0xcf4 ./utilities/debug_console_lite/fsl_debug_console.o
 .debug_info    0x00000cf4      0x12e ./utilities/fsl_assert.o
 .debug_info    0x00000e22       0x24 ./utilities/fsl_memcpy.o
 .debug_info    0x00000e46     0x11bf ./startup/startup_rw612.o
 .debug_info    0x00002005     0x126f ./source/LIN.o
 .debug_info    0x00003274       0x3c ./source/semihost_hardfault.o
 .debug_info    0x000032b0     0x1466 ./source/usart_interrupt.o
 .debug_info    0x00004716      0x815 ./flash_config/flash_config.o
 .debug_info    0x00004f2b     0x3524 ./drivers/fsl_clock.o
 .debug_info    0x0000844f      0x38b ./drivers/fsl_common_arm.o
 .debug_info    0x000087da      0xeee ./drivers/fsl_flexcomm.o
 .debug_info    0x000096c8     0x2650 ./drivers/fsl_flexspi.o
 .debug_info    0x0000bd18      0xe3c ./drivers/fsl_gpio.o
 .debug_info    0x0000cb54      0xe12 ./drivers/fsl_ocotp.o
 .debug_info    0x0000d966     0x4bec ./drivers/fsl_power.o
 .debug_info    0x00012552      0x48e ./drivers/fsl_reset.o
 .debug_info    0x000129e0     0x1c7c ./drivers/fsl_usart.o
 .debug_info    0x0001465c     0x1569 ./device/system_RW612.o
 .debug_info    0x00015bc5      0xd9d ./component/uart/fsl_adapter_usart.o
 .debug_info    0x00016962      0xf1e ./component/els_pkc/src/comps/mcuxClEls/src/mcuxClEls_Common.o
 .debug_info    0x00017880      0x68f ./component/els_pkc/src/comps/mcuxClEls/src/mcuxClEls_GlitchDetector.o
 .debug_info    0x00017f0f     0x37c4 ./board/board.o
 .debug_info    0x0001b6d3     0x175e ./board/clock_config.o
 .debug_info    0x0001ce31       0xa1 ./board/hardware_init.o
 .debug_info    0x0001ced2     0x12d7 ./board/pin_mux.o
 .debug_info    0x0001e1a9       0x85 C:/nxp/MCUXpressoIDE_24.12.148/ide/plugins/com.nxp.mcuxpresso.tools.win32_24.12.0.202407110909/tools/bin/../lib/gcc/arm-none-eabi/13.2.1/../../../../arm-none-eabi/lib/thumb/v8-m.main+fp/hard\libcr_nohost_nf.a(_cr__main.o)
 .debug_info    0x0001e22e       0xfc C:/nxp/MCUXpressoIDE_24.12.148/ide/plugins/com.nxp.mcuxpresso.tools.win32_24.12.0.202407110909/tools/bin/../lib/gcc/arm-none-eabi/13.2.1/../../../../arm-none-eabi/lib/thumb/v8-m.main+fp/hard\libcr_c.a(memset.o)
 .debug_info    0x0001e32a      0x520 C:/nxp/MCUXpressoIDE_24.12.148/ide/plugins/com.nxp.mcuxpresso.tools.win32_24.12.0.202407110909/tools/bin/../lib/gcc/arm-none-eabi/13.2.1/../../../../arm-none-eabi/lib/thumb/v8-m.main+fp/hard\libcr_c.a(alloc.o)
 .debug_info    0x0001e84a       0x44 C:/nxp/MCUXpressoIDE_24.12.148/ide/plugins/com.nxp.mcuxpresso.tools.win32_24.12.0.202407110909/tools/bin/../lib/gcc/arm-none-eabi/13.2.1/../../../../arm-none-eabi/lib/thumb/v8-m.main+fp/hard\libcr_c.a(errno.o)
 .debug_info    0x0001e88e      0x339 C:/nxp/MCUXpressoIDE_24.12.148/ide/plugins/com.nxp.mcuxpresso.tools.win32_24.12.0.202407110909/tools/bin/../lib/gcc/arm-none-eabi/13.2.1/../../../../arm-none-eabi/lib/thumb/v8-m.main+fp/hard\libcr_c.a(initio.o)
 .debug_info    0x0001ebc7      0x1fd C:/nxp/MCUXpressoIDE_24.12.148/ide/plugins/com.nxp.mcuxpresso.tools.win32_24.12.0.202407110909/tools/bin/../lib/gcc/arm-none-eabi/13.2.1/../../../../arm-none-eabi/lib/thumb/v8-m.main+fp/hard\libcr_c.a(setvbuf.o)
 .debug_info    0x0001edc4       0xe1 C:/nxp/MCUXpressoIDE_24.12.148/ide/plugins/com.nxp.mcuxpresso.tools.win32_24.12.0.202407110909/tools/bin/../lib/gcc/arm-none-eabi/13.2.1/../../../../arm-none-eabi/lib/thumb/v8-m.main+fp/hard\libcr_c.a(strlen.o)
 .debug_info    0x0001eea5      0x369 C:/nxp/MCUXpressoIDE_24.12.148/ide/plugins/com.nxp.mcuxpresso.tools.win32_24.12.0.202407110909/tools/bin/../lib/gcc/arm-none-eabi/13.2.1/../../../../arm-none-eabi/lib/thumb/v8-m.main+fp/hard\libcr_c.a(_deferredlazyseek.o)
 .debug_info    0x0001f20e      0x24b C:/nxp/MCUXpressoIDE_24.12.148/ide/plugins/com.nxp.mcuxpresso.tools.win32_24.12.0.202407110909/tools/bin/../lib/gcc/arm-none-eabi/13.2.1/../../../../arm-none-eabi/lib/thumb/v8-m.main+fp/hard\libcr_c.a(_fdopen.o)
 .debug_info    0x0001f459      0x1e3 C:/nxp/MCUXpressoIDE_24.12.148/ide/plugins/com.nxp.mcuxpresso.tools.win32_24.12.0.202407110909/tools/bin/../lib/gcc/arm-none-eabi/13.2.1/../../../../arm-none-eabi/lib/thumb/v8-m.main+fp/hard\libcr_c.a(_fflush.o)
 .debug_info    0x0001f63c      0x289 C:/nxp/MCUXpressoIDE_24.12.148/ide/plugins/com.nxp.mcuxpresso.tools.win32_24.12.0.202407110909/tools/bin/../lib/gcc/arm-none-eabi/13.2.1/../../../../arm-none-eabi/lib/thumb/v8-m.main+fp/hard\libcr_c.a(_writebuf.o)
 .debug_info    0x0001f8c5      0x318 C:/nxp/MCUXpressoIDE_24.12.148/ide/plugins/com.nxp.mcuxpresso.tools.win32_24.12.0.202407110909/tools/bin/../lib/gcc/arm-none-eabi/13.2.1/../../../../arm-none-eabi/lib/thumb/v8-m.main+fp/hard\libcr_c.a(fclose.o)
 .debug_info    0x0001fbdd      0x209 C:/nxp/MCUXpressoIDE_24.12.148/ide/plugins/com.nxp.mcuxpresso.tools.win32_24.12.0.202407110909/tools/bin/../lib/gcc/arm-none-eabi/13.2.1/../../../../arm-none-eabi/lib/thumb/v8-m.main+fp/hard\libcr_c.a(fflush.o)
 .debug_info    0x0001fde6      0x276 C:/nxp/MCUXpressoIDE_24.12.148/ide/plugins/com.nxp.mcuxpresso.tools.win32_24.12.0.202407110909/tools/bin/../lib/gcc/arm-none-eabi/13.2.1/../../../../arm-none-eabi/lib/thumb/v8-m.main+fp/hard\libcr_c.a(fseek.o)
 .debug_info    0x0002005c      0x197 C:/nxp/MCUXpressoIDE_24.12.148/ide/plugins/com.nxp.mcuxpresso.tools.win32_24.12.0.202407110909/tools/bin/../lib/gcc/arm-none-eabi/13.2.1/../../../../arm-none-eabi/lib/thumb/v8-m.main+fp/hard\libcr_c.a(ftell.o)
 .debug_info    0x000201f3      0x1d7 C:/nxp/MCUXpressoIDE_24.12.148/ide/plugins/com.nxp.mcuxpresso.tools.win32_24.12.0.202407110909/tools/bin/../lib/gcc/arm-none-eabi/13.2.1/../../../../arm-none-eabi/lib/thumb/v8-m.main+fp/hard\libcr_c.a(remove.o)
 .debug_info    0x000203ca      0x23a C:/nxp/MCUXpressoIDE_24.12.148/ide/plugins/com.nxp.mcuxpresso.tools.win32_24.12.0.202407110909/tools/bin/../lib/gcc/arm-none-eabi/13.2.1/../../../../arm-none-eabi/lib/thumb/v8-m.main+fp/hard\libcr_c.a(_do_fflush.o)
 .debug_info    0x00020604      0x18b C:/nxp/MCUXpressoIDE_24.12.148/ide/plugins/com.nxp.mcuxpresso.tools.win32_24.12.0.202407110909/tools/bin/../lib/gcc/arm-none-eabi/13.2.1/../../../../arm-none-eabi/lib/thumb/v8-m.main+fp/hard\libcr_nohost_nf.a(__ciob.o)
 .debug_info    0x0002078f       0x6a C:/nxp/MCUXpressoIDE_24.12.148/ide/plugins/com.nxp.mcuxpresso.tools.win32_24.12.0.202407110909/tools/bin/../lib/gcc/arm-none-eabi/13.2.1/../../../../arm-none-eabi/lib/thumb/v8-m.main+fp/hard\libcr_nohost_nf.a(__sys_close.o)
 .debug_info    0x000207f9       0x6a C:/nxp/MCUXpressoIDE_24.12.148/ide/plugins/com.nxp.mcuxpresso.tools.win32_24.12.0.202407110909/tools/bin/../lib/gcc/arm-none-eabi/13.2.1/../../../../arm-none-eabi/lib/thumb/v8-m.main+fp/hard\libcr_nohost_nf.a(__sys_flen.o)
 .debug_info    0x00020863       0x6a C:/nxp/MCUXpressoIDE_24.12.148/ide/plugins/com.nxp.mcuxpresso.tools.win32_24.12.0.202407110909/tools/bin/../lib/gcc/arm-none-eabi/13.2.1/../../../../arm-none-eabi/lib/thumb/v8-m.main+fp/hard\libcr_nohost_nf.a(__sys_istty.o)
 .debug_info    0x000208cd       0x8a C:/nxp/MCUXpressoIDE_24.12.148/ide/plugins/com.nxp.mcuxpresso.tools.win32_24.12.0.202407110909/tools/bin/../lib/gcc/arm-none-eabi/13.2.1/../../../../arm-none-eabi/lib/thumb/v8-m.main+fp/hard\libcr_nohost_nf.a(__sys_remove.o)
 .debug_info    0x00020957       0x78 C:/nxp/MCUXpressoIDE_24.12.148/ide/plugins/com.nxp.mcuxpresso.tools.win32_24.12.0.202407110909/tools/bin/../lib/gcc/arm-none-eabi/13.2.1/../../../../arm-none-eabi/lib/thumb/v8-m.main+fp/hard\libcr_nohost_nf.a(__sys_seek.o)
 .debug_info    0x000209cf       0x93 C:/nxp/MCUXpressoIDE_24.12.148/ide/plugins/com.nxp.mcuxpresso.tools.win32_24.12.0.202407110909/tools/bin/../lib/gcc/arm-none-eabi/13.2.1/../../../../arm-none-eabi/lib/thumb/v8-m.main+fp/hard\libcr_nohost_nf.a(__sys_tmpnam.o)
 .debug_info    0x00020a62       0x93 C:/nxp/MCUXpressoIDE_24.12.148/ide/plugins/com.nxp.mcuxpresso.tools.win32_24.12.0.202407110909/tools/bin/../lib/gcc/arm-none-eabi/13.2.1/../../../../arm-none-eabi/lib/thumb/v8-m.main+fp/hard\libcr_nohost_nf.a(__sys_write.o)

.debug_abbrev   0x00000000     0x4bd3
 .debug_abbrev  0x00000000      0x256 ./utilities/debug_console_lite/fsl_debug_console.o
 .debug_abbrev  0x00000256       0xbd ./utilities/fsl_assert.o
 .debug_abbrev  0x00000313       0x14 ./utilities/fsl_memcpy.o
 .debug_abbrev  0x00000327      0x15f ./startup/startup_rw612.o
 .debug_abbrev  0x00000486      0x2e6 ./source/LIN.o
 .debug_abbrev  0x0000076c       0x31 ./source/semihost_hardfault.o
 .debug_abbrev  0x0000079d      0x30d ./source/usart_interrupt.o
 .debug_abbrev  0x00000aaa       0xf3 ./flash_config/flash_config.o
 .debug_abbrev  0x00000b9d      0x454 ./drivers/fsl_clock.o
 .debug_abbrev  0x00000ff1      0x16a ./drivers/fsl_common_arm.o
 .debug_abbrev  0x0000115b      0x272 ./drivers/fsl_flexcomm.o
 .debug_abbrev  0x000013cd      0x39c ./drivers/fsl_flexspi.o
 .debug_abbrev  0x00001769      0x24e ./drivers/fsl_gpio.o
 .debug_abbrev  0x000019b7      0x2a7 ./drivers/fsl_ocotp.o
 .debug_abbrev  0x00001c5e      0x4c2 ./drivers/fsl_power.o
 .debug_abbrev  0x00002120      0x123 ./drivers/fsl_reset.o
 .debug_abbrev  0x00002243      0x40d ./drivers/fsl_usart.o
 .debug_abbrev  0x00002650      0x1fe ./device/system_RW612.o
 .debug_abbrev  0x0000284e      0x214 ./component/uart/fsl_adapter_usart.o
 .debug_abbrev  0x00002a62      0x268 ./component/els_pkc/src/comps/mcuxClEls/src/mcuxClEls_Common.o
 .debug_abbrev  0x00002cca      0x13e ./component/els_pkc/src/comps/mcuxClEls/src/mcuxClEls_GlitchDetector.o
 .debug_abbrev  0x00002e08      0x3d2 ./board/board.o
 .debug_abbrev  0x000031da      0x1c3 ./board/clock_config.o
 .debug_abbrev  0x0000339d       0x5a ./board/hardware_init.o
 .debug_abbrev  0x000033f7      0x26c ./board/pin_mux.o
 .debug_abbrev  0x00003663       0x70 C:/nxp/MCUXpressoIDE_24.12.148/ide/plugins/com.nxp.mcuxpresso.tools.win32_24.12.0.202407110909/tools/bin/../lib/gcc/arm-none-eabi/13.2.1/../../../../arm-none-eabi/lib/thumb/v8-m.main+fp/hard\libcr_nohost_nf.a(_cr__main.o)
 .debug_abbrev  0x000036d3       0xa8 C:/nxp/MCUXpressoIDE_24.12.148/ide/plugins/com.nxp.mcuxpresso.tools.win32_24.12.0.202407110909/tools/bin/../lib/gcc/arm-none-eabi/13.2.1/../../../../arm-none-eabi/lib/thumb/v8-m.main+fp/hard\libcr_c.a(memset.o)
 .debug_abbrev  0x0000377b      0x284 C:/nxp/MCUXpressoIDE_24.12.148/ide/plugins/com.nxp.mcuxpresso.tools.win32_24.12.0.202407110909/tools/bin/../lib/gcc/arm-none-eabi/13.2.1/../../../../arm-none-eabi/lib/thumb/v8-m.main+fp/hard\libcr_c.a(alloc.o)
 .debug_abbrev  0x000039ff       0x44 C:/nxp/MCUXpressoIDE_24.12.148/ide/plugins/com.nxp.mcuxpresso.tools.win32_24.12.0.202407110909/tools/bin/../lib/gcc/arm-none-eabi/13.2.1/../../../../arm-none-eabi/lib/thumb/v8-m.main+fp/hard\libcr_c.a(errno.o)
 .debug_abbrev  0x00003a43      0x169 C:/nxp/MCUXpressoIDE_24.12.148/ide/plugins/com.nxp.mcuxpresso.tools.win32_24.12.0.202407110909/tools/bin/../lib/gcc/arm-none-eabi/13.2.1/../../../../arm-none-eabi/lib/thumb/v8-m.main+fp/hard\libcr_c.a(initio.o)
 .debug_abbrev  0x00003bac       0xe1 C:/nxp/MCUXpressoIDE_24.12.148/ide/plugins/com.nxp.mcuxpresso.tools.win32_24.12.0.202407110909/tools/bin/../lib/gcc/arm-none-eabi/13.2.1/../../../../arm-none-eabi/lib/thumb/v8-m.main+fp/hard\libcr_c.a(setvbuf.o)
 .debug_abbrev  0x00003c8d       0xa7 C:/nxp/MCUXpressoIDE_24.12.148/ide/plugins/com.nxp.mcuxpresso.tools.win32_24.12.0.202407110909/tools/bin/../lib/gcc/arm-none-eabi/13.2.1/../../../../arm-none-eabi/lib/thumb/v8-m.main+fp/hard\libcr_c.a(strlen.o)
 .debug_abbrev  0x00003d34      0x152 C:/nxp/MCUXpressoIDE_24.12.148/ide/plugins/com.nxp.mcuxpresso.tools.win32_24.12.0.202407110909/tools/bin/../lib/gcc/arm-none-eabi/13.2.1/../../../../arm-none-eabi/lib/thumb/v8-m.main+fp/hard\libcr_c.a(_deferredlazyseek.o)
 .debug_abbrev  0x00003e86      0x119 C:/nxp/MCUXpressoIDE_24.12.148/ide/plugins/com.nxp.mcuxpresso.tools.win32_24.12.0.202407110909/tools/bin/../lib/gcc/arm-none-eabi/13.2.1/../../../../arm-none-eabi/lib/thumb/v8-m.main+fp/hard\libcr_c.a(_fdopen.o)
 .debug_abbrev  0x00003f9f       0xf1 C:/nxp/MCUXpressoIDE_24.12.148/ide/plugins/com.nxp.mcuxpresso.tools.win32_24.12.0.202407110909/tools/bin/../lib/gcc/arm-none-eabi/13.2.1/../../../../arm-none-eabi/lib/thumb/v8-m.main+fp/hard\libcr_c.a(_fflush.o)
 .debug_abbrev  0x00004090      0x126 C:/nxp/MCUXpressoIDE_24.12.148/ide/plugins/com.nxp.mcuxpresso.tools.win32_24.12.0.202407110909/tools/bin/../lib/gcc/arm-none-eabi/13.2.1/../../../../arm-none-eabi/lib/thumb/v8-m.main+fp/hard\libcr_c.a(_writebuf.o)
 .debug_abbrev  0x000041b6      0x155 C:/nxp/MCUXpressoIDE_24.12.148/ide/plugins/com.nxp.mcuxpresso.tools.win32_24.12.0.202407110909/tools/bin/../lib/gcc/arm-none-eabi/13.2.1/../../../../arm-none-eabi/lib/thumb/v8-m.main+fp/hard\libcr_c.a(fclose.o)
 .debug_abbrev  0x0000430b      0x125 C:/nxp/MCUXpressoIDE_24.12.148/ide/plugins/com.nxp.mcuxpresso.tools.win32_24.12.0.202407110909/tools/bin/../lib/gcc/arm-none-eabi/13.2.1/../../../../arm-none-eabi/lib/thumb/v8-m.main+fp/hard\libcr_c.a(fflush.o)
 .debug_abbrev  0x00004430      0x11b C:/nxp/MCUXpressoIDE_24.12.148/ide/plugins/com.nxp.mcuxpresso.tools.win32_24.12.0.202407110909/tools/bin/../lib/gcc/arm-none-eabi/13.2.1/../../../../arm-none-eabi/lib/thumb/v8-m.main+fp/hard\libcr_c.a(fseek.o)
 .debug_abbrev  0x0000454b       0xc2 C:/nxp/MCUXpressoIDE_24.12.148/ide/plugins/com.nxp.mcuxpresso.tools.win32_24.12.0.202407110909/tools/bin/../lib/gcc/arm-none-eabi/13.2.1/../../../../arm-none-eabi/lib/thumb/v8-m.main+fp/hard\libcr_c.a(ftell.o)
 .debug_abbrev  0x0000460d       0xfb C:/nxp/MCUXpressoIDE_24.12.148/ide/plugins/com.nxp.mcuxpresso.tools.win32_24.12.0.202407110909/tools/bin/../lib/gcc/arm-none-eabi/13.2.1/../../../../arm-none-eabi/lib/thumb/v8-m.main+fp/hard\libcr_c.a(remove.o)
 .debug_abbrev  0x00004708      0x12c C:/nxp/MCUXpressoIDE_24.12.148/ide/plugins/com.nxp.mcuxpresso.tools.win32_24.12.0.202407110909/tools/bin/../lib/gcc/arm-none-eabi/13.2.1/../../../../arm-none-eabi/lib/thumb/v8-m.main+fp/hard\libcr_c.a(_do_fflush.o)
 .debug_abbrev  0x00004834       0xb5 C:/nxp/MCUXpressoIDE_24.12.148/ide/plugins/com.nxp.mcuxpresso.tools.win32_24.12.0.202407110909/tools/bin/../lib/gcc/arm-none-eabi/13.2.1/../../../../arm-none-eabi/lib/thumb/v8-m.main+fp/hard\libcr_nohost_nf.a(__ciob.o)
 .debug_abbrev  0x000048e9       0x5c C:/nxp/MCUXpressoIDE_24.12.148/ide/plugins/com.nxp.mcuxpresso.tools.win32_24.12.0.202407110909/tools/bin/../lib/gcc/arm-none-eabi/13.2.1/../../../../arm-none-eabi/lib/thumb/v8-m.main+fp/hard\libcr_nohost_nf.a(__sys_close.o)
 .debug_abbrev  0x00004945       0x5c C:/nxp/MCUXpressoIDE_24.12.148/ide/plugins/com.nxp.mcuxpresso.tools.win32_24.12.0.202407110909/tools/bin/../lib/gcc/arm-none-eabi/13.2.1/../../../../arm-none-eabi/lib/thumb/v8-m.main+fp/hard\libcr_nohost_nf.a(__sys_flen.o)
 .debug_abbrev  0x000049a1       0x5c C:/nxp/MCUXpressoIDE_24.12.148/ide/plugins/com.nxp.mcuxpresso.tools.win32_24.12.0.202407110909/tools/bin/../lib/gcc/arm-none-eabi/13.2.1/../../../../arm-none-eabi/lib/thumb/v8-m.main+fp/hard\libcr_nohost_nf.a(__sys_istty.o)
 .debug_abbrev  0x000049fd       0x7d C:/nxp/MCUXpressoIDE_24.12.148/ide/plugins/com.nxp.mcuxpresso.tools.win32_24.12.0.202407110909/tools/bin/../lib/gcc/arm-none-eabi/13.2.1/../../../../arm-none-eabi/lib/thumb/v8-m.main+fp/hard\libcr_nohost_nf.a(__sys_remove.o)
 .debug_abbrev  0x00004a7a       0x6d C:/nxp/MCUXpressoIDE_24.12.148/ide/plugins/com.nxp.mcuxpresso.tools.win32_24.12.0.202407110909/tools/bin/../lib/gcc/arm-none-eabi/13.2.1/../../../../arm-none-eabi/lib/thumb/v8-m.main+fp/hard\libcr_nohost_nf.a(__sys_seek.o)
 .debug_abbrev  0x00004ae7       0x76 C:/nxp/MCUXpressoIDE_24.12.148/ide/plugins/com.nxp.mcuxpresso.tools.win32_24.12.0.202407110909/tools/bin/../lib/gcc/arm-none-eabi/13.2.1/../../../../arm-none-eabi/lib/thumb/v8-m.main+fp/hard\libcr_nohost_nf.a(__sys_tmpnam.o)
 .debug_abbrev  0x00004b5d       0x76 C:/nxp/MCUXpressoIDE_24.12.148/ide/plugins/com.nxp.mcuxpresso.tools.win32_24.12.0.202407110909/tools/bin/../lib/gcc/arm-none-eabi/13.2.1/../../../../arm-none-eabi/lib/thumb/v8-m.main+fp/hard\libcr_nohost_nf.a(__sys_write.o)

.debug_aranges  0x00000000     0x1400
 .debug_aranges
                0x00000000       0x78 ./utilities/debug_console_lite/fsl_debug_console.o
 .debug_aranges
                0x00000078       0x28 ./utilities/fsl_assert.o
 .debug_aranges
                0x000000a0       0x20 ./utilities/fsl_memcpy.o
 .debug_aranges
                0x000000c0      0x490 ./startup/startup_rw612.o
 .debug_aranges
                0x00000550       0x80 ./source/LIN.o
 .debug_aranges
                0x000005d0       0x20 ./source/semihost_hardfault.o
 .debug_aranges
                0x000005f0       0x58 ./source/usart_interrupt.o
 .debug_aranges
                0x00000648       0x18 ./flash_config/flash_config.o
 .debug_aranges
                0x00000660      0x228 ./drivers/fsl_clock.o
 .debug_aranges
                0x00000888       0x38 ./drivers/fsl_common_arm.o
 .debug_aranges
                0x000008c0       0x68 ./drivers/fsl_flexcomm.o