../startup/startup_rw612.c:547:6:data_init	4	static
../startup/startup_rw612.c:556:6:bss_init	0	static
../startup/startup_rw612.c:581:6:ResetISR	0	static
../startup/startup_rw612.c:654:14:NMI_Handler	0	static
../startup/startup_rw612.c:658:14:HardFault_Handler	0	static
../startup/startup_rw612.c:662:14:MemManage_Handler	0	static
../startup/startup_rw612.c:666:14:BusFault_Handler	0	static
../startup/startup_rw612.c:670:14:UsageFault_Handler	0	static
../startup/startup_rw612.c:674:14:SecureFault_Handler	0	static
../startup/startup_rw612.c:678:14:SVC_Handler	0	static
../startup/startup_rw612.c:682:14:DebugMon_Handler	0	static
../startup/startup_rw612.c:686:14:PendSV_Handler	0	static
../startup/startup_rw612.c:690:14:SysTick_Handler	0	static
../startup/startup_rw612.c:698:14:IntDefaultHandler	0	static
../startup/startup_rw612.c:708:11:WDT0_IRQHandler	8	static
../startup/startup_rw612.c:712:11:DMA0_IRQHandler	8	static
../startup/startup_rw612.c:716:11:GPIO_INTA_IRQHandler	8	static
../startup/startup_rw612.c:720:11:GPIO_INTB_IRQHandler	8	static
../startup/startup_rw612.c:724:11:PIN_INT0_IRQHandler	8	static
../startup/startup_rw612.c:728:11:PIN_INT1_IRQHandler	8	static
../startup/startup_rw612.c:732:11:PIN_INT2_IRQHandler	8	static
../startup/startup_rw612.c:736:11:PIN_INT3_IRQHandler	8	static
../startup/startup_rw612.c:740:11:UTICK_IRQHandler	8	static
../startup/startup_rw612.c:744:11:MRT_IRQHandler	8	static
../startup/startup_rw612.c:748:11:CTIMER0_IRQHandler	8	static
../startup/startup_rw612.c:752:11:CTIMER1_IRQHandler	8	static
../startup/startup_rw612.c:756:11:SCT0_IRQHandler	8	static
../startup/startup_rw612.c:760:11:CTIMER3_IRQHandler	8	static
../startup/startup_rw612.c:764:11:FLEXCOMM0_IRQHandler	8	static
../startup/startup_rw612.c:768:11:FLEXCOMM1_IRQHandler	8	static
../startup/startup_rw612.c:772:11:FLEXCOMM2_IRQHandler	8	static
../startup/startup_rw612.c:776:11:FLEXCOMM3_IRQHandler	8	static
../startup/startup_rw612.c:780:11:Reserved34_IRQHandler	8	static
../startup/startup_rw612.c:784:11:Reserved35_IRQHandler	8	static
../startup/startup_rw612.c:788:11:FLEXCOMM14_IRQHandler	8	static
../startup/startup_rw612.c:792:11:Reserved37_IRQHandler	8	static
../startup/startup_rw612.c:796:11:Reserved38_IRQHandler	8	static
../startup/startup_rw612.c:800:11:GFMRT_IRQHandler	8	static
../startup/startup_rw612.c:804:11:Reserved40_IRQHandler	8	static
../startup/startup_rw612.c:808:11:DMIC_IRQHandler	8	static
../startup/startup_rw612.c:812:11:WKDEEPSLEEP_IRQHandler	8	static
../startup/startup_rw612.c:816:11:HYPERVISOR_IRQHandler	8	static
../startup/startup_rw612.c:820:11:SECUREVIOLATION_IRQHandler	8	static
../startup/startup_rw612.c:824:11:HWVAD_IRQHandler	8	static
../startup/startup_rw612.c:828:11:Reserved46_IRQHandler	8	static
../startup/startup_rw612.c:832:11:Reserved47_IRQHandler	8	static
../startup/startup_rw612.c:836:11:RTC_IRQHandler	8	static
../startup/startup_rw612.c:840:11:Reserved49_IRQHandler	8	static
../startup/startup_rw612.c:844:11:Reserved50_IRQHandler	8	static
../startup/startup_rw612.c:848:11:PIN_INT4_IRQHandler	8	static
../startup/startup_rw612.c:852:11:PIN_INT5_IRQHandler	8	static
../startup/startup_rw612.c:856:11:PIN_INT6_IRQHandler	8	static
../startup/startup_rw612.c:860:11:PIN_INT7_IRQHandler	8	static
../startup/startup_rw612.c:864:11:CTIMER2_IRQHandler	8	static
../startup/startup_rw612.c:868:11:CTIMER4_IRQHandler	8	static
../startup/startup_rw612.c:872:11:OS_EVENT_TIMER_IRQHandler	8	static
../startup/startup_rw612.c:876:11:FLEXSPI_IRQHandler	8	static
../startup/startup_rw612.c:880:11:Reserved59_IRQHandler	8	static
../startup/startup_rw612.c:884:11:Reserved60_IRQHandler	8	static
../startup/startup_rw612.c:888:11:Reserved61_IRQHandler	8	static
../startup/startup_rw612.c:892:11:SDIO_IRQHandler	8	static
../startup/startup_rw612.c:896:11:SGPIO_INTA_IRQHandler	8	static
../startup/startup_rw612.c:900:11:SGPIO_INTB_IRQHandler	8	static
../startup/startup_rw612.c:904:11:Reserved65_IRQHandler	8	static
../startup/startup_rw612.c:908:11:USB_IRQHandler	8	static
../startup/startup_rw612.c:912:11:Reserved67_IRQHandler	8	static
../startup/startup_rw612.c:916:11:Reserved68_IRQHandler	8	static
../startup/startup_rw612.c:920:11:Reserved69_IRQHandler	8	static
../startup/startup_rw612.c:924:11:DMA1_IRQHandler	8	static
../startup/startup_rw612.c:928:11:PUF_IRQHandler	8	static
../startup/startup_rw612.c:932:11:POWERQUAD_IRQHandler	8	static
../startup/startup_rw612.c:936:11:Reserved73_IRQHandler	8	static
../startup/startup_rw612.c:940:11:Reserved74_IRQHandler	8	static
../startup/startup_rw612.c:944:11:Reserved75_IRQHandler	8	static
../startup/startup_rw612.c:948:11:Reserved76_IRQHandler	8	static
../startup/startup_rw612.c:952:11:LCD_IRQHandler	8	static
../startup/startup_rw612.c:956:11:CAPTIMER_IRQHandler	8	static
../startup/startup_rw612.c:960:11:Reserved79_IRQHandler	8	static
../startup/startup_rw612.c:964:11:W2MWKUP_DONE0_IRQHandler	8	static
../startup/startup_rw612.c:968:11:W2MWKUP_DONE1_IRQHandler	8	static
../startup/startup_rw612.c:972:11:W2MWKUP_DONE2_IRQHandler	8	static
../startup/startup_rw612.c:976:11:W2MWKUP_DONE3_IRQHandler	8	static
../startup/startup_rw612.c:980:11:W2MWKUP_DONE4_IRQHandler	8	static
../startup/startup_rw612.c:984:11:W2MWKUP_DONE5_IRQHandler	8	static
../startup/startup_rw612.c:988:11:W2MWKUP_DONE6_IRQHandler	8	static
../startup/startup_rw612.c:992:11:W2MWKUP_DONE7_IRQHandler	8	static
../startup/startup_rw612.c:996:11:W2MWKUP0_IRQHandler	8	static
../startup/startup_rw612.c:1000:11:W2MWKUP1_IRQHandler	8	static
../startup/startup_rw612.c:1004:11:WL_MCI_INT0_IRQHandler	8	static
../startup/startup_rw612.c:1008:11:WL_MCI_INT1_IRQHandler	8	static
../startup/startup_rw612.c:1012:11:WL_MCI_INT2_IRQHandler	8	static
../startup/startup_rw612.c:1016:11:WL_MCI_INT3_IRQHandler	8	static
../startup/startup_rw612.c:1020:11:WL_MCI_INT4_IRQHandler	8	static
../startup/startup_rw612.c:1024:11:WL_MCI_INT5_IRQHandler	8	static
../startup/startup_rw612.c:1028:11:WL_MCI_INT6_IRQHandler	8	static
../startup/startup_rw612.c:1032:11:WL_MCI_INT7_IRQHandler	8	static
../startup/startup_rw612.c:1036:11:B2MWKUP_DONE0_IRQHandler	8	static
../startup/startup_rw612.c:1040:11:B2MWKUP_DONE1_IRQHandler	8	static
../startup/startup_rw612.c:1044:11:B2MWKUP_DONE2_IRQHandler	8	static
../startup/startup_rw612.c:1048:11:B2MWKUP_DONE3_IRQHandler	8	static
../startup/startup_rw612.c:1052:11:B2MWKUP_DONE4_IRQHandler	8	static
../startup/startup_rw612.c:1056:11:B2MWKUP_DONE5_IRQHandler	8	static
../startup/startup_rw612.c:1060:11:B2MWKUP_DONE6_IRQHandler	8	static
../startup/startup_rw612.c:1064:11:B2MWKUP_DONE7_IRQHandler	8	static
../startup/startup_rw612.c:1068:11:B2MWKUP0_IRQHandler	8	static
../startup/startup_rw612.c:1072:11:B2MWKUP1_IRQHandler	8	static
../startup/startup_rw612.c:1076:11:BLE_MCI_INT0_IRQHandler	8	static
../startup/startup_rw612.c:1080:11:BLE_MCI_INT1_IRQHandler	8	static
../startup/startup_rw612.c:1084:11:BLE_MCI_INT2_IRQHandler	8	static
../startup/startup_rw612.c:1088:11:BLE_MCI_INT3_IRQHandler	8	static
../startup/startup_rw612.c:1092:11:BLE_MCI_INT4_IRQHandler	8	static
../startup/startup_rw612.c:1096:11:BLE_MCI_INT5_IRQHandler	8	static
../startup/startup_rw612.c:1100:11:BLE_MCI_INT6_IRQHandler	8	static
../startup/startup_rw612.c:1104:11:BLE_MCI_INT7_IRQHandler	8	static
../startup/startup_rw612.c:1108:11:PIN0_INT_IRQHandler	8	static
../startup/startup_rw612.c:1112:11:PIN1_INT_IRQHandler	8	static
../startup/startup_rw612.c:1116:11:ELS_IRQHandler	8	static
../startup/startup_rw612.c:1120:11:ELS_GDET_IRQHandler	8	static
../startup/startup_rw612.c:1124:11:ELS_GDET_UM_IRQHandler	8	static
../startup/startup_rw612.c:1128:11:PKC_INT_IRQHandler	8	static
../startup/startup_rw612.c:1132:11:PKC_ERR_IRQHandler	8	static
../startup/startup_rw612.c:1136:11:CDOG_INT_IRQHandler	8	static
../startup/startup_rw612.c:1140:11:GAU_DAC_IRQHandler	8	static
../startup/startup_rw612.c:1144:11:GAU_ACOMP_WKUP_IRQHandler	8	static
../startup/startup_rw612.c:1148:11:GAU_ACOMP_IRQHandler	8	static
../startup/startup_rw612.c:1152:11:GAU_ADC1_IRQHandler	8	static
../startup/startup_rw612.c:1156:11:GAU_ADC0_IRQHandler	8	static
../startup/startup_rw612.c:1160:11:USIM_IRQHandler	8	static
../startup/startup_rw612.c:1164:11:OTP_IRQHandler	8	static
../startup/startup_rw612.c:1168:11:ENET_IRQHandler	8	static
../startup/startup_rw612.c:1172:11:ENET_TIMER_IRQHandler	8	static
../startup/startup_rw612.c:1176:11:PMIP_IRQHandler	8	static
../startup/startup_rw612.c:1180:11:PMIP_CHANGE_IRQHandler	8	static
../startup/startup_rw612.c:1184:11:ITRC_IRQHandler	8	static
../startup/startup_rw612.c:1188:11:Reserved136_IRQHandler	8	static
../startup/startup_rw612.c:1192:11:Reserved137_IRQHandler	8	static
../startup/startup_rw612.c:1196:11:Reserved138_IRQHandler	8	static
../startup/startup_rw612.c:1200:11:TRNG_IRQHandler	8	static
../startup/startup_rw612.c:1204:11:ACC_C_INT_IRQHandler	8	static
../startup/startup_rw612.c:1208:11:ACC_S_INT_IRQHandler	8	static
../startup/startup_rw612.c:1212:11:WACC_IRQHandler	8	static
../startup/startup_rw612.c:1216:11:BACC_IRQHandler	8	static
../startup/startup_rw612.c:1220:11:GDMA_IRQHandler	8	static
